// Vitest Snapshot v1, https://vitest.dev/guide/snapshot.html

exports[`WhyArchLucidPage (proof page snapshot) > matches the rendered layout snapshot for the demo tenant 1`] = `
<div
  aria-busy="false"
  class="w-full max-w-[1200px] p-4 space-y-4"
  data-testid="why-archlucid-page"
>
  <div
    class="mb-6"
  >
    <header
      class="border-b border-neutral-200 pb-6 dark:border-neutral-800"
      data-nav-href="/why-archlucid"
    >
      <div
        class="space-y-2"
      >
        <div
          class="flex flex-wrap items-center gap-2"
        >
          <h1
            class="m-0 dark:text-neutral-50 text-xl font-semibold leading-7 tracking-tight text-al-text-primary"
            data-testid="why-archlucid-page-title"
          >
            Pilot proof telemetry
          </h1>
          <span
            aria-label="Status: Internal pilot proof"
            class="inline-flex max-w-full items-center rounded px-1.5 py-0.5 cursor-default select-none pointer-events-none text-[11px] font-medium leading-tight border border-neutral-200/70 border-l-[3px] dark:border-neutral-700/70 bg-[var(--al-status-neutral-bg)] text-[var(--al-status-neutral-fg)] border-l-[var(--al-status-neutral-border)] dark:border-l-[var(--al-status-neutral-border)]"
            data-testid="why-archlucid-internal-pilot-badge"
          >
            Internal pilot proof
          </span>
          <div
            class="ml-auto flex flex-wrap items-center gap-2"
          >
            <div
              data-testid="why-archlucid-page-heading-actions"
            >
              <button
                aria-expanded="false"
                aria-haspopup="dialog"
                aria-label="Help: Home"
                class="inline-flex h-8 shrink-0 items-center gap-1.5 rounded-sm px-2 text-neutral-700 transition-colors hover:bg-neutral-100 hover:text-neutral-900 focus-visible:outline-none focus-visible:ring-2 focus-visible:ring-[var(--al-accent-border-focus)] focus-visible:ring-offset-2 dark:text-neutral-300 dark:hover:bg-neutral-800 dark:hover:text-neutral-100 text-[11px] font-bold leading-[15px]"
                data-state="closed"
                data-testid="page-contextual-help-button"
                type="button"
              >
                <svg
                  aria-hidden="true"
                  class="lucide lucide-circle-question-mark h-4 w-4"
                  fill="none"
                  height="24"
                  stroke="currentColor"
                  stroke-linecap="round"
                  stroke-linejoin="round"
                  stroke-width="2"
                  viewBox="0 0 24 24"
                  width="24"
                  xmlns="http://www.w3.org/2000/svg"
                >
                  <circle
                    cx="12"
                    cy="12"
                    r="10"
                  />
                  <path
                    d="M9.09 9a3 3 0 0 1 5.83 1c0 2-3 3-3 3"
                  />
                  <path
                    d="M12 17h.01"
                  />
                </svg>
                <span>
                  Home
                </span>
              </button>
            </div>
          </div>
        </div>
        <div
          class="m-0 text-[13px] font-normal leading-5 text-al-text-primary"
        >
          <span
            data-testid="why-archlucid-page-orientation"
          >
            Live sponsor counters and seeded demo instrumentation for pilots — not the public marketing comparison page.
          </span>
           
          <span
            data-testid="why-archlucid-marketing-disambiguation"
          >
            For competitive narrative, see
             
            <a
              class="inline-flex min-h-8 items-center font-medium text-[var(--al-accent-link)] underline underline-offset-2 hover:text-[var(--al-accent-link-hover)] rounded-sm focus-visible:outline-2 focus-visible:outline-offset-2 focus-visible:outline-[var(--al-accent-border-focus)]"
              href="/why"
            >
              Public differentiation (/why)
            </a>
            .
          </span>
        </div>
        <p
          class="m-0 mt-2 dark:text-neutral-400 text-xs font-normal leading-[18px] text-al-text-secondary"
          data-testid="why-archlucid-claim-discipline"
        >
          This Why ArchLucid page is a demo over sample data and seeded outputs — not production audit records. Open the public /why comparison, Assurance status, or a finalized review record when you need real evidence.
        </p>
      </div>
      <div
        class="mt-4"
      >
        <div
          class="rounded border px-3 py-2 text-sm border-neutral-200 bg-neutral-50 text-neutral-800 dark:border-neutral-700 dark:bg-neutral-900/50 dark:text-neutral-200"
          data-testid="why-archlucid-universe-banner"
          data-why-archlucid-universe="contoso"
          data-why-archlucid-universe-fail-closed="false"
          role="status"
        >
          <p
            class="font-semibold"
            data-testid="why-archlucid-universe-banner-title"
          >
            Retail baseline sample — pilot proof telemetry
          </p>
        </div>
        <p
          class="mt-3 text-[13px] font-normal leading-5 text-al-text-primary"
          data-testid="why-archlucid-universe-lead"
        >
          See how ArchLucid turns architecture review into an export-ready decision package — sponsor report, finalized review record, evidence trail, governance approval, and audit record — using the Retail baseline sample workspace as a walkthrough.
        </p>
      </div>
    </header>
  </div>
  <div
    class="flex flex-wrap items-center gap-3"
    data-testid="why-archlucid-primary-cta-row"
  >
    <a
      class="inline-flex items-center justify-center gap-2 whitespace-nowrap transition-colors focus-visible:outline-none focus-visible:ring-2 focus-visible:ring-offset-2 disabled:pointer-events-none disabled:opacity-50 text-[11px] font-bold leading-[15px] bg-[var(--al-primary-action-bg)] text-[var(--al-primary-action-fg)] hover:bg-[var(--al-primary-action-bg-hover)] focus-visible:ring-[var(--al-primary-action-ring)] h-10 rounded-md px-6"
      data-testid="why-archlucid-primary-cta"
      href="/architecture/reviews/6e8c4a102b1f4c9a9d3e10b2a4f0c501"
    >
      Open sample architecture package
    </a>
  </div>
  <section
    aria-labelledby="why-archlucid-counters-heading"
    class="space-y-3 rounded border border-neutral-200 bg-white p-4 dark:border-neutral-800 dark:bg-neutral-950/40"
    data-testid="why-archlucid-counters"
  >
    <h2
      class="text-lg font-semibold leading-[26px] text-al-text-primary"
      id="why-archlucid-counters-heading"
    >
      Process counters
    </h2>
    <p
      class="text-xs font-normal leading-[18px] text-al-text-secondary"
    >
      Host-cumulative process totals since this API replica started. Persisted snapshot and single-review figures below use narrower scopes and may differ.
    </p>
    <div
      class="grid grid-cols-1 gap-4 sm:grid-cols-2 lg:grid-cols-4"
    >
      <div
        aria-label="Architecture reviews created (host scope)"
        class="rounded border border-neutral-200 bg-white p-3 dark:border-neutral-800 dark:bg-neutral-950"
        role="group"
      >
        <p
          class="text-xs font-semibold leading-4 text-al-text-primary text-al-text-secondary"
        >
          Architecture reviews created (host scope)
        </p>
        <p
          class="mt-1 text-3xl font-semibold tabular-nums tracking-tight text-al-text-primary"
        >
          7
        </p>
        <p
          class="mt-1 text-xs font-normal leading-[18px] text-al-text-secondary"
        >
          Reviews created since this API host started
        </p>
      </div>
      <div
        aria-label="Est. manual hours saved (host scope)"
        class="rounded border border-neutral-200 bg-white p-3 dark:border-neutral-800 dark:bg-neutral-950"
        role="group"
      >
        <p
          class="text-xs font-semibold leading-4 text-al-text-primary text-al-text-secondary"
        >
          Est. manual hours saved (host scope)
        </p>
        <p
          class="mt-1 text-xs font-normal leading-[18px] text-al-text-secondary"
        >
          0.00
        </p>
        <p
          class="mt-1 text-xs font-normal leading-[18px] text-al-text-secondary"
        >
          Not yet estimated — requires a completed review in scope
        </p>
      </div>
      <div
        aria-label="Audit trail rows (host scope)"
        class="rounded border border-neutral-200 bg-white p-3 dark:border-neutral-800 dark:bg-neutral-950"
        role="group"
      >
        <p
          class="text-xs font-semibold leading-4 text-al-text-primary text-al-text-secondary"
        >
          Audit trail rows (host scope)
        </p>
        <p
          class="mt-1 text-3xl font-semibold tabular-nums tracking-tight text-al-text-primary"
        >
          12
        </p>
        <p
          class="mt-1 text-xs font-normal leading-[18px] text-al-text-secondary"
        >
          Audit trail rows counted across the host process lifetime
        </p>
      </div>
      <div
        aria-label="Findings (host scope, all severities)"
        class="rounded border border-neutral-200 bg-white p-3 dark:border-neutral-800 dark:bg-neutral-950"
        role="group"
      >
        <p
          class="text-xs font-semibold leading-4 text-al-text-primary text-al-text-secondary"
        >
          Findings (host scope, all severities)
        </p>
        <p
          class="mt-1 text-3xl font-semibold tabular-nums tracking-tight text-al-text-primary"
        >
          6
        </p>
        <p
          class="mt-1 text-xs font-normal leading-[18px] text-al-text-secondary"
        >
          Findings produced across all reviews since host start
        </p>
      </div>
      <div
        class="lg:col-span-4"
      >
        <h3
          class="mb-2 text-[15px] font-semibold leading-[22px] text-al-text-primary"
        >
          By severity
        </h3>
        <ul
          class="grid grid-cols-2 gap-2 sm:grid-cols-4"
        >
          <li
            class="rounded border border-neutral-200 bg-neutral-50 px-2 py-1 dark:border-neutral-800 dark:bg-neutral-900 text-xs font-normal leading-[18px] text-al-text-secondary"
          >
            <span
              class="font-medium text-al-text-primary"
            >
              Critical
            </span>
             
            <span
              class="text-al-text-secondary"
            >
              — 
              1
            </span>
          </li>
          <li
            class="rounded border border-neutral-200 bg-neutral-50 px-2 py-1 dark:border-neutral-800 dark:bg-neutral-900 text-xs font-normal leading-[18px] text-al-text-secondary"
          >
            <span
              class="font-medium text-al-text-primary"
            >
              High
            </span>
             
            <span
              class="text-al-text-secondary"
            >
              — 
              2
            </span>
          </li>
          <li
            class="rounded border border-neutral-200 bg-neutral-50 px-2 py-1 dark:border-neutral-800 dark:bg-neutral-900 text-xs font-normal leading-[18px] text-al-text-secondary"
          >
            <span
              class="font-medium text-al-text-primary"
            >
              Medium
            </span>
             
            <span
              class="text-al-text-secondary"
            >
              — 
              3
            </span>
          </li>
        </ul>
      </div>
      <p
        class="lg:col-span-4 text-xs font-normal leading-[18px] text-al-text-secondary"
      >
        Snapshot generated 
        Apr 20, 2026, 12:00 PM UTC
         ·
         
        <code
          class="break-all rounded bg-neutral-100 px-1 font-mono dark:bg-neutral-800 text-xs font-normal leading-[18px] text-al-text-secondary"
        >
          6e8c4a102b1f4c9a9d3e10b2a4f0c501
        </code>
      </p>
    </div>
    <div
      class="space-y-3 border-t border-neutral-200 pt-4 dark:border-neutral-800"
      data-testid="why-archlucid-measured-context"
    >
      <h3
        class="text-[15px] font-semibold leading-[22px] text-al-text-primary"
        id="why-archlucid-measured-context-heading"
      >
        Pilot cost guidance
      </h3>
      <p
        class="text-xs font-normal leading-[18px] text-al-text-secondary"
      >
        Tenant tier and monthly spend band when configured. Planning guidance only — not an invoice.
      </p>
      <dl
        class="grid grid-cols-1 gap-2 sm:grid-cols-2 text-[13px] font-normal leading-5 text-al-text-primary"
      >
        <div>
          <dt
            class="text-xs font-normal leading-[18px] text-al-text-secondary"
          >
            Tier
          </dt>
          <dd
            class="font-medium text-al-text-primary"
          >
            Standard
          </dd>
        </div>
        <div>
          <dt
            class="text-xs font-normal leading-[18px] text-al-text-secondary"
          >
            Monthly band (
            USD
            )
          </dt>
          <dd
            class="font-medium tabular-nums text-al-text-primary"
          >
            10
             — 
            50
          </dd>
        </div>
      </dl>
      <p
        class="text-xs font-normal leading-[18px] text-al-text-secondary"
      >
        Process counters are cumulative since this API replica started.
      </p>
    </div>
  </section>
  <section
    aria-labelledby="why-archlucid-sponsor-pack-heading"
    class="space-y-3 rounded border border-neutral-200 bg-white p-4 dark:border-neutral-800 dark:bg-neutral-950/40"
    data-testid="why-archlucid-sponsor-pack"
  >
    <div>
      <h2
        class="text-lg font-semibold leading-[26px] text-al-text-primary"
        id="why-archlucid-sponsor-pack-heading"
      >
        Sponsor KPI evidence pack
      </h2>
      <p
        class="text-xs font-normal leading-[18px] text-al-text-secondary"
        data-testid="why-archlucid-sponsor-pack-source"
      >
        Aggregated proof from the evidence pack service — paired with the sample Retail baseline review below.
      </p>
    </div>
    <div
      class="space-y-4"
    >
      <p
        class="text-xs font-normal leading-[18px] text-al-text-secondary"
      >
        Generated 
        Apr 28, 2026, 1:02 AM UTC
         ·
         
        <code
          class="break-all rounded bg-neutral-100 px-1 font-mono dark:bg-neutral-800 text-xs font-normal leading-[18px] text-al-text-secondary"
        >
          6e8c4a102b1f4c9a9d3e10b2a4f0c501
        </code>
         · telemetry slice matches the host process counters (
        7
         reviews tracked).
      </p>
      <div
        class="grid grid-cols-1 gap-3 sm:grid-cols-2"
      >
        <div
          class="rounded border border-neutral-200 bg-neutral-50 p-3 dark:border-neutral-800 dark:bg-neutral-900/60"
        >
          <p
            class="text-xs font-semibold leading-4 text-al-text-primary text-al-text-secondary"
          >
            Explainability trace
          </p>
          <p
            class="mt-2 text-3xl font-semibold tabular-nums tracking-tight text-al-text-primary"
          >
            42.0%
          </p>
          <p
            class="mt-1 text-xs font-normal leading-[18px] text-al-text-secondary"
          >
            Share of explainability fields populated in the persisted evidence snapshot (100% = all tracked fields present)
          </p>
          <p
            class="mt-2 text-xs font-normal leading-[18px] text-al-text-secondary"
          >
            2
             
            findings in the persisted evidence snapshot
          </p>
        </div>
        <div
          class="rounded border border-neutral-200 bg-neutral-50 p-3 dark:border-neutral-800 dark:bg-neutral-900/60"
        >
          <p
            class="text-xs font-semibold leading-4 text-al-text-primary text-al-text-secondary"
          >
            Governance outcomes
          </p>
          <dl
            class="mt-2 space-y-1 text-xs font-normal leading-[18px] text-al-text-secondary"
          >
            <div
              class="flex justify-between gap-2"
            >
              <dt
                class="text-al-text-secondary"
              >
                Pending approvals
              </dt>
              <dd
                class="font-medium tabular-nums text-al-text-primary"
              >
                0
              </dd>
            </div>
            <div
              class="flex justify-between gap-2"
            >
              <dt
                class="text-al-text-secondary"
              >
                Recent decisions
              </dt>
              <dd
                class="font-medium tabular-nums text-al-text-primary"
              >
                1
              </dd>
            </div>
            <div
              class="flex justify-between gap-2"
            >
              <dt
                class="text-al-text-secondary"
              >
                Policy pack rows
              </dt>
              <dd
                class="font-medium tabular-nums text-al-text-primary"
              >
                0
              </dd>
            </div>
          </dl>
        </div>
      </div>
      <div
        class="rounded border border-neutral-200 bg-neutral-50 p-3 dark:border-neutral-800 dark:bg-neutral-900/50"
      >
        <p
          class="text-xs font-semibold leading-4 text-al-text-primary text-al-text-secondary"
        >
          Value-report delta
        </p>
        <dl
          class="mt-2 grid grid-cols-2 gap-x-4 gap-y-1 sm:grid-cols-4 text-xs font-normal leading-[18px] text-al-text-secondary"
        >
          <div>
            <dt
              class="text-al-text-secondary"
            >
              Wall to finalize
            </dt>
            <dd
              class="font-mono tabular-nums text-al-text-primary"
            >
              812.3
               
              s
            </dd>
          </div>
          <div>
            <dt
              class="text-al-text-secondary"
            >
              LLM calls
            </dt>
            <dd
              class="tabular-nums text-al-text-primary"
            >
              3
            </dd>
          </div>
          <div>
            <dt
              class="text-al-text-secondary"
            >
              Audit trail rows (this demo review)
            </dt>
            <dd
              class="tabular-nums text-al-text-primary"
            >
              5
            </dd>
          </div>
          <div>
            <dt
              class="text-al-text-secondary"
            >
              Demo watermark
            </dt>
            <dd
              class="text-al-text-primary"
            >
              Demo seeded
            </dd>
          </div>
        </dl>
        <div
          class="mt-3"
        >
          <p
            class="text-xs font-normal leading-[18px] text-al-text-secondary"
          >
            Demo review histogram
          </p>
          <ul
            class="mt-2 grid grid-cols-2 gap-2 sm:grid-cols-4 text-xs font-normal leading-[18px] text-al-text-secondary"
          >
            <li
              class="rounded border border-neutral-200 bg-white px-2 py-1 dark:border-neutral-800 dark:bg-neutral-950"
            >
              <span
                class="font-medium text-al-text-primary"
              >
                High
              </span>
               · 
              1
            </li>
            <li
              class="rounded border border-neutral-200 bg-white px-2 py-1 dark:border-neutral-800 dark:bg-neutral-950"
            >
              <span
                class="font-medium text-al-text-primary"
              >
                Medium
              </span>
               · 
              2
            </li>
          </ul>
        </div>
      </div>
    </div>
  </section>
  <section
    aria-labelledby="why-archlucid-report-heading"
    class="space-y-3 rounded border border-neutral-200 bg-white p-4 dark:border-neutral-800 dark:bg-neutral-950/40"
    data-testid="why-archlucid-first-value-report"
  >
    <h2
      class="text-lg font-semibold leading-[26px] text-al-text-primary"
      id="why-archlucid-report-heading"
    >
      Sponsor first-value report
    </h2>
    <p
      class="text-xs font-normal leading-[18px] text-al-text-secondary"
      data-testid="why-archlucid-report-helper"
    >
      Sponsor-facing markdown generated from the committed Retail baseline demo review.
    </p>
    <pre
      aria-label="Sponsor first-value report body"
      class="max-h-[480px] overflow-auto whitespace-pre-wrap rounded border border-neutral-200 bg-neutral-50 p-3 focus-visible:outline-2 focus-visible:outline-offset-2 focus-visible:outline-[var(--al-accent-border-focus)] dark:border-neutral-800 dark:bg-neutral-900 text-[13px] font-normal leading-5 text-al-text-primary"
      data-testid="why-archlucid-first-value-report-body"
      role="region"
      tabindex="0"
    >
      # ArchLucid — first value report (pilot)

Demo body.
    </pre>
  </section>
  <section
    aria-labelledby="why-archlucid-explanation-heading"
    class="space-y-3 rounded border border-neutral-200 bg-white p-4 dark:border-neutral-800 dark:bg-neutral-950/40"
    data-testid="why-archlucid-run-explanation"
  >
    <h2
      class="text-lg font-semibold leading-[26px] text-al-text-primary"
      id="why-archlucid-explanation-heading"
    >
      Architecture review explanation and citations
    </h2>
    <p
      class="text-xs font-normal leading-[18px] text-al-text-secondary"
    >
      Aggregate sponsor explanation persisted with the architecture review, with citations back to the Finalized review record, findings, decision traces, and evidence bundles that the explainability trace was built from.
    </p>
    <div
      class="space-y-4"
    >
      <dl
        class="grid grid-cols-2 gap-2 sm:grid-cols-4 text-[13px] font-normal leading-5 text-al-text-primary"
      >
        <div
          class="rounded border border-neutral-200 bg-white p-2 dark:border-neutral-800 dark:bg-neutral-950"
        >
          <p
            class="text-xs font-semibold leading-4 text-al-text-primary uppercase tracking-wide text-al-text-secondary"
          >
            Findings
          </p>
          <p
            class="tabular-nums text-[13px] font-normal leading-5 text-al-text-primary"
          >
            6
          </p>
        </div>
        <div
          class="rounded border border-neutral-200 bg-white p-2 dark:border-neutral-800 dark:bg-neutral-950"
        >
          <p
            class="text-xs font-semibold leading-4 text-al-text-primary uppercase tracking-wide text-al-text-secondary"
          >
            Decisions
          </p>
          <p
            class="tabular-nums text-[13px] font-normal leading-5 text-al-text-primary"
          >
            4
          </p>
        </div>
        <div
          class="rounded border border-neutral-200 bg-white p-2 dark:border-neutral-800 dark:bg-neutral-950"
        >
          <p
            class="text-xs font-semibold leading-4 text-al-text-primary uppercase tracking-wide text-al-text-secondary"
          >
            Unresolved
          </p>
          <p
            class="tabular-nums text-[13px] font-normal leading-5 text-al-text-primary"
          >
            1
          </p>
        </div>
        <div
          class="rounded border border-neutral-200 bg-white p-2 dark:border-neutral-800 dark:bg-neutral-950"
        >
          <p
            class="text-xs font-semibold leading-4 text-al-text-primary uppercase tracking-wide text-al-text-secondary"
          >
            Compliance gaps
          </p>
          <p
            class="tabular-nums text-[13px] font-normal leading-5 text-al-text-primary"
          >
            0
          </p>
        </div>
      </dl>
      <div
        class="rounded border border-neutral-200 bg-white p-3 dark:border-neutral-800 dark:bg-neutral-950"
      >
        <h3
          class="text-[15px] font-semibold leading-[22px] text-al-text-primary"
        >
          Overall assessment
        </h3>
        <p
          class="mt-1 text-[13px] font-normal leading-5 text-al-text-primary"
        >
          Healthy baseline with two open mediums.
        </p>
        <p
          class="mt-1 text-xs font-normal leading-[18px] text-al-text-secondary"
        >
          Risk posture: 
          <code>
            Moderate
          </code>
        </p>
      </div>
      <div>
        <h3
          class="text-[15px] font-semibold leading-[22px] text-al-text-primary"
        >
          Themes
        </h3>
        <ul
          class="mt-1 list-disc pl-5 text-[13px] font-normal leading-5 text-al-text-primary"
        >
          <li>
            Theme A
          </li>
          <li>
            Theme B
          </li>
        </ul>
      </div>
      <div
        data-testid="why-archlucid-citations"
      >
        <h3
          class="text-[15px] font-semibold leading-[22px] text-al-text-primary"
        >
          Citations (
          2
          )
        </h3>
        <ul
          class="mt-1 space-y-1 text-[13px] font-normal leading-5 text-al-text-primary"
        >
          <li
            class="font-mono text-[11px] font-normal leading-[15px] text-al-text-secondary"
          >
            <span
              class="rounded bg-neutral-100 px-1 py-0.5 text-al-text-primary dark:bg-neutral-800"
            >
              Finalized review record
            </span>
             
            <span>
              contoso-baseline-v1
            </span>
             
            <span
              class="text-al-text-secondary"
            >
              (
              m-1
              )
            </span>
          </li>
          <li
            class="font-mono text-[11px] font-normal leading-[15px] text-al-text-secondary"
          >
            <span
              class="rounded bg-neutral-100 px-1 py-0.5 text-al-text-primary dark:bg-neutral-800"
            >
              Finding
            </span>
             
            <span>
              Public storage
            </span>
             
            <span
              class="text-al-text-secondary"
            >
              (
              f-1
              )
            </span>
          </li>
        </ul>
      </div>
    </div>
  </section>
  <footer
    class="border-t border-neutral-200 pt-3 dark:border-neutral-800 text-xs font-normal leading-[18px] text-al-text-secondary"
    data-testid="why-archlucid-page-footer"
  >
    Aggregated sponsor-facing proof from measured ROI, sponsor evidence pack, value report, and aggregate explanation services.
     
    <a
      class="font-medium text-al-text-primary underline decoration-al-text-secondary/35 underline-offset-2 hover:text-[var(--al-accent-link)] hover:decoration-[var(--al-accent-link)] rounded-sm focus-visible:outline-2 focus-visible:outline-offset-2 focus-visible:outline-[var(--al-accent-border-focus)]"
      href="/help/sponsor-report"
    >
      Sponsor brief
    </a>
     · 
    <a
      class="font-medium text-al-text-primary underline decoration-al-text-secondary/35 underline-offset-2 hover:text-[var(--al-accent-link)] hover:decoration-[var(--al-accent-link)] rounded-sm focus-visible:outline-2 focus-visible:outline-offset-2 focus-visible:outline-[var(--al-accent-border-focus)]"
      href="/get-started"
    >
      Getting started
    </a>
     · 
    <a
      class="font-medium text-al-text-primary underline decoration-al-text-secondary/35 underline-offset-2 hover:text-[var(--al-accent-link)] hover:decoration-[var(--al-accent-link)] rounded-sm focus-visible:outline-2 focus-visible:outline-offset-2 focus-visible:outline-[var(--al-accent-border-focus)]"
      href="/trust"
    >
      Trust center
    </a>
  </footer>
</div>
`;
