// Vitest Snapshot v1, https://vitest.dev/guide/snapshot.html

exports[`SponsorRoiSavingsTrendSvgChart > matches snapshot for six monthly savings points 1`] = `
<svg
  aria-label="Estimated USD savings by month"
  class="min-h-[160px] w-full"
  data-testid="exec-roi-trend-svg-chart"
  role="img"
  viewBox="0 0 400 160"
>
  <g>
    <line
      class="stroke-neutral-200 dark:stroke-neutral-700"
      stroke-width="1"
      x1="44"
      x2="392"
      y1="132"
      y2="132"
    />
    <text
      class="fill-neutral-500 text-[9px] dark:fill-neutral-400"
      text-anchor="end"
      x="38"
      y="136"
    >
      $0
    </text>
  </g>
  <g>
    <line
      class="stroke-neutral-200 dark:stroke-neutral-700"
      stroke-width="1"
      x1="44"
      x2="392"
      y1="90.6616504854369"
      y2="90.6616504854369"
    />
    <text
      class="fill-neutral-500 text-[9px] dark:fill-neutral-400"
      text-anchor="end"
      x="38"
      y="94.6616504854369"
    >
      $3k
    </text>
  </g>
  <g>
    <line
      class="stroke-neutral-200 dark:stroke-neutral-700"
      stroke-width="1"
      x1="44"
      x2="392"
      y1="49.338349514563106"
      y2="49.338349514563106"
    />
    <text
      class="fill-neutral-500 text-[9px] dark:fill-neutral-400"
      text-anchor="end"
      x="38"
      y="53.338349514563106"
    >
      $5k
    </text>
  </g>
  <g>
    <line
      class="stroke-neutral-200 dark:stroke-neutral-700"
      stroke-width="1"
      x1="44"
      x2="392"
      y1="8"
      y2="8"
    />
    <text
      class="fill-neutral-500 text-[9px] dark:fill-neutral-400"
      text-anchor="end"
      x="38"
      y="12"
    >
      $8k
    </text>
  </g>
  <g>
    <title>
      $2,000 — Jan 26
    </title>
    <rect
      class="fill-emerald-500/85"
      data-testid="exec-roi-trend-svg-bar"
      height="30.097087378640776"
      rx="2"
      width="32"
      x="57"
      y="101.90291262135922"
    />
    <text
      class="fill-neutral-500 text-[9px] dark:fill-neutral-400"
      text-anchor="middle"
      x="73"
      y="154"
    >
      Jan 26
    </text>
  </g>
  <g>
    <title>
      $4,500 — Feb 26
    </title>
    <rect
      class="fill-emerald-500/85"
      data-testid="exec-roi-trend-svg-bar"
      height="67.71844660194175"
      rx="2"
      width="32"
      x="115"
      y="64.28155339805825"
    />
    <text
      class="fill-neutral-500 text-[9px] dark:fill-neutral-400"
      text-anchor="middle"
      x="131"
      y="154"
    >
      Feb 26
    </text>
  </g>
  <g>
    <title>
      $3,000 — Mar 26
    </title>
    <rect
      class="fill-emerald-500/85"
      data-testid="exec-roi-trend-svg-bar"
      height="45.14563106796117"
      rx="2"
      width="32"
      x="173"
      y="86.85436893203882"
    />
    <text
      class="fill-neutral-500 text-[9px] dark:fill-neutral-400"
      text-anchor="middle"
      x="189"
      y="154"
    >
      Mar 26
    </text>
  </g>
  <g>
    <title>
      $8,240 — Apr 26
    </title>
    <rect
      class="fill-emerald-500/85"
      data-testid="exec-roi-trend-svg-bar"
      height="124"
      rx="2"
      width="32"
      x="231"
      y="8"
    />
    <text
      class="fill-neutral-500 text-[9px] dark:fill-neutral-400"
      text-anchor="middle"
      x="247"
      y="154"
    >
      Apr 26
    </text>
  </g>
  <g>
    <title>
      $6,100 — May 26
    </title>
    <rect
      class="fill-emerald-500/85"
      data-testid="exec-roi-trend-svg-bar"
      height="91.79611650485437"
      rx="2"
      width="32"
      x="289"
      y="40.20388349514563"
    />
    <text
      class="fill-neutral-500 text-[9px] dark:fill-neutral-400"
      text-anchor="middle"
      x="305"
      y="154"
    >
      May 26
    </text>
  </g>
  <g>
    <title>
      $7,200 — Jun 26
    </title>
    <rect
      class="fill-emerald-500/85"
      data-testid="exec-roi-trend-svg-bar"
      height="108.3495145631068"
      rx="2"
      width="32"
      x="347"
      y="23.650485436893206"
    />
    <text
      class="fill-neutral-500 text-[9px] dark:fill-neutral-400"
      text-anchor="middle"
      x="363"
      y="154"
    >
      Jun 26
    </text>
  </g>
</svg>
`;
