// Vitest Snapshot v1, https://vitest.dev/guide/snapshot.html

exports[`WhyArchlucidMarketingView > matches snapshot (marketing /why layout + proof pack download) 1`] = `
<main
  class="mx-auto w-full max-w-6xl px-4 py-10 sm:px-6 sm:py-12 marketing-reveal-in"
  id="main-content"
  tabindex="-1"
>
  <section
    aria-labelledby="why-hero-heading"
    class="relative w-full border-b border-neutral-200 bg-neutral-50/80 dark:border-neutral-800 dark:bg-neutral-950/60 marketing-reveal-in"
    data-testid="why-hero-band"
  >
    <div
      class="mx-auto w-full max-w-6xl px-4 py-12 sm:px-6 sm:py-16 lg:py-20"
    >
      <div
        class="grid gap-10 lg:grid-cols-[minmax(0,1.1fr)_minmax(0,0.9fr)] lg:items-center lg:gap-12"
      >
        <div>
          <p
            class="text-xs font-normal leading-[18px] text-al-text-secondary font-semibold uppercase tracking-wide text-teal-900 dark:text-teal-200"
            data-testid="why-brand-category-eyebrow"
          >
            Architecture Proof Engine
          </p>
          <h1
            class="mt-3 text-3xl font-semibold leading-tight tracking-tight text-al-text-primary sm:text-4xl lg:text-5xl"
            id="why-hero-heading"
          >
            Why ArchLucid
          </h1>
          <p
            class="mt-4 max-w-3xl text-[17px] leading-7 text-neutral-700 sm:text-lg sm:leading-8 dark:text-neutral-300"
            data-testid="why-hero-pitch"
          >
            Governed architecture reviews with traceable evidence, signed decisions, and audit-ready exports — not another chat box.
          </p>
          <div
            class="mt-8 flex flex-col gap-3 sm:flex-row sm:flex-wrap sm:items-center"
            data-testid="why-hero-cta-row"
          >
            <a
              class="inline-flex items-center justify-center gap-2 whitespace-nowrap transition-colors focus-visible:outline-none focus-visible:ring-2 focus-visible:ring-offset-2 disabled:pointer-events-none disabled:opacity-50 font-semibold bg-[var(--al-primary-action-bg)] text-[var(--al-primary-action-fg)] hover:bg-[var(--al-primary-action-bg-hover)] focus-visible:ring-[var(--al-primary-action-ring)] h-10 rounded-md px-6 text-[15px]"
              data-testid="why-hero-primary-cta"
              href="/see-it"
            >
              See a finalized sample review
            </a>
            <a
              class="inline-flex items-center justify-center gap-2 whitespace-nowrap transition-colors focus-visible:outline-none focus-visible:ring-2 focus-visible:ring-[var(--al-accent-border-focus)] focus-visible:ring-offset-2 disabled:pointer-events-none disabled:opacity-50 font-semibold border border-neutral-300 bg-white text-neutral-900 hover:bg-neutral-100 dark:border-neutral-600 dark:bg-neutral-900 dark:text-neutral-100 dark:hover:bg-neutral-800 h-10 rounded-md px-6 text-[15px]"
              data-testid="why-hero-secondary-cta"
              href="/signup"
            >
              Start your evaluation
            </a>
          </div>
        </div>
        <a
          aria-label="See a finalized sample review — open the public proof slice"
          class="group block overflow-hidden rounded-lg border border-neutral-200 bg-al-surface-raised text-left shadow-sm transition-shadow hover:shadow-md focus-visible:outline-none focus-visible:ring-2 focus-visible:ring-teal-600 focus-visible:ring-offset-2 dark:border-neutral-700 dark:bg-neutral-900 marketing-hero-visual"
          data-testid="why-hero-proof-card"
          href="/see-it"
        >
          <div
            class="relative aspect-[16/10] w-full bg-neutral-100 dark:bg-neutral-950"
          >
            <img
              alt="ArchLucid operator Home showing a finalized architecture review workspace"
              class="object-cover object-top"
              data-nimg="fill"
              data-testid="why-hero-product-screenshot"
              decoding="async"
              sizes="(min-width: 1024px) 40vw, 100vw"
              src="/_next/image?url=%2Fmarketing%2Fwhy%2Fwhy-hero-operator-home-2026-08.png&w=3840&q=75"
              srcset="/_next/image?url=%2Fmarketing%2Fwhy%2Fwhy-hero-operator-home-2026-08.png&w=256&q=75 256w, /_next/image?url=%2Fmarketing%2Fwhy%2Fwhy-hero-operator-home-2026-08.png&w=384&q=75 384w, /_next/image?url=%2Fmarketing%2Fwhy%2Fwhy-hero-operator-home-2026-08.png&w=640&q=75 640w, /_next/image?url=%2Fmarketing%2Fwhy%2Fwhy-hero-operator-home-2026-08.png&w=750&q=75 750w, /_next/image?url=%2Fmarketing%2Fwhy%2Fwhy-hero-operator-home-2026-08.png&w=828&q=75 828w, /_next/image?url=%2Fmarketing%2Fwhy%2Fwhy-hero-operator-home-2026-08.png&w=1080&q=75 1080w, /_next/image?url=%2Fmarketing%2Fwhy%2Fwhy-hero-operator-home-2026-08.png&w=1200&q=75 1200w, /_next/image?url=%2Fmarketing%2Fwhy%2Fwhy-hero-operator-home-2026-08.png&w=1920&q=75 1920w, /_next/image?url=%2Fmarketing%2Fwhy%2Fwhy-hero-operator-home-2026-08.png&w=2048&q=75 2048w, /_next/image?url=%2Fmarketing%2Fwhy%2Fwhy-hero-operator-home-2026-08.png&w=3840&q=75 3840w"
              style="position: absolute; height: 100%; width: 100%; left: 0px; top: 0px; right: 0px; bottom: 0px; color: transparent;"
            />
          </div>
          <div
            class="border-t border-neutral-200 px-4 py-3 dark:border-neutral-800"
          >
            <p
              class="m-0 text-[15px] font-normal leading-6 text-al-text-secondary"
            >
              Healthcare Claims intake modernization — sample review with findings, approvals, and evidence trail
            </p>
            <p
              class="m-0 mt-2 underline underline-offset-2 hover:text-[var(--al-accent-link-hover)] text-[15px] font-normal leading-6 text-al-text-secondary"
            >
              Inspect the full sample review →
            </p>
          </div>
        </a>
      </div>
    </div>
  </section>
  <section
    class="mt-12 rounded-xl border border-neutral-200 border-l-4 border-l-[var(--al-accent-interactive)] bg-al-surface-raised px-5 py-4 shadow-sm dark:border-neutral-800"
  >
    <p
      class="text-xs font-normal leading-[18px] text-al-text-secondary font-semibold uppercase tracking-wide text-teal-900 dark:text-teal-200"
    >
      First-principles outcome
    </p>
    <h2
      class="mt-2 text-2xl font-semibold leading-tight tracking-tight text-al-text-primary"
      id="why-hero-outcome-heading"
    >
      One buyer problem, one proof export
    </h2>
    <p
      class="mt-3 max-w-3xl text-[17px] font-normal leading-7 text-al-text-primary text-al-text-secondary"
      data-testid="why-outcome-led-value-proposition"
    >
      Cut architecture review cycle time with an evidence-backed proof export — sealed review record, findings, audit trail, and sponsor-ready readout — not a chat transcript.
    </p>
  </section>
  <div
    class="mt-8"
  >
    <section
      aria-label="Architecture proof chain"
      class="rounded-md border border-neutral-200 bg-al-surface-raised dark:border-neutral-800 p-5 marketing-reveal-in"
      data-testid="marketing-proof-chain-strip"
    >
      <h2
        class="m-0 text-2xl font-semibold leading-tight tracking-tight text-al-text-primary"
      >
        Why this is not a chat answer
      </h2>
      <p
        class="m-0 mt-2 max-w-3xl text-[17px] font-normal leading-7 text-al-text-primary"
      >
        Each sponsor-facing claim can trace through stored evidence, a finding, a committed review record, an exportable artifact, and durable audit metadata — not a disposable LLM thread.
      </p>
      <ol
        class="m-0 mt-6 flex list-none flex-col items-stretch gap-0 p-0 sm:flex-row sm:items-stretch sm:gap-0"
        data-testid="marketing-proof-chain-pipeline"
      >
        <li
          class="flex min-w-0 flex-1 flex-col sm:flex-row sm:items-center"
        >
          <div
            class="flex w-full flex-col items-center gap-2 rounded-lg border border-neutral-200 bg-al-surface-raised px-3 py-5 text-center dark:border-neutral-800"
            data-testid="marketing-proof-chain-step-evidence"
          >
            <span
              aria-hidden="true"
              class="flex h-12 w-12 items-center justify-center rounded-md border border-neutral-200 bg-white text-al-text-primary dark:border-neutral-700 dark:bg-neutral-950"
            >
              <svg
                aria-hidden="true"
                class="h-5 w-5"
                fill="none"
                stroke="currentColor"
                stroke-width="1.75"
                viewBox="0 0 24 24"
              >
                <path
                  d="M7 4h7l3 3v13H7V4z"
                  stroke-linecap="round"
                  stroke-linejoin="round"
                />
                <path
                  d="M14 4v3h3M9 12h6M9 16h4"
                  stroke-linecap="round"
                  stroke-linejoin="round"
                />
              </svg>
            </span>
            <span
              class="text-[15px] font-normal leading-6 text-al-text-secondary"
            >
              1
            </span>
            <span
              class="text-[15px] font-semibold leading-[22px] text-al-text-primary"
            >
              Evidence
            </span>
          </div>
          <span
            aria-hidden="true"
            class="flex shrink-0 items-center justify-center px-0 py-2 sm:px-2 sm:py-0 text-[17px] font-normal leading-7 text-al-text-primary"
          >
            <span
              class="sm:hidden"
            >
              ↓
            </span>
            <span
              class="hidden sm:inline"
            >
              →
            </span>
          </span>
        </li>
        <li
          class="flex min-w-0 flex-1 flex-col sm:flex-row sm:items-center"
        >
          <div
            class="flex w-full flex-col items-center gap-2 rounded-lg border border-neutral-200 bg-al-surface-raised px-3 py-5 text-center dark:border-neutral-800"
            data-testid="marketing-proof-chain-step-finding"
          >
            <span
              aria-hidden="true"
              class="flex h-12 w-12 items-center justify-center rounded-md border border-neutral-200 bg-white text-al-text-primary dark:border-neutral-700 dark:bg-neutral-950"
            >
              <svg
                aria-hidden="true"
                class="h-5 w-5"
                fill="none"
                stroke="currentColor"
                stroke-width="1.75"
                viewBox="0 0 24 24"
              >
                <circle
                  cx="11"
                  cy="11"
                  r="6"
                />
                <path
                  d="M16 16l4 4"
                  stroke-linecap="round"
                />
              </svg>
            </span>
            <span
              class="text-[15px] font-normal leading-6 text-al-text-secondary"
            >
              2
            </span>
            <span
              class="text-[15px] font-semibold leading-[22px] text-al-text-primary"
            >
              Finding
            </span>
          </div>
          <span
            aria-hidden="true"
            class="flex shrink-0 items-center justify-center px-0 py-2 sm:px-2 sm:py-0 text-[17px] font-normal leading-7 text-al-text-primary"
          >
            <span
              class="sm:hidden"
            >
              ↓
            </span>
            <span
              class="hidden sm:inline"
            >
              →
            </span>
          </span>
        </li>
        <li
          class="flex min-w-0 flex-1 flex-col sm:flex-row sm:items-center"
        >
          <div
            class="flex w-full flex-col items-center gap-2 rounded-lg border border-neutral-200 bg-al-surface-raised px-3 py-5 text-center dark:border-neutral-800"
            data-testid="marketing-proof-chain-step-review-record"
          >
            <span
              aria-hidden="true"
              class="flex h-12 w-12 items-center justify-center rounded-md border border-neutral-200 bg-white text-al-text-primary dark:border-neutral-700 dark:bg-neutral-950"
            >
              <svg
                aria-hidden="true"
                class="h-5 w-5"
                fill="none"
                stroke="currentColor"
                stroke-width="1.75"
                viewBox="0 0 24 24"
              >
                <rect
                  height="18"
                  rx="1.5"
                  width="14"
                  x="5"
                  y="3"
                />
                <path
                  d="M8 8h8M8 12h8M8 16h5"
                  stroke-linecap="round"
                />
              </svg>
            </span>
            <span
              class="text-[15px] font-normal leading-6 text-al-text-secondary"
            >
              3
            </span>
            <span
              class="text-[15px] font-semibold leading-[22px] text-al-text-primary"
            >
              Review record
            </span>
          </div>
          <span
            aria-hidden="true"
            class="flex shrink-0 items-center justify-center px-0 py-2 sm:px-2 sm:py-0 text-[17px] font-normal leading-7 text-al-text-primary"
          >
            <span
              class="sm:hidden"
            >
              ↓
            </span>
            <span
              class="hidden sm:inline"
            >
              →
            </span>
          </span>
        </li>
        <li
          class="flex min-w-0 flex-1 flex-col sm:flex-row sm:items-center"
        >
          <div
            class="flex w-full flex-col items-center gap-2 rounded-lg border border-neutral-200 bg-al-surface-raised px-3 py-5 text-center dark:border-neutral-800"
            data-testid="marketing-proof-chain-step-artifact"
          >
            <span
              aria-hidden="true"
              class="flex h-12 w-12 items-center justify-center rounded-md border border-neutral-200 bg-white text-al-text-primary dark:border-neutral-700 dark:bg-neutral-950"
            >
              <svg
                aria-hidden="true"
                class="h-5 w-5"
                fill="none"
                stroke="currentColor"
                stroke-width="1.75"
                viewBox="0 0 24 24"
              >
                <path
                  d="M4 8l8-4 8 4-8 4-8-4z"
                  stroke-linecap="round"
                  stroke-linejoin="round"
                />
                <path
                  d="M4 12l8 4 8-4M4 16l8 4 8-4"
                  stroke-linecap="round"
                  stroke-linejoin="round"
                />
              </svg>
            </span>
            <span
              class="text-[15px] font-normal leading-6 text-al-text-secondary"
            >
              4
            </span>
            <span
              class="text-[15px] font-semibold leading-[22px] text-al-text-primary"
            >
              Artifact
            </span>
          </div>
          <span
            aria-hidden="true"
            class="flex shrink-0 items-center justify-center px-0 py-2 sm:px-2 sm:py-0 text-[17px] font-normal leading-7 text-al-text-primary"
          >
            <span
              class="sm:hidden"
            >
              ↓
            </span>
            <span
              class="hidden sm:inline"
            >
              →
            </span>
          </span>
        </li>
        <li
          class="flex min-w-0 flex-1 flex-col sm:flex-row sm:items-center"
        >
          <div
            class="flex w-full flex-col items-center gap-2 rounded-lg border border-neutral-200 bg-al-surface-raised px-3 py-5 text-center dark:border-neutral-800"
            data-testid="marketing-proof-chain-step-audit"
          >
            <span
              aria-hidden="true"
              class="flex h-12 w-12 items-center justify-center rounded-md border border-neutral-200 bg-white text-al-text-primary dark:border-neutral-700 dark:bg-neutral-950"
            >
              <svg
                aria-hidden="true"
                class="h-5 w-5"
                fill="none"
                stroke="currentColor"
                stroke-width="1.75"
                viewBox="0 0 24 24"
              >
                <path
                  d="M12 3l7 3v5c0 4.5-3 7.5-7 9-4-1.5-7-4.5-7-9V6l7-3z"
                  stroke-linecap="round"
                  stroke-linejoin="round"
                />
                <path
                  d="M9.5 12l1.8 1.8L15 10"
                  stroke-linecap="round"
                  stroke-linejoin="round"
                />
              </svg>
            </span>
            <span
              class="text-[15px] font-normal leading-6 text-al-text-secondary"
            >
              5
            </span>
            <span
              class="text-[15px] font-semibold leading-[22px] text-al-text-primary"
            >
              Audit
            </span>
          </div>
        </li>
      </ol>
    </section>
  </div>
  <section
    aria-label="Differentiation context"
    class="mt-10"
    data-testid="why-brand-category-detail"
  >
    <p
      class="max-w-3xl text-[17px] font-normal leading-7 text-al-text-secondary"
      data-testid="why-brand-category-paragraph"
    >
      ArchLucid is an Architecture Proof Engine: Governed architecture reviews whose findings, signed decisions, and exports share one traceable evidence trail — not disposable chat output.
    </p>
    <p
      class="mt-3 max-w-3xl text-[15px] font-normal leading-6 text-al-text-secondary"
      data-testid="why-proof-scope-statement"
    >
      Proof of diligence, not a performance guarantee: every finding traces to evidence, and the finalized package is hash-verified and auditable.
    </p>
  </section>
  <section
    aria-labelledby="why-vs-chat-assistant-heading"
    class="mt-12"
    data-testid="why-vs-chat-assistant"
  >
    <h2
      class="text-2xl font-semibold leading-tight tracking-tight text-al-text-primary"
      id="why-vs-chat-assistant-heading"
    >
      vs a chat assistant (ChatGPT, Copilot, Claude)
    </h2>
    <p
      class="mt-2 max-w-3xl text-[15px] font-normal leading-6 text-al-text-secondary"
    >
      Many buyers already use a general LLM for architecture questions. ArchLucid persists a committed review, governance gate, and audit trail a session cannot replace.
    </p>
    <ul
      class="mt-4 grid gap-3 sm:grid-cols-2"
    >
      <li
        class="rounded-md border border-neutral-200 bg-al-surface-raised dark:border-neutral-800 p-4"
      >
        <p
          class="m-0 dark:text-neutral-100 text-[15px] font-semibold leading-[22px] text-al-text-primary"
        >
          Durable review artifact
        </p>
        <p
          class="m-0 mt-2 dark:text-neutral-300 text-[17px] font-normal leading-7 text-al-text-primary"
        >
          <span
            class="font-medium text-teal-800 dark:text-teal-300"
          >
            ArchLucid:
          </span>
           Committed sealed review record in SQL with review record id and audit trail
        </p>
        <p
          class="m-0 mt-1 dark:text-neutral-400 text-[15px] font-normal leading-6 text-al-text-secondary"
        >
          <span
            class="font-medium"
          >
            Typical chat:
          </span>
           Chat transcript — no durable review record tied to your tenant
        </p>
      </li>
      <li
        class="rounded-md border border-neutral-200 bg-al-surface-raised dark:border-neutral-800 p-4"
      >
        <p
          class="m-0 dark:text-neutral-100 text-[15px] font-semibold leading-[22px] text-al-text-primary"
        >
          Governance before commit
        </p>
        <p
          class="m-0 mt-2 dark:text-neutral-300 text-[17px] font-normal leading-7 text-al-text-primary"
        >
          <span
            class="font-medium text-teal-800 dark:text-teal-300"
          >
            ArchLucid:
          </span>
           Optional pre-commit gate blocks policy violations before the review record is canonical
        </p>
        <p
          class="m-0 mt-1 dark:text-neutral-400 text-[15px] font-normal leading-6 text-al-text-secondary"
        >
          <span
            class="font-medium"
          >
            Typical chat:
          </span>
           No commit boundary — advice is not gated against your policy packs
        </p>
      </li>
      <li
        class="rounded-md border border-neutral-200 bg-al-surface-raised dark:border-neutral-800 p-4"
      >
        <p
          class="m-0 dark:text-neutral-100 text-[15px] font-semibold leading-[22px] text-al-text-primary"
        >
          Evidence per finding
        </p>
        <p
          class="m-0 mt-2 dark:text-neutral-300 text-[17px] font-normal leading-7 text-al-text-primary"
        >
          <span
            class="font-medium text-teal-800 dark:text-teal-300"
          >
            ArchLucid:
          </span>
           Evidence refs and explainability traces on structured findings
        </p>
        <p
          class="m-0 mt-1 dark:text-neutral-400 text-[15px] font-normal leading-6 text-al-text-secondary"
        >
          <span
            class="font-medium"
          >
            Typical chat:
          </span>
           Hallucination risk without persisted evidence linkage
        </p>
      </li>
      <li
        class="rounded-md border border-neutral-200 bg-al-surface-raised dark:border-neutral-800 p-4"
      >
        <p
          class="m-0 dark:text-neutral-100 text-[15px] font-semibold leading-[22px] text-al-text-primary"
        >
          Sponsor export
        </p>
        <p
          class="m-0 mt-2 dark:text-neutral-300 text-[17px] font-normal leading-7 text-al-text-primary"
        >
          <span
            class="font-medium text-teal-800 dark:text-teal-300"
          >
            ArchLucid:
          </span>
           Repeatable sponsor packet and labeled ROI basis (buyer-provided / demo / not collected)
        </p>
        <p
          class="m-0 mt-1 dark:text-neutral-400 text-[15px] font-normal leading-6 text-al-text-secondary"
        >
          <span
            class="font-medium"
          >
            Typical chat:
          </span>
           Copy-paste from a session — not a bounded export package
        </p>
      </li>
      <li
        class="rounded-md border border-neutral-200 bg-al-surface-raised dark:border-neutral-800 p-4"
      >
        <p
          class="m-0 dark:text-neutral-100 text-[15px] font-semibold leading-[22px] text-al-text-primary"
        >
          Audit trail
        </p>
        <p
          class="m-0 mt-2 dark:text-neutral-300 text-[17px] font-normal leading-7 text-al-text-primary"
        >
          <span
            class="font-medium text-teal-800 dark:text-teal-300"
          >
            ArchLucid:
          </span>
           Typed AuditEvents with correlation ids for mutating API work
        </p>
        <p
          class="m-0 mt-1 dark:text-neutral-400 text-[15px] font-normal leading-6 text-al-text-secondary"
        >
          <span
            class="font-medium"
          >
            Typical chat:
          </span>
           No enterprise audit ledger for architecture review decisions
        </p>
      </li>
    </ul>
    <p
      class="mt-3 dark:text-neutral-400 text-[15px] font-normal leading-6 text-al-text-secondary"
    >
      More detail:
       
      <a
        class="font-medium text-[var(--al-accent-link)] underline underline-offset-2 hover:text-[var(--al-accent-link-hover)]"
        href="/faq"
      >
        FAQ — vs ChatGPT/Copilot
      </a>
      .
    </p>
  </section>
  <section
    aria-labelledby="why-market-landscape-heading"
    class="mt-12"
  >
    <details
      class="group rounded-lg border border-neutral-200 dark:border-neutral-800"
      data-testid="why-market-landscape-disclosure"
    >
      <summary
        class="cursor-pointer list-none px-4 py-3 font-semibold text-neutral-900 marker:content-none dark:text-neutral-100 [&::-webkit-details-marker]:hidden"
        data-testid="why-market-landscape-disclosure-trigger"
      >
        <span
          class="text-2xl font-semibold leading-tight tracking-tight text-al-text-primary"
        >
          More comparisons: adjacent tooling landscape
        </span>
      </summary>
      <div
        class="border-t border-neutral-200 px-4 pb-4 pt-3 dark:border-neutral-800"
      >
        <p
          class="max-w-3xl dark:text-neutral-400 text-[15px] font-normal leading-6 text-al-text-secondary"
        >
          Summarized wording only — citations and benchmark detail are included in the marketing overview PDF linked from this page.
        </p>
        <div
          class="mt-4 overflow-x-auto rounded-lg border border-neutral-200 dark:border-neutral-800"
        >
          <table
            class="w-full min-w-[60rem] border-collapse text-left text-[15px] font-normal leading-6 text-al-text-secondary"
            data-testid="why-market-landscape-mini-table"
          >
            <thead>
              <tr
                class="border-b border-neutral-200 bg-neutral-50 dark:border-neutral-800 dark:bg-neutral-900/80"
              >
                <th
                  class="px-3 py-2 font-semibold text-neutral-900 dark:text-neutral-100"
                  scope="col"
                >
                  Dimension
                </th>
                <th
                  class="min-w-[12rem] px-3 py-2 font-semibold text-neutral-900 dark:text-neutral-100"
                  scope="col"
                >
                  ArchLucid
                </th>
                <th
                  class="min-w-[12rem] px-3 py-2 font-semibold text-neutral-900 dark:text-neutral-100"
                  scope="col"
                >
                  GitHub Copilot (architecture ad-hoc)
                </th>
                <th
                  class="min-w-[12rem] px-3 py-2 font-semibold text-neutral-900 dark:text-neutral-100"
                  scope="col"
                >
                  ChatGPT / Claude (manual prompting)
                </th>
                <th
                  class="min-w-[12rem] px-3 py-2 font-semibold text-neutral-900 dark:text-neutral-100"
                  scope="col"
                >
                  Structurizr (+ AI assist)
                </th>
              </tr>
            </thead>
            <tbody>
              <tr
                class="border-b border-neutral-100 odd:bg-white even:bg-neutral-50/80 dark:border-neutral-800 dark:odd:bg-neutral-950 dark:even:bg-neutral-900/40"
              >
                <th
                  class="max-w-[200px] px-3 py-3 align-top font-medium text-neutral-900 dark:text-neutral-100"
                  scope="row"
                >
                  Pricing
                </th>
                <td
                  class="px-3 py-3 align-top text-neutral-800 dark:text-neutral-200"
                >
                  Consumption-based SaaS with published packaging documentation and quote-led enterprise paths.
                </td>
                <td
                  class="px-3 py-3 align-top text-neutral-800 dark:text-neutral-200"
                >
                  Typical fit: per-seat developer tooling billed for IDE assistance.
                </td>
                <td
                  class="px-3 py-3 align-top text-neutral-800 dark:text-neutral-200"
                >
                  Typical fit: conversational assist with unstructured outputs and manual prompting.
                </td>
                <td
                  class="px-3 py-3 align-top text-neutral-800 dark:text-neutral-200"
                >
                  Typical fit: modeling and diagram DSL with optional SaaS tiers; packaged governance evidence varies by rollout.
                </td>
              </tr>
              <tr
                class="border-b border-neutral-100 odd:bg-white even:bg-neutral-50/80 dark:border-neutral-800 dark:odd:bg-neutral-950 dark:even:bg-neutral-900/40"
              >
                <th
                  class="max-w-[200px] px-3 py-3 align-top font-medium text-neutral-900 dark:text-neutral-100"
                  scope="row"
                >
                  AI capability
                </th>
                <td
                  class="px-3 py-3 align-top text-neutral-800 dark:text-neutral-200"
                >
                  Purpose-built governed review workflow — multi-agent synthesis, deterministic replay, routed models behind human-reviewed outcomes.
                </td>
                <td
                  class="px-3 py-3 align-top text-neutral-800 dark:text-neutral-200"
                >
                  Typical fit: code completions and refactoring assistance in the editor.
                </td>
                <td
                  class="px-3 py-3 align-top text-neutral-800 dark:text-neutral-200"
                >
                  Often used for exploratory analysis; repeatability depends on prompting and transcripts.
                </td>
                <td
                  class="px-3 py-3 align-top text-neutral-800 dark:text-neutral-200"
                >
                  Typical fit: architecture modeling views; analytical depth tied to authored models and integrations.
                </td>
              </tr>
              <tr
                class="border-b border-neutral-100 odd:bg-white even:bg-neutral-50/80 dark:border-neutral-800 dark:odd:bg-neutral-950 dark:even:bg-neutral-900/40"
              >
                <th
                  class="max-w-[200px] px-3 py-3 align-top font-medium text-neutral-900 dark:text-neutral-100"
                  scope="row"
                >
                  Governance & audit posture
                </th>
                <td
                  class="px-3 py-3 align-top text-neutral-800 dark:text-neutral-200"
                >
                  Committed review records, segregation-of-duty gates, typed audit envelopes, and replay/export paths aligned to architecture review packs.
                </td>
                <td
                  class="px-3 py-3 align-top text-neutral-800 dark:text-neutral-200"
                >
                  Typical fit: developer workflow tooling — not an architecture-evidence catalog product.
                </td>
                <td
                  class="px-3 py-3 align-top text-neutral-800 dark:text-neutral-200"
                >
                  Typical fit: interactive Q&A — not a governed package with finalized sealed review record lineage by default.
                </td>
                <td
                  class="px-3 py-3 align-top text-neutral-800 dark:text-neutral-200"
                >
                  Typical fit: documenting system context — governance promotion workflows differ from packaged review records.
                </td>
              </tr>
            </tbody>
          </table>
        </div>
      </div>
    </details>
  </section>
  <section
    aria-labelledby="why-hard-compare-heading"
    class="mt-12"
    data-testid="why-governance-comparison"
  >
    <h2
      class="text-2xl font-semibold leading-tight tracking-tight text-al-text-primary"
      id="why-hard-compare-heading"
    >
      Governance capability comparison
    </h2>
    <p
      class="mt-2 max-w-3xl dark:text-neutral-400 text-[15px] font-normal leading-6 text-al-text-secondary"
    >
      Five differentiators that matter most in procurement — not a vendor scorecard.
    </p>
    <div
      class="mt-4 overflow-x-auto rounded-lg border border-neutral-200 dark:border-neutral-800"
    >
      <table
        class="w-full border-collapse text-left text-[15px] font-normal leading-6 text-al-text-secondary"
        data-testid="why-governance-summary-table"
      >
        <caption
          class="border-b border-neutral-200 bg-neutral-100 px-3 py-2 text-left text-neutral-800 dark:border-neutral-700 dark:bg-neutral-900 dark:text-neutral-200"
        >
          ArchLucid vs typical chat AI — governance at a glance
        </caption>
        <thead>
          <tr
            class="border-b border-neutral-200 bg-neutral-50 dark:border-neutral-800 dark:bg-neutral-900/80"
          >
            <th
              class="min-w-[220px] px-3 py-2 font-semibold text-neutral-900 dark:text-neutral-100"
              scope="col"
            >
              Capability
            </th>
            <th
              class="min-w-[120px] px-3 py-2 font-semibold text-neutral-900 dark:text-neutral-100"
              scope="col"
            >
              ArchLucid
            </th>
            <th
              class="min-w-[120px] px-3 py-2 font-semibold text-neutral-900 dark:text-neutral-100"
              scope="col"
            >
              Typical chat AI
            </th>
          </tr>
        </thead>
        <tbody>
          <tr
            class="border-b border-neutral-100 odd:bg-white even:bg-neutral-50/80 dark:border-neutral-800 dark:odd:bg-neutral-950 dark:even:bg-neutral-900/40"
          >
            <th
              class="max-w-[320px] px-3 py-3 align-top font-medium text-neutral-900 dark:text-neutral-100"
              scope="row"
            >
              Immutable review record
            </th>
            <td
              class="whitespace-nowrap px-3 py-3 align-top text-neutral-800 dark:text-neutral-200"
            >
              ✓
            </td>
            <td
              class="whitespace-nowrap px-3 py-3 align-top text-neutral-800 dark:text-neutral-200"
            >
              —
            </td>
          </tr>
          <tr
            class="border-b border-neutral-100 odd:bg-white even:bg-neutral-50/80 dark:border-neutral-800 dark:odd:bg-neutral-950 dark:even:bg-neutral-900/40"
          >
            <th
              class="max-w-[320px] px-3 py-3 align-top font-medium text-neutral-900 dark:text-neutral-100"
              scope="row"
            >
              Evidence-linked findings
            </th>
            <td
              class="whitespace-nowrap px-3 py-3 align-top text-neutral-800 dark:text-neutral-200"
            >
              ✓
            </td>
            <td
              class="whitespace-nowrap px-3 py-3 align-top text-neutral-800 dark:text-neutral-200"
            >
              partial
            </td>
          </tr>
          <tr
            class="border-b border-neutral-100 odd:bg-white even:bg-neutral-50/80 dark:border-neutral-800 dark:odd:bg-neutral-950 dark:even:bg-neutral-900/40"
          >
            <th
              class="max-w-[320px] px-3 py-3 align-top font-medium text-neutral-900 dark:text-neutral-100"
              scope="row"
            >
              Approval gates
            </th>
            <td
              class="whitespace-nowrap px-3 py-3 align-top text-neutral-800 dark:text-neutral-200"
            >
              ✓
            </td>
            <td
              class="whitespace-nowrap px-3 py-3 align-top text-neutral-800 dark:text-neutral-200"
            >
              —
            </td>
          </tr>
          <tr
            class="border-b border-neutral-100 odd:bg-white even:bg-neutral-50/80 dark:border-neutral-800 dark:odd:bg-neutral-950 dark:even:bg-neutral-900/40"
          >
            <th
              class="max-w-[320px] px-3 py-3 align-top font-medium text-neutral-900 dark:text-neutral-100"
              scope="row"
            >
              Sponsor-ready export integrity
            </th>
            <td
              class="whitespace-nowrap px-3 py-3 align-top text-neutral-800 dark:text-neutral-200"
            >
              ✓
            </td>
            <td
              class="whitespace-nowrap px-3 py-3 align-top text-neutral-800 dark:text-neutral-200"
            >
              —
            </td>
          </tr>
          <tr
            class="border-b border-neutral-100 odd:bg-white even:bg-neutral-50/80 dark:border-neutral-800 dark:odd:bg-neutral-950 dark:even:bg-neutral-900/40"
          >
            <th
              class="max-w-[320px] px-3 py-3 align-top font-medium text-neutral-900 dark:text-neutral-100"
              scope="row"
            >
              Auditable decision history
            </th>
            <td
              class="whitespace-nowrap px-3 py-3 align-top text-neutral-800 dark:text-neutral-200"
            >
              ✓
            </td>
            <td
              class="whitespace-nowrap px-3 py-3 align-top text-neutral-800 dark:text-neutral-200"
            >
              —
            </td>
          </tr>
        </tbody>
      </table>
    </div>
    <p
      class="mt-4 dark:text-neutral-400 text-[15px] font-normal leading-6 text-al-text-secondary"
    >
      Need procurement detail? 
      <a
        class="font-medium text-[var(--al-accent-link)] underline underline-offset-2 hover:text-[var(--al-accent-link-hover)]"
        data-testid="why-proof-pack-download"
        download="why-archlucid-pack.pdf"
        href="/api/proxy/v1/marketing/why-archlucid-pack.pdf"
      >
        Download the complete differentiation brief
      </a>
       →
    </p>
    <details
      class="group mt-6 rounded-lg border border-neutral-200 dark:border-neutral-800"
      data-testid="why-hard-comparison-disclosure"
    >
      <summary
        class="cursor-pointer list-none px-4 py-3 font-semibold text-neutral-900 marker:content-none dark:text-neutral-100 [&::-webkit-details-marker]:hidden"
        data-testid="why-hard-comparison-disclosure-trigger"
      >
        <span
          class="text-2xl font-semibold leading-tight tracking-tight text-al-text-primary"
        >
          See detailed capability comparison
        </span>
      </summary>
      <div
        class="border-t border-neutral-200 px-4 pb-4 pt-3 dark:border-neutral-800"
      >
        <p
          class="max-w-3xl dark:text-neutral-400 text-[15px] font-normal leading-6 text-al-text-secondary"
        >
          Symbols in the product columns (✓ / partial / —) summarize capability depth; each row links to diligence references.
        </p>
        <div
          class="mt-4 overflow-x-auto rounded-lg border border-neutral-200 dark:border-neutral-800"
        >
          <table
            class="w-full min-w-[72rem] border-collapse text-left text-[15px] font-normal leading-6 text-al-text-secondary"
            data-testid="why-hard-comparison-table"
          >
            <caption
              class="border-b border-neutral-200 bg-neutral-100 px-3 py-2 text-left text-neutral-800 dark:border-neutral-700 dark:bg-neutral-900 dark:text-neutral-200"
            >
              ArchLucid vs typical adjacent stacks — governance-focused capability rows
            </caption>
            <thead>
              <tr
                class="border-b border-neutral-200 bg-neutral-50 dark:border-neutral-800 dark:bg-neutral-900/80"
              >
                <th
                  class="min-w-[220px] px-3 py-2 font-semibold text-neutral-900 dark:text-neutral-100"
                  scope="col"
                >
                  Claim
                </th>
                <th
                  class="min-w-[140px] px-3 py-2 font-semibold text-neutral-900 dark:text-neutral-100"
                  scope="col"
                >
                  Verify
                </th>
                <th
                  class="px-3 py-2 font-semibold text-neutral-900 dark:text-neutral-100"
                  scope="col"
                >
                  ArchLucid
                </th>
                <th
                  class="min-w-[120px] px-3 py-2 font-semibold text-neutral-900 dark:text-neutral-100"
                  scope="col"
                >
                  draw.io+Confluence
                </th>
                <th
                  class="min-w-[140px] px-3 py-2 font-semibold text-neutral-900 dark:text-neutral-100"
                  scope="col"
                >
                  GitHub Copilot for generic IaC review
                </th>
                <th
                  class="min-w-[120px] px-3 py-2 font-semibold text-neutral-900 dark:text-neutral-100"
                  scope="col"
                >
                  Generic AI architect tool
                </th>
              </tr>
            </thead>
            <tbody>
              <tr
                class="border-b border-neutral-100 odd:bg-white even:bg-neutral-50/80 dark:border-neutral-800 dark:odd:bg-neutral-950 dark:even:bg-neutral-900/40"
              >
                <th
                  class="max-w-[320px] px-3 py-3 align-top font-medium text-neutral-900 dark:text-neutral-100"
                  scope="row"
                >
                  Every commit produces a versioned, immutable review record
                </th>
                <td
                  class="px-3 py-3 align-top text-neutral-800 dark:text-neutral-200"
                >
                  <div
                    class="flex max-w-[14rem] flex-col gap-2 align-top text-xs leading-snug"
                  >
                    <a
                      class="inline-flex min-h-6 items-center break-words py-1 font-medium text-[var(--al-accent-link)] underline underline-offset-2 hover:text-[var(--al-accent-link-hover)]"
                      href="/showcase/customer-intake-modernization"
                    >
                      Enterprise customer intake sample review
                    </a>
                  </div>
                </td>
                <td
                  class="whitespace-nowrap px-3 py-3 align-top text-neutral-800 dark:text-neutral-200"
                >
                  ✓
                </td>
                <td
                  class="whitespace-nowrap px-3 py-3 align-top text-neutral-800 dark:text-neutral-200"
                >
                  partial
                </td>
                <td
                  class="whitespace-nowrap px-3 py-3 align-top text-neutral-800 dark:text-neutral-200"
                >
                  —
                </td>
                <td
                  class="whitespace-nowrap px-3 py-3 align-top text-neutral-800 dark:text-neutral-200"
                >
                  —
                </td>
              </tr>
              <tr
                class="border-b border-neutral-100 odd:bg-white even:bg-neutral-50/80 dark:border-neutral-800 dark:odd:bg-neutral-950 dark:even:bg-neutral-900/40"
              >
                <th
                  class="max-w-[320px] px-3 py-3 align-top font-medium text-neutral-900 dark:text-neutral-100"
                  scope="row"
                >
                  Every material change produces a typed audit record in an append-only store
                </th>
                <td
                  class="px-3 py-3 align-top text-neutral-800 dark:text-neutral-200"
                >
                  <div
                    class="flex max-w-[14rem] flex-col gap-2 align-top text-xs leading-snug"
                  >
                    <a
                      class="inline-flex min-h-6 items-center break-words py-1 font-medium text-[var(--al-accent-link)] underline underline-offset-2 hover:text-[var(--al-accent-link-hover)]"
                      download=""
                      href="/v1/marketing/trust-center/evidence-pack.zip"
                    >
                      Assurance evidence bundle (ZIP)
                    </a>
                    <a
                      class="inline-flex min-h-6 items-center break-words py-1 font-medium text-[var(--al-accent-link)] underline underline-offset-2 hover:text-[var(--al-accent-link-hover)]"
                      href="/help/audit-trail"
                    >
                      Audit trail
                    </a>
                  </div>
                </td>
                <td
                  class="whitespace-nowrap px-3 py-3 align-top text-neutral-800 dark:text-neutral-200"
                >
                  ✓
                </td>
                <td
                  class="whitespace-nowrap px-3 py-3 align-top text-neutral-800 dark:text-neutral-200"
                >
                  partial
                </td>
                <td
                  class="whitespace-nowrap px-3 py-3 align-top text-neutral-800 dark:text-neutral-200"
                >
                  —
                </td>
                <td
                  class="whitespace-nowrap px-3 py-3 align-top text-neutral-800 dark:text-neutral-200"
                >
                  —
                </td>
              </tr>
              <tr
                class="border-b border-neutral-100 odd:bg-white even:bg-neutral-50/80 dark:border-neutral-800 dark:odd:bg-neutral-950 dark:even:bg-neutral-900/40"
              >
                <th
                  class="max-w-[320px] px-3 py-3 align-top font-medium text-neutral-900 dark:text-neutral-100"
                  scope="row"
                >
                  Tenant isolation uses separate database catalogs per tenant, with application-layer scope enforcement on every request
                </th>
                <td
                  class="px-3 py-3 align-top text-neutral-800 dark:text-neutral-200"
                >
                  <div
                    class="flex max-w-[14rem] flex-col gap-2 align-top text-xs leading-snug"
                  >
                    <a
                      class="inline-flex min-h-6 items-center break-words py-1 font-medium text-[var(--al-accent-link)] underline underline-offset-2 hover:text-[var(--al-accent-link-hover)]"
                      href="/help/data-handling"
                    >
                      Data handling and tenant isolation
                    </a>
                    <a
                      class="inline-flex min-h-6 items-center break-words py-1 font-medium text-[var(--al-accent-link)] underline underline-offset-2 hover:text-[var(--al-accent-link-hover)]"
                      href="/security-trust"
                    >
                      Assurance status
                    </a>
                  </div>
                </td>
                <td
                  class="whitespace-nowrap px-3 py-3 align-top text-neutral-800 dark:text-neutral-200"
                >
                  ✓
                </td>
                <td
                  class="whitespace-nowrap px-3 py-3 align-top text-neutral-800 dark:text-neutral-200"
                >
                  —
                </td>
                <td
                  class="whitespace-nowrap px-3 py-3 align-top text-neutral-800 dark:text-neutral-200"
                >
                  —
                </td>
                <td
                  class="whitespace-nowrap px-3 py-3 align-top text-neutral-800 dark:text-neutral-200"
                >
                  —
                </td>
              </tr>
              <tr
                class="border-b border-neutral-100 odd:bg-white even:bg-neutral-50/80 dark:border-neutral-800 dark:odd:bg-neutral-950 dark:even:bg-neutral-900/40"
              >
                <th
                  class="max-w-[320px] px-3 py-3 align-top font-medium text-neutral-900 dark:text-neutral-100"
                  scope="row"
                >
                  Authentication fails closed by default (API keys disabled until enabled)
                </th>
                <td
                  class="px-3 py-3 align-top text-neutral-800 dark:text-neutral-200"
                >
                  <div
                    class="flex max-w-[14rem] flex-col gap-2 align-top text-xs leading-snug"
                  >
                    <a
                      class="inline-flex min-h-6 items-center break-words py-1 font-medium text-[var(--al-accent-link)] underline underline-offset-2 hover:text-[var(--al-accent-link-hover)]"
                      href="/help/authentication-sign-in"
                    >
                      Authentication and sign-in
                    </a>
                    <a
                      class="inline-flex min-h-6 items-center break-words py-1 font-medium text-[var(--al-accent-link)] underline underline-offset-2 hover:text-[var(--al-accent-link-hover)]"
                      href="/trust"
                    >
                      Trust center
                    </a>
                  </div>
                </td>
                <td
                  class="whitespace-nowrap px-3 py-3 align-top text-neutral-800 dark:text-neutral-200"
                >
                  ✓
                </td>
                <td
                  class="whitespace-nowrap px-3 py-3 align-top text-neutral-800 dark:text-neutral-200"
                >
                  partial
                </td>
                <td
                  class="whitespace-nowrap px-3 py-3 align-top text-neutral-800 dark:text-neutral-200"
                >
                  —
                </td>
                <td
                  class="whitespace-nowrap px-3 py-3 align-top text-neutral-800 dark:text-neutral-200"
                >
                  —
                </td>
              </tr>
              <tr
                class="border-b border-neutral-100 odd:bg-white even:bg-neutral-50/80 dark:border-neutral-800 dark:odd:bg-neutral-950 dark:even:bg-neutral-900/40"
              >
                <th
                  class="max-w-[320px] px-3 py-3 align-top font-medium text-neutral-900 dark:text-neutral-100"
                  scope="row"
                >
                  Comparison replay can re-derive the same artifact and detect drift
                </th>
                <td
                  class="px-3 py-3 align-top text-neutral-800 dark:text-neutral-200"
                >
                  <div
                    class="flex max-w-[14rem] flex-col gap-2 align-top text-xs leading-snug"
                  >
                    <a
                      class="inline-flex min-h-6 items-center break-words py-1 font-medium text-[var(--al-accent-link)] underline underline-offset-2 hover:text-[var(--al-accent-link-hover)]"
                      href="/help/comparison-replay"
                    >
                      Compare and replay
                    </a>
                  </div>
                </td>
                <td
                  class="whitespace-nowrap px-3 py-3 align-top text-neutral-800 dark:text-neutral-200"
                >
                  ✓
                </td>
                <td
                  class="whitespace-nowrap px-3 py-3 align-top text-neutral-800 dark:text-neutral-200"
                >
                  —
                </td>
                <td
                  class="whitespace-nowrap px-3 py-3 align-top text-neutral-800 dark:text-neutral-200"
                >
                  —
                </td>
                <td
                  class="whitespace-nowrap px-3 py-3 align-top text-neutral-800 dark:text-neutral-200"
                >
                  —
                </td>
              </tr>
              <tr
                class="border-b border-neutral-100 odd:bg-white even:bg-neutral-50/80 dark:border-neutral-800 dark:odd:bg-neutral-950 dark:even:bg-neutral-900/40"
              >
                <th
                  class="max-w-[320px] px-3 py-3 align-top font-medium text-neutral-900 dark:text-neutral-100"
                  scope="row"
                >
                  Findings carry typed payloads per category, not free-text
                </th>
                <td
                  class="px-3 py-3 align-top text-neutral-800 dark:text-neutral-200"
                >
                  <div
                    class="flex max-w-[14rem] flex-col gap-2 align-top text-xs leading-snug"
                  >
                    <a
                      class="inline-flex min-h-6 items-center break-words py-1 font-medium text-[var(--al-accent-link)] underline underline-offset-2 hover:text-[var(--al-accent-link-hover)]"
                      href="/showcase/claims-intake-modernization"
                    >
                      Claims regulated-depth evidence trail
                    </a>
                  </div>
                </td>
                <td
                  class="whitespace-nowrap px-3 py-3 align-top text-neutral-800 dark:text-neutral-200"
                >
                  ✓
                </td>
                <td
                  class="whitespace-nowrap px-3 py-3 align-top text-neutral-800 dark:text-neutral-200"
                >
                  —
                </td>
                <td
                  class="whitespace-nowrap px-3 py-3 align-top text-neutral-800 dark:text-neutral-200"
                >
                  partial
                </td>
                <td
                  class="whitespace-nowrap px-3 py-3 align-top text-neutral-800 dark:text-neutral-200"
                >
                  partial
                </td>
              </tr>
              <tr
                class="border-b border-neutral-100 odd:bg-white even:bg-neutral-50/80 dark:border-neutral-800 dark:odd:bg-neutral-950 dark:even:bg-neutral-900/40"
              >
                <th
                  class="max-w-[320px] px-3 py-3 align-top font-medium text-neutral-900 dark:text-neutral-100"
                  scope="row"
                >
                  Governance gate can block configured high-severity changes before approval
                </th>
                <td
                  class="px-3 py-3 align-top text-neutral-800 dark:text-neutral-200"
                >
                  <div
                    class="flex max-w-[14rem] flex-col gap-2 align-top text-xs leading-snug"
                  >
                    <a
                      class="inline-flex min-h-6 items-center break-words py-1 font-medium text-[var(--al-accent-link)] underline underline-offset-2 hover:text-[var(--al-accent-link-hover)]"
                      href="/help/governance-approval"
                    >
                      Governance approval
                    </a>
                  </div>
                </td>
                <td
                  class="whitespace-nowrap px-3 py-3 align-top text-neutral-800 dark:text-neutral-200"
                >
                  ✓
                </td>
                <td
                  class="whitespace-nowrap px-3 py-3 align-top text-neutral-800 dark:text-neutral-200"
                >
                  —
                </td>
                <td
                  class="whitespace-nowrap px-3 py-3 align-top text-neutral-800 dark:text-neutral-200"
                >
                  —
                </td>
                <td
                  class="whitespace-nowrap px-3 py-3 align-top text-neutral-800 dark:text-neutral-200"
                >
                  —
                </td>
              </tr>
            </tbody>
          </table>
        </div>
      </div>
    </details>
  </section>
  <section
    aria-labelledby="why-proof-ladder-heading"
    class="mt-10"
    data-testid="why-proof-ladder-section"
  >
    <h2
      class="text-2xl font-semibold leading-tight tracking-tight text-al-text-primary"
      id="why-proof-ladder-heading"
    >
      Inspect a sample review
    </h2>
    <p
      class="mt-2 max-w-3xl text-[15px] font-normal leading-6 text-al-text-secondary"
    >
      Start with the anonymous enterprise intake proof path — the same universe as the welcome and see-it funnels. A separate enterprise retail sample is available when you need a longer in-product preview.
    </p>
    <div
      class="mt-6 flex flex-col gap-3 sm:flex-row sm:flex-wrap sm:items-center"
    >
      <a
        class="inline-flex items-center justify-center gap-2 whitespace-nowrap transition-colors focus-visible:outline-none focus-visible:ring-2 focus-visible:ring-offset-2 disabled:pointer-events-none disabled:opacity-50 font-semibold bg-[var(--al-primary-action-bg)] text-[var(--al-primary-action-fg)] hover:bg-[var(--al-primary-action-bg-hover)] focus-visible:ring-[var(--al-primary-action-ring)] h-10 rounded-md px-6 text-[15px]"
        data-testid="why-proof-ladder-primary-cta"
        href="/see-it"
      >
        See a finalized sample review
      </a>
      <a
        class="inline-flex items-center justify-center gap-2 whitespace-nowrap transition-colors focus-visible:outline-none focus-visible:ring-2 focus-visible:ring-[var(--al-accent-border-focus)] focus-visible:ring-offset-2 disabled:pointer-events-none disabled:opacity-50 font-semibold border border-neutral-300 bg-white text-neutral-900 hover:bg-neutral-100 dark:border-neutral-600 dark:bg-neutral-900 dark:text-neutral-100 dark:hover:bg-neutral-800 h-10 rounded-md px-6 text-[15px]"
        data-testid="why-proof-ladder-sample-cta"
        href="/showcase/customer-intake-modernization"
      >
        Healthcare Claims sample review
      </a>
    </div>
    <p
      class="mt-4 max-w-3xl text-[17px] font-normal leading-7 text-al-text-primary"
      data-testid="why-proof-ladder-links"
    >
      <a
        class="font-medium text-[var(--al-accent-link)] underline underline-offset-2 hover:text-[var(--al-accent-link-hover)]"
        href="/get-started"
      >
        Ready to start your evaluation?
      </a>
       · 
      <a
        class="font-medium text-[var(--al-accent-link)] underline underline-offset-2 hover:text-[var(--al-accent-link-hover)]"
        href="/showcase/customer-intake-modernization"
      >
        Enterprise retail sample (longer preview)
      </a>
    </p>
  </section>
  <section
    aria-labelledby="why-closing-cta-heading"
    class="mt-10 border-t border-neutral-200 pt-8 dark:border-neutral-800"
    data-testid="why-closing-cta"
  >
    <h2
      class="text-2xl font-semibold leading-tight tracking-tight text-al-text-primary"
      id="why-closing-cta-heading"
    >
      See what a governed architecture decision actually looks like
    </h2>
    <p
      class="mt-2 max-w-3xl text-[17px] font-normal leading-7 text-al-text-primary text-al-text-secondary"
    >
      Inspect the evidence, findings, approvals, audit trail, and final export from a completed review.
    </p>
    <div
      class="mt-6 flex flex-col gap-3 sm:flex-row sm:flex-wrap sm:items-center"
    >
      <a
        class="inline-flex items-center justify-center gap-2 whitespace-nowrap transition-colors focus-visible:outline-none focus-visible:ring-2 focus-visible:ring-offset-2 disabled:pointer-events-none disabled:opacity-50 font-semibold bg-[var(--al-primary-action-bg)] text-[var(--al-primary-action-fg)] hover:bg-[var(--al-primary-action-bg-hover)] focus-visible:ring-[var(--al-primary-action-ring)] h-10 rounded-md px-6 text-[15px]"
        data-testid="why-closing-primary-cta"
        href="/see-it"
      >
        See a finalized sample review
      </a>
      <a
        class="inline-flex items-center justify-center gap-2 whitespace-nowrap transition-colors focus-visible:outline-none focus-visible:ring-2 focus-visible:ring-[var(--al-accent-border-focus)] focus-visible:ring-offset-2 disabled:pointer-events-none disabled:opacity-50 font-semibold border border-neutral-300 bg-white text-neutral-900 hover:bg-neutral-100 dark:border-neutral-600 dark:bg-neutral-900 dark:text-neutral-100 dark:hover:bg-neutral-800 h-10 rounded-md px-6 text-[15px]"
        data-testid="why-closing-secondary-cta"
        href="/signup"
      >
        Start your evaluation
      </a>
    </div>
    <p
      class="mt-4 dark:text-neutral-400 text-[15px] font-normal leading-6 text-al-text-secondary"
    >
      For sponsor-ready language and procurement context, see the
       
      <a
        class="font-medium text-[var(--al-accent-link)] underline underline-offset-2 hover:text-[var(--al-accent-link-hover)]"
        href="/get-started"
      >
        getting started guide
      </a>
      .
    </p>
  </section>
  <div
    class="mt-10 space-y-3 text-left"
    data-testid="why-orientation"
  >
    <section
      aria-labelledby="why-sources-heading"
      class="rounded-md border border-neutral-200 bg-neutral-50/80 p-3 dark:border-neutral-700 dark:bg-neutral-900/40"
      data-testid="why-sources"
    >
      <h2
        class="m-0 text-[15px] font-semibold leading-[22px] text-al-text-primary"
        id="why-sources-heading"
      >
        Sources for follow-up
      </h2>
      <p
        class="m-0 mt-1 max-w-3xl text-[13px] font-normal leading-5 text-al-text-primary"
      >
        Use these evaluation links when the comparison story turns into a sample proof, signup, or assurance review.
      </p>
      <ul
        class="m-0 mt-2 flex list-none flex-wrap gap-x-3 gap-y-1 p-0 text-[13px] font-normal leading-5 text-al-text-primary"
      >
        <li>
          <a
            class="font-medium text-[var(--al-accent-link)] underline underline-offset-2 hover:text-[var(--al-accent-link-hover)]"
            href="/see-it"
          >
            See a sample review
          </a>
        </li>
        <li>
          <a
            class="font-medium text-[var(--al-accent-link)] underline underline-offset-2 hover:text-[var(--al-accent-link-hover)]"
            href="/signup"
          >
            Start evaluation
          </a>
        </li>
        <li>
          <a
            class="font-medium text-[var(--al-accent-link)] underline underline-offset-2 hover:text-[var(--al-accent-link-hover)]"
            href="/get-started"
          >
            Get started
          </a>
        </li>
        <li>
          <a
            class="font-medium text-[var(--al-accent-link)] underline underline-offset-2 hover:text-[var(--al-accent-link-hover)]"
            href="/security-trust"
          >
            Assurance status
          </a>
        </li>
        <li>
          <a
            class="font-medium text-[var(--al-accent-link)] underline underline-offset-2 hover:text-[var(--al-accent-link-hover)]"
            href="/trust"
          >
            Trust Center
          </a>
        </li>
      </ul>
    </section>
    <aside
      class="rounded-md border border-neutral-200 bg-neutral-50/40 p-3 dark:border-neutral-700 dark:bg-neutral-900/30"
      data-testid="why-claim-discipline"
    >
      <h2
        class="m-0 text-[15px] font-semibold leading-[22px] text-al-text-primary"
      >
        About these comparisons
      </h2>
      <p
        class="m-0 mt-2 text-[13px] font-normal leading-5 text-al-text-primary"
      >
        Product differentiation only — use your own evidence for formal evaluation. Open Assurance status, Trust Center, or start an evaluation when you need live workspace evidence.
      </p>
    </aside>
  </div>
</main>
`;
