<?xml version="1.0" encoding="utf-8"?>
<TestRun id="167d31ca-2de2-494e-9cbb-ee7313779edb" name="@runnervm3jyl0 2026-05-30 13:58:55" xmlns="http://microsoft.com/schemas/VisualStudio/TeamTest/2010">
  <Times creation="2026-05-30T13:58:55.4229071+00:00" queuing="2026-05-30T13:58:55.4229072+00:00" start="2026-05-30T13:58:50.0273108+00:00" finish="2026-05-30T13:58:56.4929635+00:00" />
  <TestSettings name="default" id="a9a9f7eb-0129-4be7-a9d5-24e7c316d457">
    <Deployment runDeploymentRoot="_runnervm3jyl0_2026-05-30_13_58_55" />
  </TestSettings>
  <Results>
    <UnitTestResult executionId="4eb6f8be-9d4c-42f6-82ce-5cb09e6d746e" testId="5263105c-2a6f-96aa-c941-7662dc0eaabe" testName="ArchLucid.Analyzers.Tests.TenantIdentityBoundaryAnalyzerTests.Reports_ClaimsPrincipal_in_inner_layer_assembly" computerName="runnervm3jyl0" duration="00:00:00.0365372" startTime="2026-05-30T13:58:54.6984905+00:00" endTime="2026-05-30T13:58:54.6984907+00:00" testType="13cdc9d9-ddb5-4fa4-a97d-d965ccfc6d4b" outcome="Passed" testListId="8c84fa94-04c1-424b-9868-57a2d4851a1d" relativeResultsDirectory="4eb6f8be-9d4c-42f6-82ce-5cb09e6d746e" />
    <UnitTestResult executionId="0366aaf1-cf24-4e4e-b1b7-04a47244a978" testId="0fcd07fe-efad-1db2-d7b2-a54ecac08f25" testName="ArchLucid.Analyzers.Tests.TenantIdentityBoundaryAnalyzerTests.Does_not_report_when_assembly_is_api_boundary" computerName="runnervm3jyl0" duration="00:00:02.1325175" startTime="2026-05-30T13:58:54.5257912+00:00" endTime="2026-05-30T13:58:54.5257913+00:00" testType="13cdc9d9-ddb5-4fa4-a97d-d965ccfc6d4b" outcome="Passed" testListId="8c84fa94-04c1-424b-9868-57a2d4851a1d" relativeResultsDirectory="0366aaf1-cf24-4e4e-b1b7-04a47244a978" />
    <UnitTestResult executionId="eb20bb61-f8b7-4fe6-a681-e7d25066b882" testId="ca6504f9-6243-836d-bbc2-23fe30f02491" testName="ArchLucid.Analyzers.Tests.MutatingControllerAuditAnalyzerTests.Http_Get_actions_do_not_require_audit" computerName="runnervm3jyl0" duration="00:00:00.0203627" startTime="2026-05-30T13:58:55.7064137+00:00" endTime="2026-05-30T13:58:55.7064138+00:00" testType="13cdc9d9-ddb5-4fa4-a97d-d965ccfc6d4b" outcome="Passed" testListId="8c84fa94-04c1-424b-9868-57a2d4851a1d" relativeResultsDirectory="eb20bb61-f8b7-4fe6-a681-e7d25066b882" />
    <UnitTestResult executionId="049896d9-0a2a-44ba-9f2f-38a5bf82182c" testId="1b87f105-657d-deb2-0f82-7b96a213af50" testName="ArchLucid.Analyzers.Tests.DirectHttpClientConstructionAnalyzerTests.Reports_new_HttpClient_in_product_assembly" computerName="runnervm3jyl0" duration="00:00:03.5744662" startTime="2026-05-30T13:58:55.9535702+00:00" endTime="2026-05-30T13:58:55.9535704+00:00" testType="13cdc9d9-ddb5-4fa4-a97d-d965ccfc6d4b" outcome="Passed" testListId="8c84fa94-04c1-424b-9868-57a2d4851a1d" relativeResultsDirectory="049896d9-0a2a-44ba-9f2f-38a5bf82182c" />
    <UnitTestResult executionId="80d2d668-2aae-4e51-a358-7cdefc7d0028" testId="0150907d-fb11-4ef4-a7c1-4b98104cd72b" testName="ArchLucid.Analyzers.Tests.MutatingControllerAuditAnalyzerTests.AL0003_is_absent_when_LogAsync_is_awaited" computerName="runnervm3jyl0" duration="00:00:00.0788694" startTime="2026-05-30T13:58:55.7880676+00:00" endTime="2026-05-30T13:58:55.7880678+00:00" testType="13cdc9d9-ddb5-4fa4-a97d-d965ccfc6d4b" outcome="Passed" testListId="8c84fa94-04c1-424b-9868-57a2d4851a1d" relativeResultsDirectory="80d2d668-2aae-4e51-a358-7cdefc7d0028" />
    <UnitTestResult executionId="f92dc2b2-a9db-4eca-a270-90a1bf52a753" testId="b9c82799-b93f-bfea-3f4d-73dc8555c1b9" testName="ArchLucid.Analyzers.Tests.RequireAuthorizationAnalyzerTests.Reports_only_action_missing_authorization_when_another_action_is_Authorized" computerName="runnervm3jyl0" duration="00:00:00.0332408" startTime="2026-05-30T13:58:55.9881120+00:00" endTime="2026-05-30T13:58:55.9881125+00:00" testType="13cdc9d9-ddb5-4fa4-a97d-d965ccfc6d4b" outcome="Passed" testListId="8c84fa94-04c1-424b-9868-57a2d4851a1d" relativeResultsDirectory="f92dc2b2-a9db-4eca-a270-90a1bf52a753" />
    <UnitTestResult executionId="ef9b93ae-00b7-4f57-82ca-fead34f654ef" testId="ab3db8a6-3c1a-e6e0-4cf2-99e706507ee1" testName="ArchLucid.Analyzers.Tests.MutableStaticAnalyzerTests.Does_not_flag_in_non_Application_assembly" computerName="runnervm3jyl0" duration="00:00:00.0279779" startTime="2026-05-30T13:58:54.5470694+00:00" endTime="2026-05-30T13:58:54.5470696+00:00" testType="13cdc9d9-ddb5-4fa4-a97d-d965ccfc6d4b" outcome="Passed" testListId="8c84fa94-04c1-424b-9868-57a2d4851a1d" relativeResultsDirectory="ef9b93ae-00b7-4f57-82ca-fead34f654ef" />
    <UnitTestResult executionId="5dac906b-5ebb-4103-a431-88083f313da8" testId="617f3262-c2c6-4cb7-8b84-86d816055281" testName="ArchLucid.Analyzers.Tests.RequireAuthorizationAnalyzerTests.Reports_controller_when_there_are_no_public_actions" computerName="runnervm3jyl0" duration="00:00:00.0178745" startTime="2026-05-30T13:58:56.0063292+00:00" endTime="2026-05-30T13:58:56.0063294+00:00" testType="13cdc9d9-ddb5-4fa4-a97d-d965ccfc6d4b" outcome="Passed" testListId="8c84fa94-04c1-424b-9868-57a2d4851a1d" relativeResultsDirectory="5dac906b-5ebb-4103-a431-88083f313da8" />
    <UnitTestResult executionId="9cfa1c43-4f69-40b4-8a60-8a01603c8e12" testId="7a58b775-bf37-0bb5-1fdb-11d4f511c0e8" testName="ArchLucid.Analyzers.Tests.NakedDateTimeAnalyzerTests.Does_not_report_TimeProvider_or_IClock_usage" computerName="runnervm3jyl0" duration="00:00:00.0168811" startTime="2026-05-30T13:58:55.8779061+00:00" endTime="2026-05-30T13:58:55.8779063+00:00" testType="13cdc9d9-ddb5-4fa4-a97d-d965ccfc6d4b" outcome="Passed" testListId="8c84fa94-04c1-424b-9868-57a2d4851a1d" relativeResultsDirectory="9cfa1c43-4f69-40b4-8a60-8a01603c8e12" />
    <UnitTestResult executionId="9a870a38-9502-4f5b-a254-4ebf139dbcb3" testId="e3af9e51-4966-f042-7fd9-05b5684d642b" testName="ArchLucid.Analyzers.Tests.MissingCancellationTokenAnalyzerTests.Does_not_report_when_suppressed_with_ARCH003" computerName="runnervm3jyl0" duration="00:00:00.0122367" startTime="2026-05-30T13:58:55.8652664+00:00" endTime="2026-05-30T13:58:55.8652665+00:00" testType="13cdc9d9-ddb5-4fa4-a97d-d965ccfc6d4b" outcome="Passed" testListId="8c84fa94-04c1-424b-9868-57a2d4851a1d" relativeResultsDirectory="9a870a38-9502-4f5b-a254-4ebf139dbcb3" />
    <UnitTestResult executionId="9cbdb9fd-dcfe-4878-a834-7b8f9f19a161" testId="0206e6eb-9b76-59b0-5a69-5995ac26b2be" testName="ArchLucid.Analyzers.Tests.MissingCancellationTokenAnalyzerTests.Reports_IFooService_Task_method_without_CancellationToken" computerName="runnervm3jyl0" duration="00:00:00.0297912" startTime="2026-05-30T13:58:55.8350759+00:00" endTime="2026-05-30T13:58:55.8350761+00:00" testType="13cdc9d9-ddb5-4fa4-a97d-d965ccfc6d4b" outcome="Passed" testListId="8c84fa94-04c1-424b-9868-57a2d4851a1d" relativeResultsDirectory="9cbdb9fd-dcfe-4878-a834-7b8f9f19a161" />
    <UnitTestResult executionId="270451ca-1d4c-48e2-8270-0d58f1afa5ae" testId="38f9425e-3073-f6b6-deac-b3708c1eed90" testName="ArchLucid.Analyzers.Tests.RequireAuthorizationAnalyzerTests.Reports_public_action_without_authorization_when_controller_has_none" computerName="runnervm3jyl0" duration="00:00:03.5746762" startTime="2026-05-30T13:58:55.9544503+00:00" endTime="2026-05-30T13:58:55.9544504+00:00" testType="13cdc9d9-ddb5-4fa4-a97d-d965ccfc6d4b" outcome="Passed" testListId="8c84fa94-04c1-424b-9868-57a2d4851a1d" relativeResultsDirectory="270451ca-1d4c-48e2-8270-0d58f1afa5ae" />
    <UnitTestResult executionId="9d652295-d58c-49e1-b6ac-d558ce5a0eac" testId="afdce994-1bad-48d2-1c66-5f246c7e589d" testName="ArchLucid.Analyzers.Tests.NakedDateTimeAnalyzerTests.Does_not_report_in_host_allow_listed_assembly" computerName="runnervm3jyl0" duration="00:00:00.0070259" startTime="2026-05-30T13:58:55.8606898+00:00" endTime="2026-05-30T13:58:55.8606899+00:00" testType="13cdc9d9-ddb5-4fa4-a97d-d965ccfc6d4b" outcome="Passed" testListId="8c84fa94-04c1-424b-9868-57a2d4851a1d" relativeResultsDirectory="9d652295-d58c-49e1-b6ac-d558ce5a0eac" />
    <UnitTestResult executionId="f6bf7302-60dc-422c-87b0-5578d12733b9" testId="71836061-b337-31f1-fd70-6a0d31f99946" testName="ArchLucid.Analyzers.Tests.RequireAuthorizationAnalyzerTests.Does_not_report_when_controller_has_Authorize" computerName="runnervm3jyl0" duration="00:00:00.0094520" startTime="2026-05-30T13:58:56.0161065+00:00" endTime="2026-05-30T13:58:56.0161067+00:00" testType="13cdc9d9-ddb5-4fa4-a97d-d965ccfc6d4b" outcome="Passed" testListId="8c84fa94-04c1-424b-9868-57a2d4851a1d" relativeResultsDirectory="f6bf7302-60dc-422c-87b0-5578d12733b9" />
    <UnitTestResult executionId="c2ef0038-25e2-40ae-ada3-9d08e485c56c" testId="1e4ad11b-06c5-6fe2-4f7e-a24df5b5f759" testName="ArchLucid.Analyzers.Tests.MissingCancellationTokenAnalyzerTests.Does_not_report_non_interface_classes" computerName="runnervm3jyl0" duration="00:00:00.0088597" startTime="2026-05-30T13:58:55.8527111+00:00" endTime="2026-05-30T13:58:55.8527113+00:00" testType="13cdc9d9-ddb5-4fa4-a97d-d965ccfc6d4b" outcome="Passed" testListId="8c84fa94-04c1-424b-9868-57a2d4851a1d" relativeResultsDirectory="c2ef0038-25e2-40ae-ada3-9d08e485c56c" />
    <UnitTestResult executionId="dee46036-2ad8-4bae-9cb1-2f44e68decb1" testId="bee68e5b-7ed3-9722-7eeb-586008617a67" testName="ArchLucid.Analyzers.Tests.MissingCancellationTokenAnalyzerTests.Does_not_report_when_CancellationToken_is_present" computerName="runnervm3jyl0" duration="00:00:00.0080584" startTime="2026-05-30T13:58:55.8435131+00:00" endTime="2026-05-30T13:58:55.8435132+00:00" testType="13cdc9d9-ddb5-4fa4-a97d-d965ccfc6d4b" outcome="Passed" testListId="8c84fa94-04c1-424b-9868-57a2d4851a1d" relativeResultsDirectory="dee46036-2ad8-4bae-9cb1-2f44e68decb1" />
    <UnitTestResult executionId="e4bccffc-a108-455a-a639-70654c1a33c8" testId="bb6565d3-3e29-c4a0-7a33-1cdf141bd475" testName="ArchLucid.Analyzers.Tests.MutatingControllerAuditAnalyzerTests.Allowlist_additional_text_suppresses_AL0003" computerName="runnervm3jyl0" duration="00:00:00.9618194" startTime="2026-05-30T13:58:55.6619767+00:00" endTime="2026-05-30T13:58:55.6619770+00:00" testType="13cdc9d9-ddb5-4fa4-a97d-d965ccfc6d4b" outcome="Passed" testListId="8c84fa94-04c1-424b-9868-57a2d4851a1d" relativeResultsDirectory="e4bccffc-a108-455a-a639-70654c1a33c8" />
    <UnitTestResult executionId="3671fa55-3ee0-4bcd-8202-2d148f7e8de5" testId="0a01f1d0-1855-e6c9-6d5c-533aa0a2c645" testName="ArchLucid.Analyzers.Tests.MutatingControllerAuditAnalyzerTests.Mutating_audit_excluded_attribute_suppresses_AL0003" computerName="runnervm3jyl0" duration="00:00:00.0241417" startTime="2026-05-30T13:58:55.6878743+00:00" endTime="2026-05-30T13:58:55.6878745+00:00" testType="13cdc9d9-ddb5-4fa4-a97d-d965ccfc6d4b" outcome="Passed" testListId="8c84fa94-04c1-424b-9868-57a2d4851a1d" relativeResultsDirectory="3671fa55-3ee0-4bcd-8202-2d148f7e8de5" />
    <UnitTestResult executionId="45b5f6b0-91a8-4db6-b62c-64867c293bc5" testId="c95dd49b-5c53-7d1a-0c1e-9a793cc019f3" testName="ArchLucid.Analyzers.Tests.MutableStaticAnalyzerTests.Does_not_flag_static_readonly_field" computerName="runnervm3jyl0" duration="00:00:01.9902080" startTime="2026-05-30T13:58:54.5175465+00:00" endTime="2026-05-30T13:58:54.5175933+00:00" testType="13cdc9d9-ddb5-4fa4-a97d-d965ccfc6d4b" outcome="Passed" testListId="8c84fa94-04c1-424b-9868-57a2d4851a1d" relativeResultsDirectory="45b5f6b0-91a8-4db6-b62c-64867c293bc5" />
    <UnitTestResult executionId="0a7f2e35-7770-4161-91ed-285e127b73ee" testId="e8a22e2c-0ea0-3b52-6ae7-66002807153c" testName="ArchLucid.Analyzers.Tests.MutatingControllerAuditAnalyzerTests.AL0003_reports_when_HttpPost_action_lacks_IAudit_LogAsync" computerName="runnervm3jyl0" duration="00:00:00.0348294" startTime="2026-05-30T13:58:55.8232997+00:00" endTime="2026-05-30T13:58:55.8232998+00:00" testType="13cdc9d9-ddb5-4fa4-a97d-d965ccfc6d4b" outcome="Passed" testListId="8c84fa94-04c1-424b-9868-57a2d4851a1d" relativeResultsDirectory="0a7f2e35-7770-4161-91ed-285e127b73ee" />
    <UnitTestResult executionId="6f55c96b-8018-4559-80fa-1a7c56050369" testId="c4e60db8-aa0d-0481-e454-dcec04bc28ec" testName="ArchLucid.Analyzers.Tests.DirectHttpClientConstructionAnalyzerTests.Does_not_flag_IHttpClientFactory_CreateClient" computerName="runnervm3jyl0" duration="00:00:00.0123515" startTime="2026-05-30T13:58:55.9664124+00:00" endTime="2026-05-30T13:58:55.9664125+00:00" testType="13cdc9d9-ddb5-4fa4-a97d-d965ccfc6d4b" outcome="Passed" testListId="8c84fa94-04c1-424b-9868-57a2d4851a1d" relativeResultsDirectory="6f55c96b-8018-4559-80fa-1a7c56050369" />
    <UnitTestResult executionId="f17fc6f2-ca5f-436c-af2d-01f60a8012d6" testId="7defcc72-88b1-d81f-385d-b9d37de67f0b" testName="ArchLucid.Analyzers.Tests.ForeachToLinqAnalyzerTests.CodeFix_replaces_filtered_loop_with_Where_AddRange" computerName="runnervm3jyl0" duration="00:00:01.0041197" startTime="2026-05-30T13:58:55.6710071+00:00" endTime="2026-05-30T13:58:55.6710073+00:00" testType="13cdc9d9-ddb5-4fa4-a97d-d965ccfc6d4b" outcome="Passed" testListId="8c84fa94-04c1-424b-9868-57a2d4851a1d" relativeResultsDirectory="f17fc6f2-ca5f-436c-af2d-01f60a8012d6" />
    <UnitTestResult executionId="f3b4cbcf-1988-4cb6-854b-0931ae2b3fe3" testId="d89eaab2-e809-2fa4-718f-0746f15a05d3" testName="ArchLucid.Analyzers.Tests.MutableStaticAnalyzerTests.Flags_non_readonly_static_field_in_Application" computerName="runnervm3jyl0" duration="00:00:00.1139366" startTime="2026-05-30T13:58:54.6615190+00:00" endTime="2026-05-30T13:58:54.6615192+00:00" testType="13cdc9d9-ddb5-4fa4-a97d-d965ccfc6d4b" outcome="Passed" testListId="8c84fa94-04c1-424b-9868-57a2d4851a1d" relativeResultsDirectory="f3b4cbcf-1988-4cb6-854b-0931ae2b3fe3" />
    <UnitTestResult executionId="8cd4b2dd-e6fb-4429-9b63-9e92b815ed4f" testId="3a1a7478-c919-e567-e89b-8a0bca5021c3" testName="ArchLucid.Analyzers.Tests.ForeachToLinqAnalyzerTests.CodeFix_replaces_projection_loop_with_Select_AddRange" computerName="runnervm3jyl0" duration="00:00:00.1145700" startTime="2026-05-30T13:58:55.8001890+00:00" endTime="2026-05-30T13:58:55.8001892+00:00" testType="13cdc9d9-ddb5-4fa4-a97d-d965ccfc6d4b" outcome="Passed" testListId="8c84fa94-04c1-424b-9868-57a2d4851a1d" relativeResultsDirectory="8cd4b2dd-e6fb-4429-9b63-9e92b815ed4f" />
    <UnitTestResult executionId="2ba9fe89-1bb0-49c0-be6b-cdc5f053b105" testId="ae5b0ad7-6fd2-67e9-8fdb-2e05d69ddcc5" testName="ArchLucid.Analyzers.Tests.RequireAuthorizationAnalyzerTests.Does_not_report_when_base_type_has_Authorize" computerName="runnervm3jyl0" duration="00:00:00.0095095" startTime="2026-05-30T13:58:56.0259278+00:00" endTime="2026-05-30T13:58:56.0259280+00:00" testType="13cdc9d9-ddb5-4fa4-a97d-d965ccfc6d4b" outcome="Passed" testListId="8c84fa94-04c1-424b-9868-57a2d4851a1d" relativeResultsDirectory="2ba9fe89-1bb0-49c0-be6b-cdc5f053b105" />
    <UnitTestResult executionId="6ad21fbb-9647-42ca-98ca-0fc9d7d5c016" testId="017de10f-5cb7-5ebc-fca0-09a1cd4c961f" testName="ArchLucid.Analyzers.Tests.NakedDateTimeAnalyzerTests.Reports_DateTime_UtcNow_in_inner_assembly" computerName="runnervm3jyl0" duration="00:00:00.0290294" startTime="2026-05-30T13:58:55.8532996+00:00" endTime="2026-05-30T13:58:55.8532997+00:00" testType="13cdc9d9-ddb5-4fa4-a97d-d965ccfc6d4b" outcome="Passed" testListId="8c84fa94-04c1-424b-9868-57a2d4851a1d" relativeResultsDirectory="6ad21fbb-9647-42ca-98ca-0fc9d7d5c016" />
    <UnitTestResult executionId="adfd3c6b-e591-451b-94db-4042dd0827bb" testId="f22ab46c-f3ee-aa55-b8d7-d783e7b4c436" testName="ArchLucid.Analyzers.Tests.ForeachToLinqAnalyzerTests.Does_not_emit_for_test_named_assembly_without_transform" computerName="runnervm3jyl0" duration="00:00:00.0133563" startTime="2026-05-30T13:58:55.6842785+00:00" endTime="2026-05-30T13:58:55.6842790+00:00" testType="13cdc9d9-ddb5-4fa4-a97d-d965ccfc6d4b" outcome="Passed" testListId="8c84fa94-04c1-424b-9868-57a2d4851a1d" relativeResultsDirectory="adfd3c6b-e591-451b-94db-4042dd0827bb" />
    <UnitTestResult executionId="c9208206-eee7-49c1-8b9d-5e4c9e25f013" testId="0177a049-cc6d-409a-c88c-a6d76259d202" testName="ArchLucid.Analyzers.Tests.TenantIdentityBoundaryAnalyzerTests.Reports_IHttpContextAccessor_in_inner_layer_assembly" computerName="runnervm3jyl0" duration="00:00:00.1425589" startTime="2026-05-30T13:58:54.6620379+00:00" endTime="2026-05-30T13:58:54.6620381+00:00" testType="13cdc9d9-ddb5-4fa4-a97d-d965ccfc6d4b" outcome="Passed" testListId="8c84fa94-04c1-424b-9868-57a2d4851a1d" relativeResultsDirectory="c9208206-eee7-49c1-8b9d-5e4c9e25f013" />
  </Results>
  <TestDefinitions>
    <UnitTest name="ArchLucid.Analyzers.Tests.MutatingControllerAuditAnalyzerTests.Mutating_audit_excluded_attribute_suppresses_AL0003" storage="/home/runner/work/archlucid/archlucid/archlucid.analyzers.tests/bin/release/net10.0/archlucid.analyzers.tests.dll" id="0a01f1d0-1855-e6c9-6d5c-533aa0a2c645">
      <Execution id="3671fa55-3ee0-4bcd-8202-2d148f7e8de5" />
      <TestMethod codeBase="/home/runner/work/ArchLucid/ArchLucid/ArchLucid.Analyzers.Tests/bin/Release/net10.0/ArchLucid.Analyzers.Tests.dll" adapterTypeName="executor://xunit/VsTestRunner2/netcoreapp" className="ArchLucid.Analyzers.Tests.MutatingControllerAuditAnalyzerTests" name="Mutating_audit_excluded_attribute_suppresses_AL0003" />
    </UnitTest>
    <UnitTest name="ArchLucid.Analyzers.Tests.ForeachToLinqAnalyzerTests.CodeFix_replaces_filtered_loop_with_Where_AddRange" storage="/home/runner/work/archlucid/archlucid/archlucid.analyzers.tests/bin/release/net10.0/archlucid.analyzers.tests.dll" id="7defcc72-88b1-d81f-385d-b9d37de67f0b">
      <Execution id="f17fc6f2-ca5f-436c-af2d-01f60a8012d6" />
      <TestMethod codeBase="/home/runner/work/ArchLucid/ArchLucid/ArchLucid.Analyzers.Tests/bin/Release/net10.0/ArchLucid.Analyzers.Tests.dll" adapterTypeName="executor://xunit/VsTestRunner2/netcoreapp" className="ArchLucid.Analyzers.Tests.ForeachToLinqAnalyzerTests" name="CodeFix_replaces_filtered_loop_with_Where_AddRange" />
    </UnitTest>
    <UnitTest name="ArchLucid.Analyzers.Tests.RequireAuthorizationAnalyzerTests.Does_not_report_when_base_type_has_Authorize" storage="/home/runner/work/archlucid/archlucid/archlucid.analyzers.tests/bin/release/net10.0/archlucid.analyzers.tests.dll" id="ae5b0ad7-6fd2-67e9-8fdb-2e05d69ddcc5">
      <Execution id="2ba9fe89-1bb0-49c0-be6b-cdc5f053b105" />
      <TestMethod codeBase="/home/runner/work/ArchLucid/ArchLucid/ArchLucid.Analyzers.Tests/bin/Release/net10.0/ArchLucid.Analyzers.Tests.dll" adapterTypeName="executor://xunit/VsTestRunner2/netcoreapp" className="ArchLucid.Analyzers.Tests.RequireAuthorizationAnalyzerTests" name="Does_not_report_when_base_type_has_Authorize" />
    </UnitTest>
    <UnitTest name="ArchLucid.Analyzers.Tests.ForeachToLinqAnalyzerTests.CodeFix_replaces_projection_loop_with_Select_AddRange" storage="/home/runner/work/archlucid/archlucid/archlucid.analyzers.tests/bin/release/net10.0/archlucid.analyzers.tests.dll" id="3a1a7478-c919-e567-e89b-8a0bca5021c3">
      <Execution id="8cd4b2dd-e6fb-4429-9b63-9e92b815ed4f" />
      <TestMethod codeBase="/home/runner/work/ArchLucid/ArchLucid/ArchLucid.Analyzers.Tests/bin/Release/net10.0/ArchLucid.Analyzers.Tests.dll" adapterTypeName="executor://xunit/VsTestRunner2/netcoreapp" className="ArchLucid.Analyzers.Tests.ForeachToLinqAnalyzerTests" name="CodeFix_replaces_projection_loop_with_Select_AddRange" />
    </UnitTest>
    <UnitTest name="ArchLucid.Analyzers.Tests.MissingCancellationTokenAnalyzerTests.Does_not_report_non_interface_classes" storage="/home/runner/work/archlucid/archlucid/archlucid.analyzers.tests/bin/release/net10.0/archlucid.analyzers.tests.dll" id="1e4ad11b-06c5-6fe2-4f7e-a24df5b5f759">
      <Execution id="c2ef0038-25e2-40ae-ada3-9d08e485c56c" />
      <TestMethod codeBase="/home/runner/work/ArchLucid/ArchLucid/ArchLucid.Analyzers.Tests/bin/Release/net10.0/ArchLucid.Analyzers.Tests.dll" adapterTypeName="executor://xunit/VsTestRunner2/netcoreapp" className="ArchLucid.Analyzers.Tests.MissingCancellationTokenAnalyzerTests" name="Does_not_report_non_interface_classes" />
    </UnitTest>
    <UnitTest name="ArchLucid.Analyzers.Tests.MutatingControllerAuditAnalyzerTests.Http_Get_actions_do_not_require_audit" storage="/home/runner/work/archlucid/archlucid/archlucid.analyzers.tests/bin/release/net10.0/archlucid.analyzers.tests.dll" id="ca6504f9-6243-836d-bbc2-23fe30f02491">
      <Execution id="eb20bb61-f8b7-4fe6-a681-e7d25066b882" />
      <TestMethod codeBase="/home/runner/work/ArchLucid/ArchLucid/ArchLucid.Analyzers.Tests/bin/Release/net10.0/ArchLucid.Analyzers.Tests.dll" adapterTypeName="executor://xunit/VsTestRunner2/netcoreapp" className="ArchLucid.Analyzers.Tests.MutatingControllerAuditAnalyzerTests" name="Http_Get_actions_do_not_require_audit" />
    </UnitTest>
    <UnitTest name="ArchLucid.Analyzers.Tests.MutableStaticAnalyzerTests.Does_not_flag_in_non_Application_assembly" storage="/home/runner/work/archlucid/archlucid/archlucid.analyzers.tests/bin/release/net10.0/archlucid.analyzers.tests.dll" id="ab3db8a6-3c1a-e6e0-4cf2-99e706507ee1">
      <Execution id="ef9b93ae-00b7-4f57-82ca-fead34f654ef" />
      <TestMethod codeBase="/home/runner/work/ArchLucid/ArchLucid/ArchLucid.Analyzers.Tests/bin/Release/net10.0/ArchLucid.Analyzers.Tests.dll" adapterTypeName="executor://xunit/VsTestRunner2/netcoreapp" className="ArchLucid.Analyzers.Tests.MutableStaticAnalyzerTests" name="Does_not_flag_in_non_Application_assembly" />
    </UnitTest>
    <UnitTest name="ArchLucid.Analyzers.Tests.NakedDateTimeAnalyzerTests.Does_not_report_in_host_allow_listed_assembly" storage="/home/runner/work/archlucid/archlucid/archlucid.analyzers.tests/bin/release/net10.0/archlucid.analyzers.tests.dll" id="afdce994-1bad-48d2-1c66-5f246c7e589d">
      <Execution id="9d652295-d58c-49e1-b6ac-d558ce5a0eac" />
      <TestMethod codeBase="/home/runner/work/ArchLucid/ArchLucid/ArchLucid.Analyzers.Tests/bin/Release/net10.0/ArchLucid.Analyzers.Tests.dll" adapterTypeName="executor://xunit/VsTestRunner2/netcoreapp" className="ArchLucid.Analyzers.Tests.NakedDateTimeAnalyzerTests" name="Does_not_report_in_host_allow_listed_assembly" />
    </UnitTest>
    <UnitTest name="ArchLucid.Analyzers.Tests.TenantIdentityBoundaryAnalyzerTests.Reports_IHttpContextAccessor_in_inner_layer_assembly" storage="/home/runner/work/archlucid/archlucid/archlucid.analyzers.tests/bin/release/net10.0/archlucid.analyzers.tests.dll" id="0177a049-cc6d-409a-c88c-a6d76259d202">
      <Execution id="c9208206-eee7-49c1-8b9d-5e4c9e25f013" />
      <TestMethod codeBase="/home/runner/work/ArchLucid/ArchLucid/ArchLucid.Analyzers.Tests/bin/Release/net10.0/ArchLucid.Analyzers.Tests.dll" adapterTypeName="executor://xunit/VsTestRunner2/netcoreapp" className="ArchLucid.Analyzers.Tests.TenantIdentityBoundaryAnalyzerTests" name="Reports_IHttpContextAccessor_in_inner_layer_assembly" />
    </UnitTest>
    <UnitTest name="ArchLucid.Analyzers.Tests.MutableStaticAnalyzerTests.Does_not_flag_static_readonly_field" storage="/home/runner/work/archlucid/archlucid/archlucid.analyzers.tests/bin/release/net10.0/archlucid.analyzers.tests.dll" id="c95dd49b-5c53-7d1a-0c1e-9a793cc019f3">
      <Execution id="45b5f6b0-91a8-4db6-b62c-64867c293bc5" />
      <TestMethod codeBase="/home/runner/work/ArchLucid/ArchLucid/ArchLucid.Analyzers.Tests/bin/Release/net10.0/ArchLucid.Analyzers.Tests.dll" adapterTypeName="executor://xunit/VsTestRunner2/netcoreapp" className="ArchLucid.Analyzers.Tests.MutableStaticAnalyzerTests" name="Does_not_flag_static_readonly_field" />
    </UnitTest>
    <UnitTest name="ArchLucid.Analyzers.Tests.MutatingControllerAuditAnalyzerTests.AL0003_reports_when_HttpPost_action_lacks_IAudit_LogAsync" storage="/home/runner/work/archlucid/archlucid/archlucid.analyzers.tests/bin/release/net10.0/archlucid.analyzers.tests.dll" id="e8a22e2c-0ea0-3b52-6ae7-66002807153c">
      <Execution id="0a7f2e35-7770-4161-91ed-285e127b73ee" />
      <TestMethod codeBase="/home/runner/work/ArchLucid/ArchLucid/ArchLucid.Analyzers.Tests/bin/Release/net10.0/ArchLucid.Analyzers.Tests.dll" adapterTypeName="executor://xunit/VsTestRunner2/netcoreapp" className="ArchLucid.Analyzers.Tests.MutatingControllerAuditAnalyzerTests" name="AL0003_reports_when_HttpPost_action_lacks_IAudit_LogAsync" />
    </UnitTest>
    <UnitTest name="ArchLucid.Analyzers.Tests.NakedDateTimeAnalyzerTests.Reports_DateTime_UtcNow_in_inner_assembly" storage="/home/runner/work/archlucid/archlucid/archlucid.analyzers.tests/bin/release/net10.0/archlucid.analyzers.tests.dll" id="017de10f-5cb7-5ebc-fca0-09a1cd4c961f">
      <Execution id="6ad21fbb-9647-42ca-98ca-0fc9d7d5c016" />
      <TestMethod codeBase="/home/runner/work/ArchLucid/ArchLucid/ArchLucid.Analyzers.Tests/bin/Release/net10.0/ArchLucid.Analyzers.Tests.dll" adapterTypeName="executor://xunit/VsTestRunner2/netcoreapp" className="ArchLucid.Analyzers.Tests.NakedDateTimeAnalyzerTests" name="Reports_DateTime_UtcNow_in_inner_assembly" />
    </UnitTest>
    <UnitTest name="ArchLucid.Analyzers.Tests.RequireAuthorizationAnalyzerTests.Does_not_report_when_controller_has_Authorize" storage="/home/runner/work/archlucid/archlucid/archlucid.analyzers.tests/bin/release/net10.0/archlucid.analyzers.tests.dll" id="71836061-b337-31f1-fd70-6a0d31f99946">
      <Execution id="f6bf7302-60dc-422c-87b0-5578d12733b9" />
      <TestMethod codeBase="/home/runner/work/ArchLucid/ArchLucid/ArchLucid.Analyzers.Tests/bin/Release/net10.0/ArchLucid.Analyzers.Tests.dll" adapterTypeName="executor://xunit/VsTestRunner2/netcoreapp" className="ArchLucid.Analyzers.Tests.RequireAuthorizationAnalyzerTests" name="Does_not_report_when_controller_has_Authorize" />
    </UnitTest>
    <UnitTest name="ArchLucid.Analyzers.Tests.MissingCancellationTokenAnalyzerTests.Reports_IFooService_Task_method_without_CancellationToken" storage="/home/runner/work/archlucid/archlucid/archlucid.analyzers.tests/bin/release/net10.0/archlucid.analyzers.tests.dll" id="0206e6eb-9b76-59b0-5a69-5995ac26b2be">
      <Execution id="9cbdb9fd-dcfe-4878-a834-7b8f9f19a161" />
      <TestMethod codeBase="/home/runner/work/ArchLucid/ArchLucid/ArchLucid.Analyzers.Tests/bin/Release/net10.0/ArchLucid.Analyzers.Tests.dll" adapterTypeName="executor://xunit/VsTestRunner2/netcoreapp" className="ArchLucid.Analyzers.Tests.MissingCancellationTokenAnalyzerTests" name="Reports_IFooService_Task_method_without_CancellationToken" />
    </UnitTest>
    <UnitTest name="ArchLucid.Analyzers.Tests.MutatingControllerAuditAnalyzerTests.AL0003_is_absent_when_LogAsync_is_awaited" storage="/home/runner/work/archlucid/archlucid/archlucid.analyzers.tests/bin/release/net10.0/archlucid.analyzers.tests.dll" id="0150907d-fb11-4ef4-a7c1-4b98104cd72b">
      <Execution id="80d2d668-2aae-4e51-a358-7cdefc7d0028" />
      <TestMethod codeBase="/home/runner/work/ArchLucid/ArchLucid/ArchLucid.Analyzers.Tests/bin/Release/net10.0/ArchLucid.Analyzers.Tests.dll" adapterTypeName="executor://xunit/VsTestRunner2/netcoreapp" className="ArchLucid.Analyzers.Tests.MutatingControllerAuditAnalyzerTests" name="AL0003_is_absent_when_LogAsync_is_awaited" />
    </UnitTest>
    <UnitTest name="ArchLucid.Analyzers.Tests.ForeachToLinqAnalyzerTests.Does_not_emit_for_test_named_assembly_without_transform" storage="/home/runner/work/archlucid/archlucid/archlucid.analyzers.tests/bin/release/net10.0/archlucid.analyzers.tests.dll" id="f22ab46c-f3ee-aa55-b8d7-d783e7b4c436">
      <Execution id="adfd3c6b-e591-451b-94db-4042dd0827bb" />
      <TestMethod codeBase="/home/runner/work/ArchLucid/ArchLucid/ArchLucid.Analyzers.Tests/bin/Release/net10.0/ArchLucid.Analyzers.Tests.dll" adapterTypeName="executor://xunit/VsTestRunner2/netcoreapp" className="ArchLucid.Analyzers.Tests.ForeachToLinqAnalyzerTests" name="Does_not_emit_for_test_named_assembly_without_transform" />
    </UnitTest>
    <UnitTest name="ArchLucid.Analyzers.Tests.MutableStaticAnalyzerTests.Flags_non_readonly_static_field_in_Application" storage="/home/runner/work/archlucid/archlucid/archlucid.analyzers.tests/bin/release/net10.0/archlucid.analyzers.tests.dll" id="d89eaab2-e809-2fa4-718f-0746f15a05d3">
      <Execution id="f3b4cbcf-1988-4cb6-854b-0931ae2b3fe3" />
      <TestMethod codeBase="/home/runner/work/ArchLucid/ArchLucid/ArchLucid.Analyzers.Tests/bin/Release/net10.0/ArchLucid.Analyzers.Tests.dll" adapterTypeName="executor://xunit/VsTestRunner2/netcoreapp" className="ArchLucid.Analyzers.Tests.MutableStaticAnalyzerTests" name="Flags_non_readonly_static_field_in_Application" />
    </UnitTest>
    <UnitTest name="ArchLucid.Analyzers.Tests.MissingCancellationTokenAnalyzerTests.Does_not_report_when_CancellationToken_is_present" storage="/home/runner/work/archlucid/archlucid/archlucid.analyzers.tests/bin/release/net10.0/archlucid.analyzers.tests.dll" id="bee68e5b-7ed3-9722-7eeb-586008617a67">
      <Execution id="dee46036-2ad8-4bae-9cb1-2f44e68decb1" />
      <TestMethod codeBase="/home/runner/work/ArchLucid/ArchLucid/ArchLucid.Analyzers.Tests/bin/Release/net10.0/ArchLucid.Analyzers.Tests.dll" adapterTypeName="executor://xunit/VsTestRunner2/netcoreapp" className="ArchLucid.Analyzers.Tests.MissingCancellationTokenAnalyzerTests" name="Does_not_report_when_CancellationToken_is_present" />
    </UnitTest>
    <UnitTest name="ArchLucid.Analyzers.Tests.TenantIdentityBoundaryAnalyzerTests.Reports_ClaimsPrincipal_in_inner_layer_assembly" storage="/home/runner/work/archlucid/archlucid/archlucid.analyzers.tests/bin/release/net10.0/archlucid.analyzers.tests.dll" id="5263105c-2a6f-96aa-c941-7662dc0eaabe">
      <Execution id="4eb6f8be-9d4c-42f6-82ce-5cb09e6d746e" />
      <TestMethod codeBase="/home/runner/work/ArchLucid/ArchLucid/ArchLucid.Analyzers.Tests/bin/Release/net10.0/ArchLucid.Analyzers.Tests.dll" adapterTypeName="executor://xunit/VsTestRunner2/netcoreapp" className="ArchLucid.Analyzers.Tests.TenantIdentityBoundaryAnalyzerTests" name="Reports_ClaimsPrincipal_in_inner_layer_assembly" />
    </UnitTest>
    <UnitTest name="ArchLucid.Analyzers.Tests.DirectHttpClientConstructionAnalyzerTests.Does_not_flag_IHttpClientFactory_CreateClient" storage="/home/runner/work/archlucid/archlucid/archlucid.analyzers.tests/bin/release/net10.0/archlucid.analyzers.tests.dll" id="c4e60db8-aa0d-0481-e454-dcec04bc28ec">
      <Execution id="6f55c96b-8018-4559-80fa-1a7c56050369" />
      <TestMethod codeBase="/home/runner/work/ArchLucid/ArchLucid/ArchLucid.Analyzers.Tests/bin/Release/net10.0/ArchLucid.Analyzers.Tests.dll" adapterTypeName="executor://xunit/VsTestRunner2/netcoreapp" className="ArchLucid.Analyzers.Tests.DirectHttpClientConstructionAnalyzerTests" name="Does_not_flag_IHttpClientFactory_CreateClient" />
    </UnitTest>
    <UnitTest name="ArchLucid.Analyzers.Tests.MutatingControllerAuditAnalyzerTests.Allowlist_additional_text_suppresses_AL0003" storage="/home/runner/work/archlucid/archlucid/archlucid.analyzers.tests/bin/release/net10.0/archlucid.analyzers.tests.dll" id="bb6565d3-3e29-c4a0-7a33-1cdf141bd475">
      <Execution id="e4bccffc-a108-455a-a639-70654c1a33c8" />
      <TestMethod codeBase="/home/runner/work/ArchLucid/ArchLucid/ArchLucid.Analyzers.Tests/bin/Release/net10.0/ArchLucid.Analyzers.Tests.dll" adapterTypeName="executor://xunit/VsTestRunner2/netcoreapp" className="ArchLucid.Analyzers.Tests.MutatingControllerAuditAnalyzerTests" name="Allowlist_additional_text_suppresses_AL0003" />
    </UnitTest>
    <UnitTest name="ArchLucid.Analyzers.Tests.MissingCancellationTokenAnalyzerTests.Does_not_report_when_suppressed_with_ARCH003" storage="/home/runner/work/archlucid/archlucid/archlucid.analyzers.tests/bin/release/net10.0/archlucid.analyzers.tests.dll" id="e3af9e51-4966-f042-7fd9-05b5684d642b">
      <Execution id="9a870a38-9502-4f5b-a254-4ebf139dbcb3" />
      <TestMethod codeBase="/home/runner/work/ArchLucid/ArchLucid/ArchLucid.Analyzers.Tests/bin/Release/net10.0/ArchLucid.Analyzers.Tests.dll" adapterTypeName="executor://xunit/VsTestRunner2/netcoreapp" className="ArchLucid.Analyzers.Tests.MissingCancellationTokenAnalyzerTests" name="Does_not_report_when_suppressed_with_ARCH003" />
    </UnitTest>
    <UnitTest name="ArchLucid.Analyzers.Tests.DirectHttpClientConstructionAnalyzerTests.Reports_new_HttpClient_in_product_assembly" storage="/home/runner/work/archlucid/archlucid/archlucid.analyzers.tests/bin/release/net10.0/archlucid.analyzers.tests.dll" id="1b87f105-657d-deb2-0f82-7b96a213af50">
      <Execution id="049896d9-0a2a-44ba-9f2f-38a5bf82182c" />
      <TestMethod codeBase="/home/runner/work/ArchLucid/ArchLucid/ArchLucid.Analyzers.Tests/bin/Release/net10.0/ArchLucid.Analyzers.Tests.dll" adapterTypeName="executor://xunit/VsTestRunner2/netcoreapp" className="ArchLucid.Analyzers.Tests.DirectHttpClientConstructionAnalyzerTests" name="Reports_new_HttpClient_in_product_assembly" />
    </UnitTest>
    <UnitTest name="ArchLucid.Analyzers.Tests.TenantIdentityBoundaryAnalyzerTests.Does_not_report_when_assembly_is_api_boundary" storage="/home/runner/work/archlucid/archlucid/archlucid.analyzers.tests/bin/release/net10.0/archlucid.analyzers.tests.dll" id="0fcd07fe-efad-1db2-d7b2-a54ecac08f25">
      <Execution id="0366aaf1-cf24-4e4e-b1b7-04a47244a978" />
      <TestMethod codeBase="/home/runner/work/ArchLucid/ArchLucid/ArchLucid.Analyzers.Tests/bin/Release/net10.0/ArchLucid.Analyzers.Tests.dll" adapterTypeName="executor://xunit/VsTestRunner2/netcoreapp" className="ArchLucid.Analyzers.Tests.TenantIdentityBoundaryAnalyzerTests" name="Does_not_report_when_assembly_is_api_boundary" />
    </UnitTest>
    <UnitTest name="ArchLucid.Analyzers.Tests.RequireAuthorizationAnalyzerTests.Reports_public_action_without_authorization_when_controller_has_none" storage="/home/runner/work/archlucid/archlucid/archlucid.analyzers.tests/bin/release/net10.0/archlucid.analyzers.tests.dll" id="38f9425e-3073-f6b6-deac-b3708c1eed90">
      <Execution id="270451ca-1d4c-48e2-8270-0d58f1afa5ae" />
      <TestMethod codeBase="/home/runner/work/ArchLucid/ArchLucid/ArchLucid.Analyzers.Tests/bin/Release/net10.0/ArchLucid.Analyzers.Tests.dll" adapterTypeName="executor://xunit/VsTestRunner2/netcoreapp" className="ArchLucid.Analyzers.Tests.RequireAuthorizationAnalyzerTests" name="Reports_public_action_without_authorization_when_controller_has_none" />
    </UnitTest>
    <UnitTest name="ArchLucid.Analyzers.Tests.NakedDateTimeAnalyzerTests.Does_not_report_TimeProvider_or_IClock_usage" storage="/home/runner/work/archlucid/archlucid/archlucid.analyzers.tests/bin/release/net10.0/archlucid.analyzers.tests.dll" id="7a58b775-bf37-0bb5-1fdb-11d4f511c0e8">
      <Execution id="9cfa1c43-4f69-40b4-8a60-8a01603c8e12" />
      <TestMethod codeBase="/home/runner/work/ArchLucid/ArchLucid/ArchLucid.Analyzers.Tests/bin/Release/net10.0/ArchLucid.Analyzers.Tests.dll" adapterTypeName="executor://xunit/VsTestRunner2/netcoreapp" className="ArchLucid.Analyzers.Tests.NakedDateTimeAnalyzerTests" name="Does_not_report_TimeProvider_or_IClock_usage" />
    </UnitTest>
    <UnitTest name="ArchLucid.Analyzers.Tests.RequireAuthorizationAnalyzerTests.Reports_controller_when_there_are_no_public_actions" storage="/home/runner/work/archlucid/archlucid/archlucid.analyzers.tests/bin/release/net10.0/archlucid.analyzers.tests.dll" id="617f3262-c2c6-4cb7-8b84-86d816055281">
      <Execution id="5dac906b-5ebb-4103-a431-88083f313da8" />
      <TestMethod codeBase="/home/runner/work/ArchLucid/ArchLucid/ArchLucid.Analyzers.Tests/bin/Release/net10.0/ArchLucid.Analyzers.Tests.dll" adapterTypeName="executor://xunit/VsTestRunner2/netcoreapp" className="ArchLucid.Analyzers.Tests.RequireAuthorizationAnalyzerTests" name="Reports_controller_when_there_are_no_public_actions" />
    </UnitTest>
    <UnitTest name="ArchLucid.Analyzers.Tests.RequireAuthorizationAnalyzerTests.Reports_only_action_missing_authorization_when_another_action_is_Authorized" storage="/home/runner/work/archlucid/archlucid/archlucid.analyzers.tests/bin/release/net10.0/archlucid.analyzers.tests.dll" id="b9c82799-b93f-bfea-3f4d-73dc8555c1b9">
      <Execution id="f92dc2b2-a9db-4eca-a270-90a1bf52a753" />
      <TestMethod codeBase="/home/runner/work/ArchLucid/ArchLucid/ArchLucid.Analyzers.Tests/bin/Release/net10.0/ArchLucid.Analyzers.Tests.dll" adapterTypeName="executor://xunit/VsTestRunner2/netcoreapp" className="ArchLucid.Analyzers.Tests.RequireAuthorizationAnalyzerTests" name="Reports_only_action_missing_authorization_when_another_action_is_Authorized" />
    </UnitTest>
  </TestDefinitions>
  <TestEntries>
    <TestEntry testId="5263105c-2a6f-96aa-c941-7662dc0eaabe" executionId="4eb6f8be-9d4c-42f6-82ce-5cb09e6d746e" testListId="8c84fa94-04c1-424b-9868-57a2d4851a1d" />
    <TestEntry testId="0fcd07fe-efad-1db2-d7b2-a54ecac08f25" executionId="0366aaf1-cf24-4e4e-b1b7-04a47244a978" testListId="8c84fa94-04c1-424b-9868-57a2d4851a1d" />
    <TestEntry testId="ca6504f9-6243-836d-bbc2-23fe30f02491" executionId="eb20bb61-f8b7-4fe6-a681-e7d25066b882" testListId="8c84fa94-04c1-424b-9868-57a2d4851a1d" />
    <TestEntry testId="1b87f105-657d-deb2-0f82-7b96a213af50" executionId="049896d9-0a2a-44ba-9f2f-38a5bf82182c" testListId="8c84fa94-04c1-424b-9868-57a2d4851a1d" />
    <TestEntry testId="0150907d-fb11-4ef4-a7c1-4b98104cd72b" executionId="80d2d668-2aae-4e51-a358-7cdefc7d0028" testListId="8c84fa94-04c1-424b-9868-57a2d4851a1d" />
    <TestEntry testId="b9c82799-b93f-bfea-3f4d-73dc8555c1b9" executionId="f92dc2b2-a9db-4eca-a270-90a1bf52a753" testListId="8c84fa94-04c1-424b-9868-57a2d4851a1d" />
    <TestEntry testId="ab3db8a6-3c1a-e6e0-4cf2-99e706507ee1" executionId="ef9b93ae-00b7-4f57-82ca-fead34f654ef" testListId="8c84fa94-04c1-424b-9868-57a2d4851a1d" />
    <TestEntry testId="617f3262-c2c6-4cb7-8b84-86d816055281" executionId="5dac906b-5ebb-4103-a431-88083f313da8" testListId="8c84fa94-04c1-424b-9868-57a2d4851a1d" />
    <TestEntry testId="7a58b775-bf37-0bb5-1fdb-11d4f511c0e8" executionId="9cfa1c43-4f69-40b4-8a60-8a01603c8e12" testListId="8c84fa94-04c1-424b-9868-57a2d4851a1d" />
    <TestEntry testId="e3af9e51-4966-f042-7fd9-05b5684d642b" executionId="9a870a38-9502-4f5b-a254-4ebf139dbcb3" testListId="8c84fa94-04c1-424b-9868-57a2d4851a1d" />
    <TestEntry testId="0206e6eb-9b76-59b0-5a69-5995ac26b2be" executionId="9cbdb9fd-dcfe-4878-a834-7b8f9f19a161" testListId="8c84fa94-04c1-424b-9868-57a2d4851a1d" />
    <TestEntry testId="38f9425e-3073-f6b6-deac-b3708c1eed90" executionId="270451ca-1d4c-48e2-8270-0d58f1afa5ae" testListId="8c84fa94-04c1-424b-9868-57a2d4851a1d" />
    <TestEntry testId="afdce994-1bad-48d2-1c66-5f246c7e589d" executionId="9d652295-d58c-49e1-b6ac-d558ce5a0eac" testListId="8c84fa94-04c1-424b-9868-57a2d4851a1d" />
    <TestEntry testId="71836061-b337-31f1-fd70-6a0d31f99946" executionId="f6bf7302-60dc-422c-87b0-5578d12733b9" testListId="8c84fa94-04c1-424b-9868-57a2d4851a1d" />
    <TestEntry testId="1e4ad11b-06c5-6fe2-4f7e-a24df5b5f759" executionId="c2ef0038-25e2-40ae-ada3-9d08e485c56c" testListId="8c84fa94-04c1-424b-9868-57a2d4851a1d" />
    <TestEntry testId="bee68e5b-7ed3-9722-7eeb-586008617a67" executionId="dee46036-2ad8-4bae-9cb1-2f44e68decb1" testListId="8c84fa94-04c1-424b-9868-57a2d4851a1d" />
    <TestEntry testId="bb6565d3-3e29-c4a0-7a33-1cdf141bd475" executionId="e4bccffc-a108-455a-a639-70654c1a33c8" testListId="8c84fa94-04c1-424b-9868-57a2d4851a1d" />
    <TestEntry testId="0a01f1d0-1855-e6c9-6d5c-533aa0a2c645" executionId="3671fa55-3ee0-4bcd-8202-2d148f7e8de5" testListId="8c84fa94-04c1-424b-9868-57a2d4851a1d" />
    <TestEntry testId="c95dd49b-5c53-7d1a-0c1e-9a793cc019f3" executionId="45b5f6b0-91a8-4db6-b62c-64867c293bc5" testListId="8c84fa94-04c1-424b-9868-57a2d4851a1d" />
    <TestEntry testId="e8a22e2c-0ea0-3b52-6ae7-66002807153c" executionId="0a7f2e35-7770-4161-91ed-285e127b73ee" testListId="8c84fa94-04c1-424b-9868-57a2d4851a1d" />
    <TestEntry testId="c4e60db8-aa0d-0481-e454-dcec04bc28ec" executionId="6f55c96b-8018-4559-80fa-1a7c56050369" testListId="8c84fa94-04c1-424b-9868-57a2d4851a1d" />
    <TestEntry testId="7defcc72-88b1-d81f-385d-b9d37de67f0b" executionId="f17fc6f2-ca5f-436c-af2d-01f60a8012d6" testListId="8c84fa94-04c1-424b-9868-57a2d4851a1d" />
    <TestEntry testId="d89eaab2-e809-2fa4-718f-0746f15a05d3" executionId="f3b4cbcf-1988-4cb6-854b-0931ae2b3fe3" testListId="8c84fa94-04c1-424b-9868-57a2d4851a1d" />
    <TestEntry testId="3a1a7478-c919-e567-e89b-8a0bca5021c3" executionId="8cd4b2dd-e6fb-4429-9b63-9e92b815ed4f" testListId="8c84fa94-04c1-424b-9868-57a2d4851a1d" />
    <TestEntry testId="ae5b0ad7-6fd2-67e9-8fdb-2e05d69ddcc5" executionId="2ba9fe89-1bb0-49c0-be6b-cdc5f053b105" testListId="8c84fa94-04c1-424b-9868-57a2d4851a1d" />
    <TestEntry testId="017de10f-5cb7-5ebc-fca0-09a1cd4c961f" executionId="6ad21fbb-9647-42ca-98ca-0fc9d7d5c016" testListId="8c84fa94-04c1-424b-9868-57a2d4851a1d" />
    <TestEntry testId="f22ab46c-f3ee-aa55-b8d7-d783e7b4c436" executionId="adfd3c6b-e591-451b-94db-4042dd0827bb" testListId="8c84fa94-04c1-424b-9868-57a2d4851a1d" />
    <TestEntry testId="0177a049-cc6d-409a-c88c-a6d76259d202" executionId="c9208206-eee7-49c1-8b9d-5e4c9e25f013" testListId="8c84fa94-04c1-424b-9868-57a2d4851a1d" />
  </TestEntries>
  <TestLists>
    <TestList name="Results Not in a List" id="8c84fa94-04c1-424b-9868-57a2d4851a1d" />
    <TestList name="All Loaded Results" id="19431567-8539-422a-85d7-44ee4e166bda" />
  </TestLists>
  <ResultSummary outcome="Completed">
    <Counters total="28" executed="28" passed="28" failed="0" error="0" timeout="0" aborted="0" inconclusive="0" passedButRunAborted="0" notRunnable="0" notExecuted="0" disconnected="0" warning="0" completed="0" inProgress="0" pending="0" />
    <Output>
      <StdOut>[xUnit.net 00:00:00.00] xUnit.net VSTest Adapter v2.8.2+699d445a1a (64-bit .NET 10.0.8)
[xUnit.net 00:00:00.06]   Discovering: ArchLucid.Analyzers.Tests
[xUnit.net 00:00:00.11]   Discovered:  ArchLucid.Analyzers.Tests
[xUnit.net 00:00:00.11]   Starting:    ArchLucid.Analyzers.Tests
[xUnit.net 00:00:03.82]   Finished:    ArchLucid.Analyzers.Tests
</StdOut>
    </Output>
    <CollectorDataEntries>
      <Collector agentName="runnervm3jyl0" uri="datacollector://microsoft/CoverletCodeCoverage/1.0" collectorDisplayName="XPlat code coverage">
        <UriAttachments>
          <UriAttachment>
            <A href="runnervm3jyl0/coverage.cobertura.xml"></A>
          </UriAttachment>
        </UriAttachments>
      </Collector>
    </CollectorDataEntries>
  </ResultSummary>
</TestRun>