<?xml version="1.0" encoding="utf-8"?>
<TestRun id="bb177c03-4664-4e69-852b-68bcf02b9a48" name="@runnervm3jyl0 2026-05-30 14:21:23" xmlns="http://microsoft.com/schemas/VisualStudio/TeamTest/2010">
  <Times creation="2026-05-30T14:21:23.3814896+00:00" queuing="2026-05-30T14:21:23.3814897+00:00" start="2026-05-30T14:20:52.6959234+00:00" finish="2026-05-30T14:21:24.4052806+00:00" />
  <TestSettings name="default" id="25ae66c3-ee84-4889-8db6-83247449279f">
    <Deployment runDeploymentRoot="_runnervm3jyl0_2026-05-30_14_21_23" />
  </TestSettings>
  <Results>
    <UnitTestResult executionId="30cd15fc-72ac-45a3-8142-247edd8c2d51" testId="9a63a106-71fc-e427-342a-9db33af6702b" testName="ArchLucid.Integrations.AzureDevOps.Tests.GoldenManifestCompareMarkdownFormatterTests.Format_throws_when_result_is_null" computerName="runnervm3jyl0" duration="00:00:00.0124413" startTime="2026-05-30T14:21:23.2570941+00:00" endTime="2026-05-30T14:21:23.2571352+00:00" testType="13cdc9d9-ddb5-4fa4-a97d-d965ccfc6d4b" outcome="Passed" testListId="8c84fa94-04c1-424b-9868-57a2d4851a1d" relativeResultsDirectory="30cd15fc-72ac-45a3-8142-247edd8c2d51" />
    <UnitTestResult executionId="7df526e8-54b4-49c3-9225-33a43088ed21" testId="b453506b-a170-cc50-c24e-ec7ec556bff2" testName="ArchLucid.Integrations.AzureDevOps.Tests.AzureDevOpsPullRequestDecoratorTests.PostManifestDeltaAsync_fallbacks_when_compare_request_throws" computerName="runnervm3jyl0" duration="00:00:00.0028286" startTime="2026-05-30T14:21:23.3326122+00:00" endTime="2026-05-30T14:21:23.3326123+00:00" testType="13cdc9d9-ddb5-4fa4-a97d-d965ccfc6d4b" outcome="Passed" testListId="8c84fa94-04c1-424b-9868-57a2d4851a1d" relativeResultsDirectory="7df526e8-54b4-49c3-9225-33a43088ed21" />
    <UnitTestResult executionId="636fc984-d3de-46ff-bcd9-083ae6887497" testId="690c684d-1bee-90cc-d6a3-d43113c95a46" testName="ArchLucid.Integrations.AzureDevOps.Tests.AzureDevOpsPullRequestDecoratorTests.PostManifestDeltaAsync_skips_when_pat_missing" computerName="runnervm3jyl0" duration="00:00:00.0034808" startTime="2026-05-30T14:21:23.3320683+00:00" endTime="2026-05-30T14:21:23.3320684+00:00" testType="13cdc9d9-ddb5-4fa4-a97d-d965ccfc6d4b" outcome="Passed" testListId="8c84fa94-04c1-424b-9868-57a2d4851a1d" relativeResultsDirectory="636fc984-d3de-46ff-bcd9-083ae6887497" />
    <UnitTestResult executionId="cf5605db-69c9-42ff-b1c8-18b386af40a7" testId="d6b08ce9-d023-05b4-0ee8-1d63ee4f0415" testName="ArchLucid.Integrations.AzureDevOps.Tests.GoldenManifestCompareMarkdownFormatterTests.Format_without_highlights_and_white_space_deep_link_behaves_like_no_link" computerName="runnervm3jyl0" duration="00:00:00.0025326" startTime="2026-05-30T14:21:23.2820942+00:00" endTime="2026-05-30T14:21:23.2820943+00:00" testType="13cdc9d9-ddb5-4fa4-a97d-d965ccfc6d4b" outcome="Passed" testListId="8c84fa94-04c1-424b-9868-57a2d4851a1d" relativeResultsDirectory="cf5605db-69c9-42ff-b1c8-18b386af40a7" />
    <UnitTestResult executionId="17d9b52b-5e85-45f3-a72f-cc5f823c7891" testId="fe59bf2d-8b66-3cb2-b018-22e95e1a64e8" testName="ArchLucid.Integrations.AzureDevOps.Tests.AzureDevOpsPullRequestDecoratorTests.PostManifestDeltaAsync_skips_compare_when_previous_run_id_empty" computerName="runnervm3jyl0" duration="00:00:00.0019910" startTime="2026-05-30T14:21:23.3332176+00:00" endTime="2026-05-30T14:21:23.3332178+00:00" testType="13cdc9d9-ddb5-4fa4-a97d-d965ccfc6d4b" outcome="Passed" testListId="8c84fa94-04c1-424b-9868-57a2d4851a1d" relativeResultsDirectory="17d9b52b-5e85-45f3-a72f-cc5f823c7891" />
    <UnitTestResult executionId="c2f5ce95-1e4d-44ef-bd19-fa55b6899200" testId="497ba7bf-8959-67f2-0a0e-6b8f7f4e6488" testName="ArchLucid.Integrations.AzureDevOps.Tests.AzureDevOpsRunSummaryMarkdownTests.Format_appends_operator_run_link_trimmed_when_configured" computerName="runnervm3jyl0" duration="00:00:00.0001498" startTime="2026-05-30T14:21:23.3292101+00:00" endTime="2026-05-30T14:21:23.3292102+00:00" testType="13cdc9d9-ddb5-4fa4-a97d-d965ccfc6d4b" outcome="Passed" testListId="8c84fa94-04c1-424b-9868-57a2d4851a1d" relativeResultsDirectory="c2f5ce95-1e4d-44ef-bd19-fa55b6899200" />
    <UnitTestResult executionId="f0735099-6273-4a0d-bb40-147d8e94669e" testId="ed2da2c6-7849-723f-e65a-cc33a31dcbd1" testName="ArchLucid.Integrations.AzureDevOps.Tests.AuthorityRunCompletedAzureDevOpsIntegrationEventHandlerTests.HandleAsync_wraps_bad_json_as_FormatException" computerName="runnervm3jyl0" duration="00:00:00.0020902" startTime="2026-05-30T14:21:23.4010751+00:00" endTime="2026-05-30T14:21:23.4010752+00:00" testType="13cdc9d9-ddb5-4fa4-a97d-d965ccfc6d4b" outcome="Passed" testListId="8c84fa94-04c1-424b-9868-57a2d4851a1d" relativeResultsDirectory="f0735099-6273-4a0d-bb40-147d8e94669e" />
    <UnitTestResult executionId="cf1cfdab-f484-4dec-9e51-53eef9024bf9" testId="02acf80a-3947-104f-1e23-44d331f86fb0" testName="ArchLucid.Integrations.AzureDevOps.Tests.AuthorityRunCompletedAzureDevOpsIntegrationEventHandlerTests.HandleAsync_no_ops_when_repository_or_pull_request_missing" computerName="runnervm3jyl0" duration="00:00:00.0032939" startTime="2026-05-30T14:21:23.3730231+00:00" endTime="2026-05-30T14:21:23.3730232+00:00" testType="13cdc9d9-ddb5-4fa4-a97d-d965ccfc6d4b" outcome="Passed" testListId="8c84fa94-04c1-424b-9868-57a2d4851a1d" relativeResultsDirectory="cf1cfdab-f484-4dec-9e51-53eef9024bf9" />
    <UnitTestResult executionId="12d750a9-90b3-4ff8-a1fb-8311f7070025" testId="811799ec-12bd-4894-accf-c538cb0f796f" testName="ArchLucid.Integrations.AzureDevOps.Tests.AzureDevOpsPullRequestWireFormatExtrasTests.SerializeStatusCreate_clamps_description_to_512_chars" computerName="runnervm3jyl0" duration="00:00:00.0073298" startTime="2026-05-30T14:21:23.3297992+00:00" endTime="2026-05-30T14:21:23.3297993+00:00" testType="13cdc9d9-ddb5-4fa4-a97d-d965ccfc6d4b" outcome="Passed" testListId="8c84fa94-04c1-424b-9868-57a2d4851a1d" relativeResultsDirectory="12d750a9-90b3-4ff8-a1fb-8311f7070025" />
    <UnitTestResult executionId="286f4217-81b1-430d-8956-93146f4b3c6d" testId="6f703e87-e668-f13e-8a17-bc868f66bc97" testName="ArchLucid.Integrations.AzureDevOps.Tests.AzureDevOpsPullRequestDecoratorTests.PostManifestDeltaAsync_sends_status_and_thread_with_basic_auth" computerName="runnervm3jyl0" duration="00:00:00.0051582" startTime="2026-05-30T14:21:23.3569504+00:00" endTime="2026-05-30T14:21:23.3569505+00:00" testType="13cdc9d9-ddb5-4fa4-a97d-d965ccfc6d4b" outcome="Passed" testListId="8c84fa94-04c1-424b-9868-57a2d4851a1d" relativeResultsDirectory="286f4217-81b1-430d-8956-93146f4b3c6d" />
    <UnitTestResult executionId="82ed75cf-d5ff-4250-86d3-2c1494db58a4" testId="3b5ec795-08e6-11cf-5e78-2191b529c9ec" testName="ArchLucid.Integrations.AzureDevOps.Tests.AzureDevOpsCommitStatusPublisherTests.PublishCommitOutcomeAsync_when_disabled_does_not_call_http" computerName="runnervm3jyl0" duration="00:00:00.1118703" startTime="2026-05-30T14:21:23.3390490+00:00" endTime="2026-05-30T14:21:23.3390491+00:00" testType="13cdc9d9-ddb5-4fa4-a97d-d965ccfc6d4b" outcome="Passed" testListId="8c84fa94-04c1-424b-9868-57a2d4851a1d" relativeResultsDirectory="82ed75cf-d5ff-4250-86d3-2c1494db58a4" />
    <UnitTestResult executionId="8fdcda02-600d-40f4-a303-1a7b8e91ff31" testId="a83b1b48-4245-d22b-580f-c2c96f3385de" testName="ArchLucid.Integrations.AzureDevOps.Tests.AzureDevOpsRunSummaryMarkdownTests.Format_orders_severity_buckets_by_descending_counts_with_unknown_when_severity_blank" computerName="runnervm3jyl0" duration="00:00:00.0030925" startTime="2026-05-30T14:21:23.2862421+00:00" endTime="2026-05-30T14:21:23.2862422+00:00" testType="13cdc9d9-ddb5-4fa4-a97d-d965ccfc6d4b" outcome="Passed" testListId="8c84fa94-04c1-424b-9868-57a2d4851a1d" relativeResultsDirectory="8fdcda02-600d-40f4-a303-1a7b8e91ff31" />
    <UnitTestResult executionId="32bcce10-9bc4-431d-9dd0-a3e28a1953ff" testId="f9afc3f9-62d9-873d-9405-55a078c93246" testName="ArchLucid.Integrations.AzureDevOps.Tests.AzureDevOpsPullRequestDecoratorTests.PostManifestDeltaAsync_fallbacks_when_compare_returns_null_literal_json" computerName="runnervm3jyl0" duration="00:00:00.0226483" startTime="2026-05-30T14:21:23.3516561+00:00" endTime="2026-05-30T14:21:23.3516562+00:00" testType="13cdc9d9-ddb5-4fa4-a97d-d965ccfc6d4b" outcome="Passed" testListId="8c84fa94-04c1-424b-9868-57a2d4851a1d" relativeResultsDirectory="32bcce10-9bc4-431d-9dd0-a3e28a1953ff" />
    <UnitTestResult executionId="86fb70e5-d83c-4376-a2bf-61f86ad1c5a1" testId="4f51b476-853f-c12f-cf14-e2076a2b62b7" testName="ArchLucid.Integrations.AzureDevOps.Tests.AzureDevOpsRequestBodyParityWithPipelineTaskTests.SerializeStatusCreate_matches_pipeline_task_golden_fixture_without_target_url" computerName="runnervm3jyl0" duration="00:00:00.0413892" startTime="2026-05-30T14:21:23.2843344+00:00" endTime="2026-05-30T14:21:23.2843345+00:00" testType="13cdc9d9-ddb5-4fa4-a97d-d965ccfc6d4b" outcome="Passed" testListId="8c84fa94-04c1-424b-9868-57a2d4851a1d" relativeResultsDirectory="86fb70e5-d83c-4376-a2bf-61f86ad1c5a1" />
    <UnitTestResult executionId="ec2674eb-bc09-4848-90b3-f8761aae7983" testId="ff082b53-bf79-4cbe-dc42-ae1004f1c29f" testName="ArchLucid.Integrations.AzureDevOps.Tests.AuthorityRunCompletedAzureDevOpsIntegrationEventHandlerTests.EventType_is_authority_run_completed_v1" computerName="runnervm3jyl0" duration="00:00:00.0002093" startTime="2026-05-30T14:21:23.3745311+00:00" endTime="2026-05-30T14:21:23.3745312+00:00" testType="13cdc9d9-ddb5-4fa4-a97d-d965ccfc6d4b" outcome="Passed" testListId="8c84fa94-04c1-424b-9868-57a2d4851a1d" relativeResultsDirectory="ec2674eb-bc09-4848-90b3-f8761aae7983" />
    <UnitTestResult executionId="e59596a5-221b-4e4e-9df7-0684f37ba72c" testId="e755ab52-3678-20c6-aa8f-74bce2f50799" testName="ArchLucid.Integrations.AzureDevOps.Tests.AzureDevOpsPullRequestDecoratorTests.PostManifestDeltaAsync_thread_contains_compare_markdown_and_operator_run_link_when_compare_ok" computerName="runnervm3jyl0" duration="00:00:00.0110519" startTime="2026-05-30T14:21:23.3681789+00:00" endTime="2026-05-30T14:21:23.3681790+00:00" testType="13cdc9d9-ddb5-4fa4-a97d-d965ccfc6d4b" outcome="Passed" testListId="8c84fa94-04c1-424b-9868-57a2d4851a1d" relativeResultsDirectory="e59596a5-221b-4e4e-9df7-0684f37ba72c" />
    <UnitTestResult executionId="596e1ba6-1130-4b4b-a109-8656c44f7468" testId="1effef2c-6273-da5a-0d3a-a51d5608d881" testName="ArchLucid.Integrations.AzureDevOps.Tests.AuthorityRunCompletedAzureDevOpsIntegrationEventHandlerTests.HandleAsync_keeps_explicit_severity_when_present" computerName="runnervm3jyl0" duration="00:00:00.0090378" startTime="2026-05-30T14:21:23.3857193+00:00" endTime="2026-05-30T14:21:23.3857194+00:00" testType="13cdc9d9-ddb5-4fa4-a97d-d965ccfc6d4b" outcome="Passed" testListId="8c84fa94-04c1-424b-9868-57a2d4851a1d" relativeResultsDirectory="596e1ba6-1130-4b4b-a109-8656c44f7468" />
    <UnitTestResult executionId="f3db1f1b-fb64-4bf5-bdb6-4b413638b848" testId="17ac23fb-4514-8ab6-53b4-e2d53d1ec2eb" testName="ArchLucid.Integrations.AzureDevOps.Tests.AzureDevOpsPullRequestDecoratorTests.PostManifestDeltaAsync_skips_compare_when_previous_run_id_null" computerName="runnervm3jyl0" duration="00:00:00.0010025" startTime="2026-05-30T14:21:23.3368860+00:00" endTime="2026-05-30T14:21:23.3368861+00:00" testType="13cdc9d9-ddb5-4fa4-a97d-d965ccfc6d4b" outcome="Passed" testListId="8c84fa94-04c1-424b-9868-57a2d4851a1d" relativeResultsDirectory="f3db1f1b-fb64-4bf5-bdb6-4b413638b848" />
    <UnitTestResult executionId="f76c2c6b-7408-4788-9047-6bfe94116571" testId="97fcd4a6-870a-9c15-60f2-e96f98d90fa1" testName="ArchLucid.Integrations.AzureDevOps.Tests.AzureDevOpsPullRequestDecoratorTests.PostManifestDeltaAsync_fallbacks_when_compare_returns_non_success" computerName="runnervm3jyl0" duration="00:00:00.0085352" startTime="2026-05-30T14:21:23.3315199+00:00" endTime="2026-05-30T14:21:23.3315200+00:00" testType="13cdc9d9-ddb5-4fa4-a97d-d965ccfc6d4b" outcome="Passed" testListId="8c84fa94-04c1-424b-9868-57a2d4851a1d" relativeResultsDirectory="f76c2c6b-7408-4788-9047-6bfe94116571" />
    <UnitTestResult executionId="fe902555-eb26-4d95-b3f0-75d1c2f6048d" testId="cc3d77b0-edbf-db13-b9f9-f1d7dabc4b70" testName="ArchLucid.Integrations.AzureDevOps.Tests.AzureDevOpsRequestBodyParityWithPipelineTaskTests.SerializeThreadCreate_matches_pipeline_task_golden_fixture" computerName="runnervm3jyl0" duration="00:00:00.0123271" startTime="2026-05-30T14:21:23.2855972+00:00" endTime="2026-05-30T14:21:23.2855972+00:00" testType="13cdc9d9-ddb5-4fa4-a97d-d965ccfc6d4b" outcome="Passed" testListId="8c84fa94-04c1-424b-9868-57a2d4851a1d" relativeResultsDirectory="fe902555-eb26-4d95-b3f0-75d1c2f6048d" />
    <UnitTestResult executionId="29c1247e-25ce-405e-a7f3-41336d29ddd9" testId="8915a42b-faae-1df1-9d82-79b933fb883d" testName="ArchLucid.Integrations.AzureDevOps.Tests.AzureDevOpsRequestBodyParityWithPipelineTaskTests.SerializeStatusCreate_matches_pipeline_task_golden_fixture_with_target_url" computerName="runnervm3jyl0" duration="00:00:00.0003432" startTime="2026-05-30T14:21:23.2849661+00:00" endTime="2026-05-30T14:21:23.2849662+00:00" testType="13cdc9d9-ddb5-4fa4-a97d-d965ccfc6d4b" outcome="Passed" testListId="8c84fa94-04c1-424b-9868-57a2d4851a1d" relativeResultsDirectory="29c1247e-25ce-405e-a7f3-41336d29ddd9" />
    <UnitTestResult executionId="24662998-2fa8-4d2e-8b85-f744a975408a" testId="9bf12082-932a-2d64-33d0-ae4bc5175e8a" testName="ArchLucid.Integrations.AzureDevOps.Tests.AuthorityRunCompletedAzureDevOpsIntegrationEventHandlerTests.HandleAsync_no_ops_when_integration_disabled" computerName="runnervm3jyl0" duration="00:00:00.0012126" startTime="2026-05-30T14:21:23.3751233+00:00" endTime="2026-05-30T14:21:23.3751234+00:00" testType="13cdc9d9-ddb5-4fa4-a97d-d965ccfc6d4b" outcome="Passed" testListId="8c84fa94-04c1-424b-9868-57a2d4851a1d" relativeResultsDirectory="24662998-2fa8-4d2e-8b85-f744a975408a" />
    <UnitTestResult executionId="6af41abc-ee9f-4d82-9db0-b4c35195dafb" testId="9eac0bd2-ee30-ae6f-a613-b501abc4e712" testName="ArchLucid.Integrations.AzureDevOps.Tests.AuthorityRunCompletedAzureDevOpsIntegrationEventHandlerTests.HandleAsync_posts_trimmed_manifest_delta_mapped_findings" computerName="runnervm3jyl0" duration="00:00:00.0130476" startTime="2026-05-30T14:21:23.3988701+00:00" endTime="2026-05-30T14:21:23.3988701+00:00" testType="13cdc9d9-ddb5-4fa4-a97d-d965ccfc6d4b" outcome="Passed" testListId="8c84fa94-04c1-424b-9868-57a2d4851a1d" relativeResultsDirectory="6af41abc-ee9f-4d82-9db0-b4c35195dafb" />
    <UnitTestResult executionId="fef931cf-223b-4d99-9560-f893d266d952" testId="549a5462-23fc-7a4a-73f6-bbeb804c43f4" testName="ArchLucid.Integrations.AzureDevOps.Tests.AzureDevOpsPullRequestDecoratorTests.PostManifestDeltaAsync_percent_encodes_organization_and_project_in_dev_azure_urls" computerName="runnervm3jyl0" duration="00:00:00.0148507" startTime="2026-05-30T14:21:23.3309914+00:00" endTime="2026-05-30T14:21:23.3309915+00:00" testType="13cdc9d9-ddb5-4fa4-a97d-d965ccfc6d4b" outcome="Passed" testListId="8c84fa94-04c1-424b-9868-57a2d4851a1d" relativeResultsDirectory="fef931cf-223b-4d99-9560-f893d266d952" />
    <UnitTestResult executionId="a0e29033-045e-490f-ab17-39e33484bd5c" testId="9ecaae2a-340c-9463-b45f-a167e420f26a" testName="ArchLucid.Integrations.AzureDevOps.Tests.AzureDevOpsRunSummaryMarkdownTests.Format_without_findings_omits_severity_heading" computerName="runnervm3jyl0" duration="00:00:00.0001865" startTime="2026-05-30T14:21:23.3283205+00:00" endTime="2026-05-30T14:21:23.3283207+00:00" testType="13cdc9d9-ddb5-4fa4-a97d-d965ccfc6d4b" outcome="Passed" testListId="8c84fa94-04c1-424b-9868-57a2d4851a1d" relativeResultsDirectory="a0e29033-045e-490f-ab17-39e33484bd5c" />
    <UnitTestResult executionId="ff036fdf-06bd-4f1a-a2a5-c39205cbe1ad" testId="bc678ea0-63d8-3c95-eddf-8bcaa9105aba" testName="ArchLucid.Integrations.AzureDevOps.Tests.GoldenManifestCompareMarkdownFormatterTests.Format_emits_delta_bucket_counts_truncates_highlight_list_to_twenty_and_trims_deep_link" computerName="runnervm3jyl0" duration="00:00:00.0082185" startTime="2026-05-30T14:21:23.2836326+00:00" endTime="2026-05-30T14:21:23.2836327+00:00" testType="13cdc9d9-ddb5-4fa4-a97d-d965ccfc6d4b" outcome="Passed" testListId="8c84fa94-04c1-424b-9868-57a2d4851a1d" relativeResultsDirectory="ff036fdf-06bd-4f1a-a2a5-c39205cbe1ad" />
    <UnitTestResult executionId="89dc4a61-bd5e-492f-bb4f-4b6ba1657e9d" testId="46042dc2-5602-246b-187f-79fe9f5add4e" testName="ArchLucid.Integrations.AzureDevOps.Tests.AzureDevOpsPullRequestDecoratorTests.PostManifestDeltaAsync_fallbacks_when_compare_returns_not_found" computerName="runnervm3jyl0" duration="00:00:00.0009981" startTime="2026-05-30T14:21:23.3692691+00:00" endTime="2026-05-30T14:21:23.3692691+00:00" testType="13cdc9d9-ddb5-4fa4-a97d-d965ccfc6d4b" outcome="Passed" testListId="8c84fa94-04c1-424b-9868-57a2d4851a1d" relativeResultsDirectory="89dc4a61-bd5e-492f-bb4f-4b6ba1657e9d" />
    <UnitTestResult executionId="7d19fa11-40dd-429c-8b56-f59d0ffd2a2c" testId="e5a91804-f014-1af0-4a90-e1b416852e70" testName="ArchLucid.Integrations.AzureDevOps.Tests.AzureDevOpsPullRequestDecoratorTests.PostManifestDeltaAsync_skips_compare_when_arch_lucid_api_not_configured" computerName="runnervm3jyl0" duration="00:00:00.0010404" startTime="2026-05-30T14:21:23.3363152+00:00" endTime="2026-05-30T14:21:23.3363153+00:00" testType="13cdc9d9-ddb5-4fa4-a97d-d965ccfc6d4b" outcome="Passed" testListId="8c84fa94-04c1-424b-9868-57a2d4851a1d" relativeResultsDirectory="7d19fa11-40dd-429c-8b56-f59d0ffd2a2c" />
    <UnitTestResult executionId="3a64320e-a823-47a0-83db-08516336cdbf" testId="abdb09b4-ef07-7530-b380-5a1c0a8f17ee" testName="ArchLucid.Integrations.AzureDevOps.Tests.AuthorityRunCompletedAzureDevOpsIntegrationEventHandlerTests.HandleAsync_throws_when_json_is_null_literal" computerName="runnervm3jyl0" duration="00:00:00.0019567" startTime="2026-05-30T14:21:23.3765763+00:00" endTime="2026-05-30T14:21:23.3765764+00:00" testType="13cdc9d9-ddb5-4fa4-a97d-d965ccfc6d4b" outcome="Passed" testListId="8c84fa94-04c1-424b-9868-57a2d4851a1d" relativeResultsDirectory="3a64320e-a823-47a0-83db-08516336cdbf" />
    <UnitTestResult executionId="1acc02c1-ecfd-419e-afe4-491258866cf5" testId="ef8f4153-1838-8ec0-c73c-83bf11809998" testName="ArchLucid.Integrations.AzureDevOps.Tests.AuthorityRunCompletedAzureDevOpsIntegrationEventHandlerTests.HandleAsync_posts_when_findings_omitted" computerName="runnervm3jyl0" duration="00:00:00.1101473" startTime="2026-05-30T14:21:23.3696128+00:00" endTime="2026-05-30T14:21:23.3696129+00:00" testType="13cdc9d9-ddb5-4fa4-a97d-d965ccfc6d4b" outcome="Passed" testListId="8c84fa94-04c1-424b-9868-57a2d4851a1d" relativeResultsDirectory="1acc02c1-ecfd-419e-afe4-491258866cf5" />
    <UnitTestResult executionId="b6834617-444b-4d4f-b46c-4a2e98db037e" testId="b52fe297-2fbc-5095-cf39-f94d4f07f785" testName="ArchLucid.Integrations.AzureDevOps.Tests.AzureDevOpsPullRequestWireFormatExtrasTests.SerializeThreadCreate_accepts_null_markdown_as_empty_content" computerName="runnervm3jyl0" duration="00:00:00.0004998" startTime="2026-05-30T14:21:23.3303973+00:00" endTime="2026-05-30T14:21:23.3303974+00:00" testType="13cdc9d9-ddb5-4fa4-a97d-d965ccfc6d4b" outcome="Passed" testListId="8c84fa94-04c1-424b-9868-57a2d4851a1d" relativeResultsDirectory="b6834617-444b-4d4f-b46c-4a2e98db037e" />
  </Results>
  <TestDefinitions>
    <UnitTest name="ArchLucid.Integrations.AzureDevOps.Tests.AuthorityRunCompletedAzureDevOpsIntegrationEventHandlerTests.HandleAsync_wraps_bad_json_as_FormatException" storage="/home/runner/work/archlucid/archlucid/archlucid.integrations.azuredevops.tests/bin/release/net10.0/archlucid.integrations.azuredevops.tests.dll" id="ed2da2c6-7849-723f-e65a-cc33a31dcbd1">
      <Execution id="f0735099-6273-4a0d-bb40-147d8e94669e" />
      <TestMethod codeBase="/home/runner/work/ArchLucid/ArchLucid/ArchLucid.Integrations.AzureDevOps.Tests/bin/Release/net10.0/ArchLucid.Integrations.AzureDevOps.Tests.dll" adapterTypeName="executor://xunit/VsTestRunner2/netcoreapp" className="ArchLucid.Integrations.AzureDevOps.Tests.AuthorityRunCompletedAzureDevOpsIntegrationEventHandlerTests" name="HandleAsync_wraps_bad_json_as_FormatException" />
    </UnitTest>
    <UnitTest name="ArchLucid.Integrations.AzureDevOps.Tests.AzureDevOpsRequestBodyParityWithPipelineTaskTests.SerializeStatusCreate_matches_pipeline_task_golden_fixture_without_target_url" storage="/home/runner/work/archlucid/archlucid/archlucid.integrations.azuredevops.tests/bin/release/net10.0/archlucid.integrations.azuredevops.tests.dll" id="4f51b476-853f-c12f-cf14-e2076a2b62b7">
      <Execution id="86fb70e5-d83c-4376-a2bf-61f86ad1c5a1" />
      <TestMethod codeBase="/home/runner/work/ArchLucid/ArchLucid/ArchLucid.Integrations.AzureDevOps.Tests/bin/Release/net10.0/ArchLucid.Integrations.AzureDevOps.Tests.dll" adapterTypeName="executor://xunit/VsTestRunner2/netcoreapp" className="ArchLucid.Integrations.AzureDevOps.Tests.AzureDevOpsRequestBodyParityWithPipelineTaskTests" name="SerializeStatusCreate_matches_pipeline_task_golden_fixture_without_target_url" />
    </UnitTest>
    <UnitTest name="ArchLucid.Integrations.AzureDevOps.Tests.AuthorityRunCompletedAzureDevOpsIntegrationEventHandlerTests.HandleAsync_keeps_explicit_severity_when_present" storage="/home/runner/work/archlucid/archlucid/archlucid.integrations.azuredevops.tests/bin/release/net10.0/archlucid.integrations.azuredevops.tests.dll" id="1effef2c-6273-da5a-0d3a-a51d5608d881">
      <Execution id="596e1ba6-1130-4b4b-a109-8656c44f7468" />
      <TestMethod codeBase="/home/runner/work/ArchLucid/ArchLucid/ArchLucid.Integrations.AzureDevOps.Tests/bin/Release/net10.0/ArchLucid.Integrations.AzureDevOps.Tests.dll" adapterTypeName="executor://xunit/VsTestRunner2/netcoreapp" className="ArchLucid.Integrations.AzureDevOps.Tests.AuthorityRunCompletedAzureDevOpsIntegrationEventHandlerTests" name="HandleAsync_keeps_explicit_severity_when_present" />
    </UnitTest>
    <UnitTest name="ArchLucid.Integrations.AzureDevOps.Tests.AzureDevOpsRunSummaryMarkdownTests.Format_appends_operator_run_link_trimmed_when_configured" storage="/home/runner/work/archlucid/archlucid/archlucid.integrations.azuredevops.tests/bin/release/net10.0/archlucid.integrations.azuredevops.tests.dll" id="497ba7bf-8959-67f2-0a0e-6b8f7f4e6488">
      <Execution id="c2f5ce95-1e4d-44ef-bd19-fa55b6899200" />
      <TestMethod codeBase="/home/runner/work/ArchLucid/ArchLucid/ArchLucid.Integrations.AzureDevOps.Tests/bin/Release/net10.0/ArchLucid.Integrations.AzureDevOps.Tests.dll" adapterTypeName="executor://xunit/VsTestRunner2/netcoreapp" className="ArchLucid.Integrations.AzureDevOps.Tests.AzureDevOpsRunSummaryMarkdownTests" name="Format_appends_operator_run_link_trimmed_when_configured" />
    </UnitTest>
    <UnitTest name="ArchLucid.Integrations.AzureDevOps.Tests.AzureDevOpsPullRequestWireFormatExtrasTests.SerializeStatusCreate_clamps_description_to_512_chars" storage="/home/runner/work/archlucid/archlucid/archlucid.integrations.azuredevops.tests/bin/release/net10.0/archlucid.integrations.azuredevops.tests.dll" id="811799ec-12bd-4894-accf-c538cb0f796f">
      <Execution id="12d750a9-90b3-4ff8-a1fb-8311f7070025" />
      <TestMethod codeBase="/home/runner/work/ArchLucid/ArchLucid/ArchLucid.Integrations.AzureDevOps.Tests/bin/Release/net10.0/ArchLucid.Integrations.AzureDevOps.Tests.dll" adapterTypeName="executor://xunit/VsTestRunner2/netcoreapp" className="ArchLucid.Integrations.AzureDevOps.Tests.AzureDevOpsPullRequestWireFormatExtrasTests" name="SerializeStatusCreate_clamps_description_to_512_chars" />
    </UnitTest>
    <UnitTest name="ArchLucid.Integrations.AzureDevOps.Tests.AzureDevOpsPullRequestDecoratorTests.PostManifestDeltaAsync_skips_compare_when_previous_run_id_empty" storage="/home/runner/work/archlucid/archlucid/archlucid.integrations.azuredevops.tests/bin/release/net10.0/archlucid.integrations.azuredevops.tests.dll" id="fe59bf2d-8b66-3cb2-b018-22e95e1a64e8">
      <Execution id="17d9b52b-5e85-45f3-a72f-cc5f823c7891" />
      <TestMethod codeBase="/home/runner/work/ArchLucid/ArchLucid/ArchLucid.Integrations.AzureDevOps.Tests/bin/Release/net10.0/ArchLucid.Integrations.AzureDevOps.Tests.dll" adapterTypeName="executor://xunit/VsTestRunner2/netcoreapp" className="ArchLucid.Integrations.AzureDevOps.Tests.AzureDevOpsPullRequestDecoratorTests" name="PostManifestDeltaAsync_skips_compare_when_previous_run_id_empty" />
    </UnitTest>
    <UnitTest name="ArchLucid.Integrations.AzureDevOps.Tests.AzureDevOpsPullRequestDecoratorTests.PostManifestDeltaAsync_skips_compare_when_arch_lucid_api_not_configured" storage="/home/runner/work/archlucid/archlucid/archlucid.integrations.azuredevops.tests/bin/release/net10.0/archlucid.integrations.azuredevops.tests.dll" id="e5a91804-f014-1af0-4a90-e1b416852e70">
      <Execution id="7d19fa11-40dd-429c-8b56-f59d0ffd2a2c" />
      <TestMethod codeBase="/home/runner/work/ArchLucid/ArchLucid/ArchLucid.Integrations.AzureDevOps.Tests/bin/Release/net10.0/ArchLucid.Integrations.AzureDevOps.Tests.dll" adapterTypeName="executor://xunit/VsTestRunner2/netcoreapp" className="ArchLucid.Integrations.AzureDevOps.Tests.AzureDevOpsPullRequestDecoratorTests" name="PostManifestDeltaAsync_skips_compare_when_arch_lucid_api_not_configured" />
    </UnitTest>
    <UnitTest name="ArchLucid.Integrations.AzureDevOps.Tests.AuthorityRunCompletedAzureDevOpsIntegrationEventHandlerTests.HandleAsync_posts_trimmed_manifest_delta_mapped_findings" storage="/home/runner/work/archlucid/archlucid/archlucid.integrations.azuredevops.tests/bin/release/net10.0/archlucid.integrations.azuredevops.tests.dll" id="9eac0bd2-ee30-ae6f-a613-b501abc4e712">
      <Execution id="6af41abc-ee9f-4d82-9db0-b4c35195dafb" />
      <TestMethod codeBase="/home/runner/work/ArchLucid/ArchLucid/ArchLucid.Integrations.AzureDevOps.Tests/bin/Release/net10.0/ArchLucid.Integrations.AzureDevOps.Tests.dll" adapterTypeName="executor://xunit/VsTestRunner2/netcoreapp" className="ArchLucid.Integrations.AzureDevOps.Tests.AuthorityRunCompletedAzureDevOpsIntegrationEventHandlerTests" name="HandleAsync_posts_trimmed_manifest_delta_mapped_findings" />
    </UnitTest>
    <UnitTest name="ArchLucid.Integrations.AzureDevOps.Tests.AzureDevOpsPullRequestDecoratorTests.PostManifestDeltaAsync_sends_status_and_thread_with_basic_auth" storage="/home/runner/work/archlucid/archlucid/archlucid.integrations.azuredevops.tests/bin/release/net10.0/archlucid.integrations.azuredevops.tests.dll" id="6f703e87-e668-f13e-8a17-bc868f66bc97">
      <Execution id="286f4217-81b1-430d-8956-93146f4b3c6d" />
      <TestMethod codeBase="/home/runner/work/ArchLucid/ArchLucid/ArchLucid.Integrations.AzureDevOps.Tests/bin/Release/net10.0/ArchLucid.Integrations.AzureDevOps.Tests.dll" adapterTypeName="executor://xunit/VsTestRunner2/netcoreapp" className="ArchLucid.Integrations.AzureDevOps.Tests.AzureDevOpsPullRequestDecoratorTests" name="PostManifestDeltaAsync_sends_status_and_thread_with_basic_auth" />
    </UnitTest>
    <UnitTest name="ArchLucid.Integrations.AzureDevOps.Tests.AzureDevOpsRunSummaryMarkdownTests.Format_without_findings_omits_severity_heading" storage="/home/runner/work/archlucid/archlucid/archlucid.integrations.azuredevops.tests/bin/release/net10.0/archlucid.integrations.azuredevops.tests.dll" id="9ecaae2a-340c-9463-b45f-a167e420f26a">
      <Execution id="a0e29033-045e-490f-ab17-39e33484bd5c" />
      <TestMethod codeBase="/home/runner/work/ArchLucid/ArchLucid/ArchLucid.Integrations.AzureDevOps.Tests/bin/Release/net10.0/ArchLucid.Integrations.AzureDevOps.Tests.dll" adapterTypeName="executor://xunit/VsTestRunner2/netcoreapp" className="ArchLucid.Integrations.AzureDevOps.Tests.AzureDevOpsRunSummaryMarkdownTests" name="Format_without_findings_omits_severity_heading" />
    </UnitTest>
    <UnitTest name="ArchLucid.Integrations.AzureDevOps.Tests.AzureDevOpsPullRequestDecoratorTests.PostManifestDeltaAsync_thread_contains_compare_markdown_and_operator_run_link_when_compare_ok" storage="/home/runner/work/archlucid/archlucid/archlucid.integrations.azuredevops.tests/bin/release/net10.0/archlucid.integrations.azuredevops.tests.dll" id="e755ab52-3678-20c6-aa8f-74bce2f50799">
      <Execution id="e59596a5-221b-4e4e-9df7-0684f37ba72c" />
      <TestMethod codeBase="/home/runner/work/ArchLucid/ArchLucid/ArchLucid.Integrations.AzureDevOps.Tests/bin/Release/net10.0/ArchLucid.Integrations.AzureDevOps.Tests.dll" adapterTypeName="executor://xunit/VsTestRunner2/netcoreapp" className="ArchLucid.Integrations.AzureDevOps.Tests.AzureDevOpsPullRequestDecoratorTests" name="PostManifestDeltaAsync_thread_contains_compare_markdown_and_operator_run_link_when_compare_ok" />
    </UnitTest>
    <UnitTest name="ArchLucid.Integrations.AzureDevOps.Tests.AzureDevOpsPullRequestDecoratorTests.PostManifestDeltaAsync_fallbacks_when_compare_request_throws" storage="/home/runner/work/archlucid/archlucid/archlucid.integrations.azuredevops.tests/bin/release/net10.0/archlucid.integrations.azuredevops.tests.dll" id="b453506b-a170-cc50-c24e-ec7ec556bff2">
      <Execution id="7df526e8-54b4-49c3-9225-33a43088ed21" />
      <TestMethod codeBase="/home/runner/work/ArchLucid/ArchLucid/ArchLucid.Integrations.AzureDevOps.Tests/bin/Release/net10.0/ArchLucid.Integrations.AzureDevOps.Tests.dll" adapterTypeName="executor://xunit/VsTestRunner2/netcoreapp" className="ArchLucid.Integrations.AzureDevOps.Tests.AzureDevOpsPullRequestDecoratorTests" name="PostManifestDeltaAsync_fallbacks_when_compare_request_throws" />
    </UnitTest>
    <UnitTest name="ArchLucid.Integrations.AzureDevOps.Tests.GoldenManifestCompareMarkdownFormatterTests.Format_without_highlights_and_white_space_deep_link_behaves_like_no_link" storage="/home/runner/work/archlucid/archlucid/archlucid.integrations.azuredevops.tests/bin/release/net10.0/archlucid.integrations.azuredevops.tests.dll" id="d6b08ce9-d023-05b4-0ee8-1d63ee4f0415">
      <Execution id="cf5605db-69c9-42ff-b1c8-18b386af40a7" />
      <TestMethod codeBase="/home/runner/work/ArchLucid/ArchLucid/ArchLucid.Integrations.AzureDevOps.Tests/bin/Release/net10.0/ArchLucid.Integrations.AzureDevOps.Tests.dll" adapterTypeName="executor://xunit/VsTestRunner2/netcoreapp" className="ArchLucid.Integrations.AzureDevOps.Tests.GoldenManifestCompareMarkdownFormatterTests" name="Format_without_highlights_and_white_space_deep_link_behaves_like_no_link" />
    </UnitTest>
    <UnitTest name="ArchLucid.Integrations.AzureDevOps.Tests.AzureDevOpsRunSummaryMarkdownTests.Format_orders_severity_buckets_by_descending_counts_with_unknown_when_severity_blank" storage="/home/runner/work/archlucid/archlucid/archlucid.integrations.azuredevops.tests/bin/release/net10.0/archlucid.integrations.azuredevops.tests.dll" id="a83b1b48-4245-d22b-580f-c2c96f3385de">
      <Execution id="8fdcda02-600d-40f4-a303-1a7b8e91ff31" />
      <TestMethod codeBase="/home/runner/work/ArchLucid/ArchLucid/ArchLucid.Integrations.AzureDevOps.Tests/bin/Release/net10.0/ArchLucid.Integrations.AzureDevOps.Tests.dll" adapterTypeName="executor://xunit/VsTestRunner2/netcoreapp" className="ArchLucid.Integrations.AzureDevOps.Tests.AzureDevOpsRunSummaryMarkdownTests" name="Format_orders_severity_buckets_by_descending_counts_with_unknown_when_severity_blank" />
    </UnitTest>
    <UnitTest name="ArchLucid.Integrations.AzureDevOps.Tests.GoldenManifestCompareMarkdownFormatterTests.Format_throws_when_result_is_null" storage="/home/runner/work/archlucid/archlucid/archlucid.integrations.azuredevops.tests/bin/release/net10.0/archlucid.integrations.azuredevops.tests.dll" id="9a63a106-71fc-e427-342a-9db33af6702b">
      <Execution id="30cd15fc-72ac-45a3-8142-247edd8c2d51" />
      <TestMethod codeBase="/home/runner/work/ArchLucid/ArchLucid/ArchLucid.Integrations.AzureDevOps.Tests/bin/Release/net10.0/ArchLucid.Integrations.AzureDevOps.Tests.dll" adapterTypeName="executor://xunit/VsTestRunner2/netcoreapp" className="ArchLucid.Integrations.AzureDevOps.Tests.GoldenManifestCompareMarkdownFormatterTests" name="Format_throws_when_result_is_null" />
    </UnitTest>
    <UnitTest name="ArchLucid.Integrations.AzureDevOps.Tests.AzureDevOpsPullRequestDecoratorTests.PostManifestDeltaAsync_fallbacks_when_compare_returns_non_success" storage="/home/runner/work/archlucid/archlucid/archlucid.integrations.azuredevops.tests/bin/release/net10.0/archlucid.integrations.azuredevops.tests.dll" id="97fcd4a6-870a-9c15-60f2-e96f98d90fa1">
      <Execution id="f76c2c6b-7408-4788-9047-6bfe94116571" />
      <TestMethod codeBase="/home/runner/work/ArchLucid/ArchLucid/ArchLucid.Integrations.AzureDevOps.Tests/bin/Release/net10.0/ArchLucid.Integrations.AzureDevOps.Tests.dll" adapterTypeName="executor://xunit/VsTestRunner2/netcoreapp" className="ArchLucid.Integrations.AzureDevOps.Tests.AzureDevOpsPullRequestDecoratorTests" name="PostManifestDeltaAsync_fallbacks_when_compare_returns_non_success" />
    </UnitTest>
    <UnitTest name="ArchLucid.Integrations.AzureDevOps.Tests.AuthorityRunCompletedAzureDevOpsIntegrationEventHandlerTests.HandleAsync_no_ops_when_integration_disabled" storage="/home/runner/work/archlucid/archlucid/archlucid.integrations.azuredevops.tests/bin/release/net10.0/archlucid.integrations.azuredevops.tests.dll" id="9bf12082-932a-2d64-33d0-ae4bc5175e8a">
      <Execution id="24662998-2fa8-4d2e-8b85-f744a975408a" />
      <TestMethod codeBase="/home/runner/work/ArchLucid/ArchLucid/ArchLucid.Integrations.AzureDevOps.Tests/bin/Release/net10.0/ArchLucid.Integrations.AzureDevOps.Tests.dll" adapterTypeName="executor://xunit/VsTestRunner2/netcoreapp" className="ArchLucid.Integrations.AzureDevOps.Tests.AuthorityRunCompletedAzureDevOpsIntegrationEventHandlerTests" name="HandleAsync_no_ops_when_integration_disabled" />
    </UnitTest>
    <UnitTest name="ArchLucid.Integrations.AzureDevOps.Tests.AzureDevOpsPullRequestDecoratorTests.PostManifestDeltaAsync_skips_compare_when_previous_run_id_null" storage="/home/runner/work/archlucid/archlucid/archlucid.integrations.azuredevops.tests/bin/release/net10.0/archlucid.integrations.azuredevops.tests.dll" id="17ac23fb-4514-8ab6-53b4-e2d53d1ec2eb">
      <Execution id="f3db1f1b-fb64-4bf5-bdb6-4b413638b848" />
      <TestMethod codeBase="/home/runner/work/ArchLucid/ArchLucid/ArchLucid.Integrations.AzureDevOps.Tests/bin/Release/net10.0/ArchLucid.Integrations.AzureDevOps.Tests.dll" adapterTypeName="executor://xunit/VsTestRunner2/netcoreapp" className="ArchLucid.Integrations.AzureDevOps.Tests.AzureDevOpsPullRequestDecoratorTests" name="PostManifestDeltaAsync_skips_compare_when_previous_run_id_null" />
    </UnitTest>
    <UnitTest name="ArchLucid.Integrations.AzureDevOps.Tests.AzureDevOpsPullRequestDecoratorTests.PostManifestDeltaAsync_percent_encodes_organization_and_project_in_dev_azure_urls" storage="/home/runner/work/archlucid/archlucid/archlucid.integrations.azuredevops.tests/bin/release/net10.0/archlucid.integrations.azuredevops.tests.dll" id="549a5462-23fc-7a4a-73f6-bbeb804c43f4">
      <Execution id="fef931cf-223b-4d99-9560-f893d266d952" />
      <TestMethod codeBase="/home/runner/work/ArchLucid/ArchLucid/ArchLucid.Integrations.AzureDevOps.Tests/bin/Release/net10.0/ArchLucid.Integrations.AzureDevOps.Tests.dll" adapterTypeName="executor://xunit/VsTestRunner2/netcoreapp" className="ArchLucid.Integrations.AzureDevOps.Tests.AzureDevOpsPullRequestDecoratorTests" name="PostManifestDeltaAsync_percent_encodes_organization_and_project_in_dev_azure_urls" />
    </UnitTest>
    <UnitTest name="ArchLucid.Integrations.AzureDevOps.Tests.AzureDevOpsPullRequestDecoratorTests.PostManifestDeltaAsync_skips_when_pat_missing" storage="/home/runner/work/archlucid/archlucid/archlucid.integrations.azuredevops.tests/bin/release/net10.0/archlucid.integrations.azuredevops.tests.dll" id="690c684d-1bee-90cc-d6a3-d43113c95a46">
      <Execution id="636fc984-d3de-46ff-bcd9-083ae6887497" />
      <TestMethod codeBase="/home/runner/work/ArchLucid/ArchLucid/ArchLucid.Integrations.AzureDevOps.Tests/bin/Release/net10.0/ArchLucid.Integrations.AzureDevOps.Tests.dll" adapterTypeName="executor://xunit/VsTestRunner2/netcoreapp" className="ArchLucid.Integrations.AzureDevOps.Tests.AzureDevOpsPullRequestDecoratorTests" name="PostManifestDeltaAsync_skips_when_pat_missing" />
    </UnitTest>
    <UnitTest name="ArchLucid.Integrations.AzureDevOps.Tests.AuthorityRunCompletedAzureDevOpsIntegrationEventHandlerTests.HandleAsync_posts_when_findings_omitted" storage="/home/runner/work/archlucid/archlucid/archlucid.integrations.azuredevops.tests/bin/release/net10.0/archlucid.integrations.azuredevops.tests.dll" id="ef8f4153-1838-8ec0-c73c-83bf11809998">
      <Execution id="1acc02c1-ecfd-419e-afe4-491258866cf5" />
      <TestMethod codeBase="/home/runner/work/ArchLucid/ArchLucid/ArchLucid.Integrations.AzureDevOps.Tests/bin/Release/net10.0/ArchLucid.Integrations.AzureDevOps.Tests.dll" adapterTypeName="executor://xunit/VsTestRunner2/netcoreapp" className="ArchLucid.Integrations.AzureDevOps.Tests.AuthorityRunCompletedAzureDevOpsIntegrationEventHandlerTests" name="HandleAsync_posts_when_findings_omitted" />
    </UnitTest>
    <UnitTest name="ArchLucid.Integrations.AzureDevOps.Tests.AzureDevOpsCommitStatusPublisherTests.PublishCommitOutcomeAsync_when_disabled_does_not_call_http" storage="/home/runner/work/archlucid/archlucid/archlucid.integrations.azuredevops.tests/bin/release/net10.0/archlucid.integrations.azuredevops.tests.dll" id="3b5ec795-08e6-11cf-5e78-2191b529c9ec">
      <Execution id="82ed75cf-d5ff-4250-86d3-2c1494db58a4" />
      <TestMethod codeBase="/home/runner/work/ArchLucid/ArchLucid/ArchLucid.Integrations.AzureDevOps.Tests/bin/Release/net10.0/ArchLucid.Integrations.AzureDevOps.Tests.dll" adapterTypeName="executor://xunit/VsTestRunner2/netcoreapp" className="ArchLucid.Integrations.AzureDevOps.Tests.AzureDevOpsCommitStatusPublisherTests" name="PublishCommitOutcomeAsync_when_disabled_does_not_call_http" />
    </UnitTest>
    <UnitTest name="ArchLucid.Integrations.AzureDevOps.Tests.AzureDevOpsPullRequestDecoratorTests.PostManifestDeltaAsync_fallbacks_when_compare_returns_not_found" storage="/home/runner/work/archlucid/archlucid/archlucid.integrations.azuredevops.tests/bin/release/net10.0/archlucid.integrations.azuredevops.tests.dll" id="46042dc2-5602-246b-187f-79fe9f5add4e">
      <Execution id="89dc4a61-bd5e-492f-bb4f-4b6ba1657e9d" />
      <TestMethod codeBase="/home/runner/work/ArchLucid/ArchLucid/ArchLucid.Integrations.AzureDevOps.Tests/bin/Release/net10.0/ArchLucid.Integrations.AzureDevOps.Tests.dll" adapterTypeName="executor://xunit/VsTestRunner2/netcoreapp" className="ArchLucid.Integrations.AzureDevOps.Tests.AzureDevOpsPullRequestDecoratorTests" name="PostManifestDeltaAsync_fallbacks_when_compare_returns_not_found" />
    </UnitTest>
    <UnitTest name="ArchLucid.Integrations.AzureDevOps.Tests.AzureDevOpsPullRequestWireFormatExtrasTests.SerializeThreadCreate_accepts_null_markdown_as_empty_content" storage="/home/runner/work/archlucid/archlucid/archlucid.integrations.azuredevops.tests/bin/release/net10.0/archlucid.integrations.azuredevops.tests.dll" id="b52fe297-2fbc-5095-cf39-f94d4f07f785">
      <Execution id="b6834617-444b-4d4f-b46c-4a2e98db037e" />
      <TestMethod codeBase="/home/runner/work/ArchLucid/ArchLucid/ArchLucid.Integrations.AzureDevOps.Tests/bin/Release/net10.0/ArchLucid.Integrations.AzureDevOps.Tests.dll" adapterTypeName="executor://xunit/VsTestRunner2/netcoreapp" className="ArchLucid.Integrations.AzureDevOps.Tests.AzureDevOpsPullRequestWireFormatExtrasTests" name="SerializeThreadCreate_accepts_null_markdown_as_empty_content" />
    </UnitTest>
    <UnitTest name="ArchLucid.Integrations.AzureDevOps.Tests.AzureDevOpsPullRequestDecoratorTests.PostManifestDeltaAsync_fallbacks_when_compare_returns_null_literal_json" storage="/home/runner/work/archlucid/archlucid/archlucid.integrations.azuredevops.tests/bin/release/net10.0/archlucid.integrations.azuredevops.tests.dll" id="f9afc3f9-62d9-873d-9405-55a078c93246">
      <Execution id="32bcce10-9bc4-431d-9dd0-a3e28a1953ff" />
      <TestMethod codeBase="/home/runner/work/ArchLucid/ArchLucid/ArchLucid.Integrations.AzureDevOps.Tests/bin/Release/net10.0/ArchLucid.Integrations.AzureDevOps.Tests.dll" adapterTypeName="executor://xunit/VsTestRunner2/netcoreapp" className="ArchLucid.Integrations.AzureDevOps.Tests.AzureDevOpsPullRequestDecoratorTests" name="PostManifestDeltaAsync_fallbacks_when_compare_returns_null_literal_json" />
    </UnitTest>
    <UnitTest name="ArchLucid.Integrations.AzureDevOps.Tests.AzureDevOpsRequestBodyParityWithPipelineTaskTests.SerializeThreadCreate_matches_pipeline_task_golden_fixture" storage="/home/runner/work/archlucid/archlucid/archlucid.integrations.azuredevops.tests/bin/release/net10.0/archlucid.integrations.azuredevops.tests.dll" id="cc3d77b0-edbf-db13-b9f9-f1d7dabc4b70">
      <Execution id="fe902555-eb26-4d95-b3f0-75d1c2f6048d" />
      <TestMethod codeBase="/home/runner/work/ArchLucid/ArchLucid/ArchLucid.Integrations.AzureDevOps.Tests/bin/Release/net10.0/ArchLucid.Integrations.AzureDevOps.Tests.dll" adapterTypeName="executor://xunit/VsTestRunner2/netcoreapp" className="ArchLucid.Integrations.AzureDevOps.Tests.AzureDevOpsRequestBodyParityWithPipelineTaskTests" name="SerializeThreadCreate_matches_pipeline_task_golden_fixture" />
    </UnitTest>
    <UnitTest name="ArchLucid.Integrations.AzureDevOps.Tests.GoldenManifestCompareMarkdownFormatterTests.Format_emits_delta_bucket_counts_truncates_highlight_list_to_twenty_and_trims_deep_link" storage="/home/runner/work/archlucid/archlucid/archlucid.integrations.azuredevops.tests/bin/release/net10.0/archlucid.integrations.azuredevops.tests.dll" id="bc678ea0-63d8-3c95-eddf-8bcaa9105aba">
      <Execution id="ff036fdf-06bd-4f1a-a2a5-c39205cbe1ad" />
      <TestMethod codeBase="/home/runner/work/ArchLucid/ArchLucid/ArchLucid.Integrations.AzureDevOps.Tests/bin/Release/net10.0/ArchLucid.Integrations.AzureDevOps.Tests.dll" adapterTypeName="executor://xunit/VsTestRunner2/netcoreapp" className="ArchLucid.Integrations.AzureDevOps.Tests.GoldenManifestCompareMarkdownFormatterTests" name="Format_emits_delta_bucket_counts_truncates_highlight_list_to_twenty_and_trims_deep_link" />
    </UnitTest>
    <UnitTest name="ArchLucid.Integrations.AzureDevOps.Tests.AuthorityRunCompletedAzureDevOpsIntegrationEventHandlerTests.HandleAsync_no_ops_when_repository_or_pull_request_missing" storage="/home/runner/work/archlucid/archlucid/archlucid.integrations.azuredevops.tests/bin/release/net10.0/archlucid.integrations.azuredevops.tests.dll" id="02acf80a-3947-104f-1e23-44d331f86fb0">
      <Execution id="cf1cfdab-f484-4dec-9e51-53eef9024bf9" />
      <TestMethod codeBase="/home/runner/work/ArchLucid/ArchLucid/ArchLucid.Integrations.AzureDevOps.Tests/bin/Release/net10.0/ArchLucid.Integrations.AzureDevOps.Tests.dll" adapterTypeName="executor://xunit/VsTestRunner2/netcoreapp" className="ArchLucid.Integrations.AzureDevOps.Tests.AuthorityRunCompletedAzureDevOpsIntegrationEventHandlerTests" name="HandleAsync_no_ops_when_repository_or_pull_request_missing" />
    </UnitTest>
    <UnitTest name="ArchLucid.Integrations.AzureDevOps.Tests.AzureDevOpsRequestBodyParityWithPipelineTaskTests.SerializeStatusCreate_matches_pipeline_task_golden_fixture_with_target_url" storage="/home/runner/work/archlucid/archlucid/archlucid.integrations.azuredevops.tests/bin/release/net10.0/archlucid.integrations.azuredevops.tests.dll" id="8915a42b-faae-1df1-9d82-79b933fb883d">
      <Execution id="29c1247e-25ce-405e-a7f3-41336d29ddd9" />
      <TestMethod codeBase="/home/runner/work/ArchLucid/ArchLucid/ArchLucid.Integrations.AzureDevOps.Tests/bin/Release/net10.0/ArchLucid.Integrations.AzureDevOps.Tests.dll" adapterTypeName="executor://xunit/VsTestRunner2/netcoreapp" className="ArchLucid.Integrations.AzureDevOps.Tests.AzureDevOpsRequestBodyParityWithPipelineTaskTests" name="SerializeStatusCreate_matches_pipeline_task_golden_fixture_with_target_url" />
    </UnitTest>
    <UnitTest name="ArchLucid.Integrations.AzureDevOps.Tests.AuthorityRunCompletedAzureDevOpsIntegrationEventHandlerTests.HandleAsync_throws_when_json_is_null_literal" storage="/home/runner/work/archlucid/archlucid/archlucid.integrations.azuredevops.tests/bin/release/net10.0/archlucid.integrations.azuredevops.tests.dll" id="abdb09b4-ef07-7530-b380-5a1c0a8f17ee">
      <Execution id="3a64320e-a823-47a0-83db-08516336cdbf" />
      <TestMethod codeBase="/home/runner/work/ArchLucid/ArchLucid/ArchLucid.Integrations.AzureDevOps.Tests/bin/Release/net10.0/ArchLucid.Integrations.AzureDevOps.Tests.dll" adapterTypeName="executor://xunit/VsTestRunner2/netcoreapp" className="ArchLucid.Integrations.AzureDevOps.Tests.AuthorityRunCompletedAzureDevOpsIntegrationEventHandlerTests" name="HandleAsync_throws_when_json_is_null_literal" />
    </UnitTest>
    <UnitTest name="ArchLucid.Integrations.AzureDevOps.Tests.AuthorityRunCompletedAzureDevOpsIntegrationEventHandlerTests.EventType_is_authority_run_completed_v1" storage="/home/runner/work/archlucid/archlucid/archlucid.integrations.azuredevops.tests/bin/release/net10.0/archlucid.integrations.azuredevops.tests.dll" id="ff082b53-bf79-4cbe-dc42-ae1004f1c29f">
      <Execution id="ec2674eb-bc09-4848-90b3-f8761aae7983" />
      <TestMethod codeBase="/home/runner/work/ArchLucid/ArchLucid/ArchLucid.Integrations.AzureDevOps.Tests/bin/Release/net10.0/ArchLucid.Integrations.AzureDevOps.Tests.dll" adapterTypeName="executor://xunit/VsTestRunner2/netcoreapp" className="ArchLucid.Integrations.AzureDevOps.Tests.AuthorityRunCompletedAzureDevOpsIntegrationEventHandlerTests" name="EventType_is_authority_run_completed_v1" />
    </UnitTest>
  </TestDefinitions>
  <TestEntries>
    <TestEntry testId="9a63a106-71fc-e427-342a-9db33af6702b" executionId="30cd15fc-72ac-45a3-8142-247edd8c2d51" testListId="8c84fa94-04c1-424b-9868-57a2d4851a1d" />
    <TestEntry testId="b453506b-a170-cc50-c24e-ec7ec556bff2" executionId="7df526e8-54b4-49c3-9225-33a43088ed21" testListId="8c84fa94-04c1-424b-9868-57a2d4851a1d" />
    <TestEntry testId="690c684d-1bee-90cc-d6a3-d43113c95a46" executionId="636fc984-d3de-46ff-bcd9-083ae6887497" testListId="8c84fa94-04c1-424b-9868-57a2d4851a1d" />
    <TestEntry testId="d6b08ce9-d023-05b4-0ee8-1d63ee4f0415" executionId="cf5605db-69c9-42ff-b1c8-18b386af40a7" testListId="8c84fa94-04c1-424b-9868-57a2d4851a1d" />
    <TestEntry testId="fe59bf2d-8b66-3cb2-b018-22e95e1a64e8" executionId="17d9b52b-5e85-45f3-a72f-cc5f823c7891" testListId="8c84fa94-04c1-424b-9868-57a2d4851a1d" />
    <TestEntry testId="497ba7bf-8959-67f2-0a0e-6b8f7f4e6488" executionId="c2f5ce95-1e4d-44ef-bd19-fa55b6899200" testListId="8c84fa94-04c1-424b-9868-57a2d4851a1d" />
    <TestEntry testId="ed2da2c6-7849-723f-e65a-cc33a31dcbd1" executionId="f0735099-6273-4a0d-bb40-147d8e94669e" testListId="8c84fa94-04c1-424b-9868-57a2d4851a1d" />
    <TestEntry testId="02acf80a-3947-104f-1e23-44d331f86fb0" executionId="cf1cfdab-f484-4dec-9e51-53eef9024bf9" testListId="8c84fa94-04c1-424b-9868-57a2d4851a1d" />
    <TestEntry testId="811799ec-12bd-4894-accf-c538cb0f796f" executionId="12d750a9-90b3-4ff8-a1fb-8311f7070025" testListId="8c84fa94-04c1-424b-9868-57a2d4851a1d" />
    <TestEntry testId="6f703e87-e668-f13e-8a17-bc868f66bc97" executionId="286f4217-81b1-430d-8956-93146f4b3c6d" testListId="8c84fa94-04c1-424b-9868-57a2d4851a1d" />
    <TestEntry testId="3b5ec795-08e6-11cf-5e78-2191b529c9ec" executionId="82ed75cf-d5ff-4250-86d3-2c1494db58a4" testListId="8c84fa94-04c1-424b-9868-57a2d4851a1d" />
    <TestEntry testId="a83b1b48-4245-d22b-580f-c2c96f3385de" executionId="8fdcda02-600d-40f4-a303-1a7b8e91ff31" testListId="8c84fa94-04c1-424b-9868-57a2d4851a1d" />
    <TestEntry testId="f9afc3f9-62d9-873d-9405-55a078c93246" executionId="32bcce10-9bc4-431d-9dd0-a3e28a1953ff" testListId="8c84fa94-04c1-424b-9868-57a2d4851a1d" />
    <TestEntry testId="4f51b476-853f-c12f-cf14-e2076a2b62b7" executionId="86fb70e5-d83c-4376-a2bf-61f86ad1c5a1" testListId="8c84fa94-04c1-424b-9868-57a2d4851a1d" />
    <TestEntry testId="ff082b53-bf79-4cbe-dc42-ae1004f1c29f" executionId="ec2674eb-bc09-4848-90b3-f8761aae7983" testListId="8c84fa94-04c1-424b-9868-57a2d4851a1d" />
    <TestEntry testId="e755ab52-3678-20c6-aa8f-74bce2f50799" executionId="e59596a5-221b-4e4e-9df7-0684f37ba72c" testListId="8c84fa94-04c1-424b-9868-57a2d4851a1d" />
    <TestEntry testId="1effef2c-6273-da5a-0d3a-a51d5608d881" executionId="596e1ba6-1130-4b4b-a109-8656c44f7468" testListId="8c84fa94-04c1-424b-9868-57a2d4851a1d" />
    <TestEntry testId="17ac23fb-4514-8ab6-53b4-e2d53d1ec2eb" executionId="f3db1f1b-fb64-4bf5-bdb6-4b413638b848" testListId="8c84fa94-04c1-424b-9868-57a2d4851a1d" />
    <TestEntry testId="97fcd4a6-870a-9c15-60f2-e96f98d90fa1" executionId="f76c2c6b-7408-4788-9047-6bfe94116571" testListId="8c84fa94-04c1-424b-9868-57a2d4851a1d" />
    <TestEntry testId="cc3d77b0-edbf-db13-b9f9-f1d7dabc4b70" executionId="fe902555-eb26-4d95-b3f0-75d1c2f6048d" testListId="8c84fa94-04c1-424b-9868-57a2d4851a1d" />
    <TestEntry testId="8915a42b-faae-1df1-9d82-79b933fb883d" executionId="29c1247e-25ce-405e-a7f3-41336d29ddd9" testListId="8c84fa94-04c1-424b-9868-57a2d4851a1d" />
    <TestEntry testId="9bf12082-932a-2d64-33d0-ae4bc5175e8a" executionId="24662998-2fa8-4d2e-8b85-f744a975408a" testListId="8c84fa94-04c1-424b-9868-57a2d4851a1d" />
    <TestEntry testId="9eac0bd2-ee30-ae6f-a613-b501abc4e712" executionId="6af41abc-ee9f-4d82-9db0-b4c35195dafb" testListId="8c84fa94-04c1-424b-9868-57a2d4851a1d" />
    <TestEntry testId="549a5462-23fc-7a4a-73f6-bbeb804c43f4" executionId="fef931cf-223b-4d99-9560-f893d266d952" testListId="8c84fa94-04c1-424b-9868-57a2d4851a1d" />
    <TestEntry testId="9ecaae2a-340c-9463-b45f-a167e420f26a" executionId="a0e29033-045e-490f-ab17-39e33484bd5c" testListId="8c84fa94-04c1-424b-9868-57a2d4851a1d" />
    <TestEntry testId="bc678ea0-63d8-3c95-eddf-8bcaa9105aba" executionId="ff036fdf-06bd-4f1a-a2a5-c39205cbe1ad" testListId="8c84fa94-04c1-424b-9868-57a2d4851a1d" />
    <TestEntry testId="46042dc2-5602-246b-187f-79fe9f5add4e" executionId="89dc4a61-bd5e-492f-bb4f-4b6ba1657e9d" testListId="8c84fa94-04c1-424b-9868-57a2d4851a1d" />
    <TestEntry testId="e5a91804-f014-1af0-4a90-e1b416852e70" executionId="7d19fa11-40dd-429c-8b56-f59d0ffd2a2c" testListId="8c84fa94-04c1-424b-9868-57a2d4851a1d" />
    <TestEntry testId="abdb09b4-ef07-7530-b380-5a1c0a8f17ee" executionId="3a64320e-a823-47a0-83db-08516336cdbf" testListId="8c84fa94-04c1-424b-9868-57a2d4851a1d" />
    <TestEntry testId="ef8f4153-1838-8ec0-c73c-83bf11809998" executionId="1acc02c1-ecfd-419e-afe4-491258866cf5" testListId="8c84fa94-04c1-424b-9868-57a2d4851a1d" />
    <TestEntry testId="b52fe297-2fbc-5095-cf39-f94d4f07f785" executionId="b6834617-444b-4d4f-b46c-4a2e98db037e" testListId="8c84fa94-04c1-424b-9868-57a2d4851a1d" />
  </TestEntries>
  <TestLists>
    <TestList name="Results Not in a List" id="8c84fa94-04c1-424b-9868-57a2d4851a1d" />
    <TestList name="All Loaded Results" id="19431567-8539-422a-85d7-44ee4e166bda" />
  </TestLists>
  <ResultSummary outcome="Completed">
    <Counters total="31" executed="31" passed="31" failed="0" error="0" timeout="0" aborted="0" inconclusive="0" passedButRunAborted="0" notRunnable="0" notExecuted="0" disconnected="0" warning="0" completed="0" inProgress="0" pending="0" />
    <Output>
      <StdOut>[xUnit.net 00:00:00.00] xUnit.net VSTest Adapter v2.8.2+699d445a1a (64-bit .NET 10.0.8)
[xUnit.net 00:00:00.07]   Discovering: ArchLucid.Integrations.AzureDevOps.Tests
[xUnit.net 00:00:00.12]   Discovered:  ArchLucid.Integrations.AzureDevOps.Tests
[xUnit.net 00:00:00.13]   Starting:    ArchLucid.Integrations.AzureDevOps.Tests
[xUnit.net 00:00:00.36]   Finished:    ArchLucid.Integrations.AzureDevOps.Tests
</StdOut>
    </Output>
    <CollectorDataEntries>
      <Collector agentName="runnervm3jyl0" uri="datacollector://microsoft/CoverletCodeCoverage/1.0" collectorDisplayName="XPlat code coverage">
        <UriAttachments>
          <UriAttachment>
            <A href="runnervm3jyl0/coverage.cobertura.xml"></A>
          </UriAttachment>
        </UriAttachments>
      </Collector>
    </CollectorDataEntries>
  </ResultSummary>
</TestRun>