<?xml version="1.0" encoding="utf-8"?>
<TestRun id="00ade7f0-833a-4bd4-a5c2-fee14c80f6ad" name="@runnervm3jyl0 2026-05-30 14:06:58" xmlns="http://microsoft.com/schemas/VisualStudio/TeamTest/2010">
  <Times creation="2026-05-30T14:06:58.2151859+00:00" queuing="2026-05-30T14:06:58.2151859+00:00" start="2026-05-30T14:06:18.0165720+00:00" finish="2026-05-30T14:06:59.4634765+00:00" />
  <TestSettings name="default" id="4450cccc-7505-4db5-9b18-b83f778e4da7">
    <Deployment runDeploymentRoot="_runnervm3jyl0_2026-05-30_14_06_58" />
  </TestSettings>
  <Results>
    <UnitTestResult executionId="b4a578ae-bdd7-40dd-8f11-199264402c71" testId="ef64fcba-5414-6c98-35d6-ef0c7f1cf1f2" testName="ArchLucid.ArtifactSynthesis.Tests.TerraformAdvisorySafetyTests.GenerateAsync_when_agent_recommends_delete_emits_comments_and_never_emits_destroy_token" computerName="runnervm3jyl0" duration="00:00:00.0079834" startTime="2026-05-30T14:06:58.1492111+00:00" endTime="2026-05-30T14:06:58.1492112+00:00" testType="13cdc9d9-ddb5-4fa4-a97d-d965ccfc6d4b" outcome="Passed" testListId="8c84fa94-04c1-424b-9868-57a2d4851a1d" relativeResultsDirectory="b4a578ae-bdd7-40dd-8f11-199264402c71" />
    <UnitTestResult executionId="cc59941e-8f29-4b92-a82b-5731e90a11ab" testId="032cc3ce-a430-85f4-0fec-7353261b7181" testName="ArchLucid.ArtifactSynthesis.Tests.GoldenCorpus.SynthesisGoldenCorpusRegressionTests.Coverage_summary_case_matches_golden(caseName: &quot;case-03&quot;)" computerName="runnervm3jyl0" duration="00:00:00.0607307" startTime="2026-05-30T14:06:58.2182923+00:00" endTime="2026-05-30T14:06:58.2182924+00:00" testType="13cdc9d9-ddb5-4fa4-a97d-d965ccfc6d4b" outcome="Passed" testListId="8c84fa94-04c1-424b-9868-57a2d4851a1d" relativeResultsDirectory="cc59941e-8f29-4b92-a82b-5731e90a11ab" />
    <UnitTestResult executionId="e6efd75e-9c8f-4bcc-a6ae-b3f5459d3422" testId="2cd3b8a0-9841-21e0-b8f2-2b97a82e5ec5" testName="ArchLucid.ArtifactSynthesis.Tests.ArtifactSynthesisServiceTests.SynthesizeAsync_when_no_generators_adds_trace_note_and_validator_throws" computerName="runnervm3jyl0" duration="00:00:00.0117129" startTime="2026-05-30T14:06:58.1422955+00:00" endTime="2026-05-30T14:06:58.1422956+00:00" testType="13cdc9d9-ddb5-4fa4-a97d-d965ccfc6d4b" outcome="Passed" testListId="8c84fa94-04c1-424b-9868-57a2d4851a1d" relativeResultsDirectory="e6efd75e-9c8f-4bcc-a6ae-b3f5459d3422" />
    <UnitTestResult executionId="0d279c27-038e-40d5-a73e-44a304c296fc" testId="3e8f1a18-1464-2947-773c-fa024fbb027a" testName="ArchLucid.ArtifactSynthesis.Tests.Validation.RegexTerraformValidatorTests.Validate_comment_only_hcl_is_valid" computerName="runnervm3jyl0" duration="00:00:00.0004666" startTime="2026-05-30T14:06:58.1502902+00:00" endTime="2026-05-30T14:06:58.1502904+00:00" testType="13cdc9d9-ddb5-4fa4-a97d-d965ccfc6d4b" outcome="Passed" testListId="8c84fa94-04c1-424b-9868-57a2d4851a1d" relativeResultsDirectory="0d279c27-038e-40d5-a73e-44a304c296fc" />
    <UnitTestResult executionId="23a66217-26fd-4a59-80ca-16d26c3d9a21" testId="07615c6d-e830-92ec-c655-f7b6625dfbd7" testName="ArchLucid.ArtifactSynthesis.Tests.ArtifactContentTypeResolverTests.Resolve_maps_known_formats(format: &quot;json&quot;, expected: &quot;application/json&quot;)" computerName="runnervm3jyl0" duration="00:00:00.0003681" startTime="2026-05-30T14:06:58.2163481+00:00" endTime="2026-05-30T14:06:58.2163482+00:00" testType="13cdc9d9-ddb5-4fa4-a97d-d965ccfc6d4b" outcome="Passed" testListId="8c84fa94-04c1-424b-9868-57a2d4851a1d" relativeResultsDirectory="23a66217-26fd-4a59-80ca-16d26c3d9a21" />
    <UnitTestResult executionId="c6ea0fdd-f573-43ef-9328-15ebd676d45b" testId="ffe036ca-75ab-fcdf-1e18-011d501a9724" testName="ArchLucid.ArtifactSynthesis.Tests.ArtifactBundleValidatorTests.Validate_when_content_empty_throws" computerName="runnervm3jyl0" duration="00:00:00.0007799" startTime="2026-05-30T14:06:58.0981650+00:00" endTime="2026-05-30T14:06:58.0981651+00:00" testType="13cdc9d9-ddb5-4fa4-a97d-d965ccfc6d4b" outcome="Passed" testListId="8c84fa94-04c1-424b-9868-57a2d4851a1d" relativeResultsDirectory="c6ea0fdd-f573-43ef-9328-15ebd676d45b" />
    <UnitTestResult executionId="6784dc84-6718-4e9c-ac0c-096d55407aa6" testId="d4fcf1fe-02ae-746a-f4ae-6ee1ee4b86d8" testName="ArchLucid.ArtifactSynthesis.Tests.Validation.RegexTerraformValidatorTests.Validate_resource_header_without_body_is_invalid" computerName="runnervm3jyl0" duration="00:00:00.0003534" startTime="2026-05-30T14:06:58.1560563+00:00" endTime="2026-05-30T14:06:58.1560564+00:00" testType="13cdc9d9-ddb5-4fa4-a97d-d965ccfc6d4b" outcome="Passed" testListId="8c84fa94-04c1-424b-9868-57a2d4851a1d" relativeResultsDirectory="6784dc84-6718-4e9c-ac0c-096d55407aa6" />
    <UnitTestResult executionId="c24358ae-5fdb-4e67-bd44-71472e2756de" testId="6995d720-e9ed-c7e0-c25d-98c9452b01f6" testName="ArchLucid.ArtifactSynthesis.Tests.ArtifactPackagingServiceTests.BuildRunExportPackage_readme_includes_optional_manifest_context" computerName="runnervm3jyl0" duration="00:00:00.0312090" startTime="2026-05-30T14:06:58.1853775+00:00" endTime="2026-05-30T14:06:58.1853780+00:00" testType="13cdc9d9-ddb5-4fa4-a97d-d965ccfc6d4b" outcome="Passed" testListId="8c84fa94-04c1-424b-9868-57a2d4851a1d" relativeResultsDirectory="c24358ae-5fdb-4e67-bd44-71472e2756de" />
    <UnitTestResult executionId="b7fb00f2-fccd-4f07-b631-60eac60643aa" testId="84913bfc-ac57-c7d4-dab4-8d41bca766d6" testName="ArchLucid.ArtifactSynthesis.Tests.Validation.RegexTerraformValidatorTests.Validate_balanced_resource_block_is_valid" computerName="runnervm3jyl0" duration="00:00:00.0189611" startTime="2026-05-30T14:06:58.1547170+00:00" endTime="2026-05-30T14:06:58.1547171+00:00" testType="13cdc9d9-ddb5-4fa4-a97d-d965ccfc6d4b" outcome="Passed" testListId="8c84fa94-04c1-424b-9868-57a2d4851a1d" relativeResultsDirectory="b7fb00f2-fccd-4f07-b631-60eac60643aa" />
    <UnitTestResult executionId="e5b41687-c5d9-402d-ab26-77f724981627" testId="68ef3cc8-f7c9-aed1-9f4b-8b7be8a3607d" testName="ArchLucid.ArtifactSynthesis.Tests.ArtifactBundleValidatorTests.Validate_when_architecture_has_all_headers_passes(artifactType: &quot;ReferenceArchitectureMarkdown&quot;)" computerName="runnervm3jyl0" duration="00:00:00.0004986" startTime="2026-05-30T14:06:58.1413849+00:00" endTime="2026-05-30T14:06:58.1413853+00:00" testType="13cdc9d9-ddb5-4fa4-a97d-d965ccfc6d4b" outcome="Passed" testListId="8c84fa94-04c1-424b-9868-57a2d4851a1d" relativeResultsDirectory="e5b41687-c5d9-402d-ab26-77f724981627" />
    <UnitTestResult executionId="796fefc5-bf4a-49c4-ad13-5be1d11f8b13" testId="0862010f-1fdc-7524-4044-2a8ec0ffb9f9" testName="ArchLucid.ArtifactSynthesis.Tests.MermaidDiagramArtifactExtractorTests.TryGetDiagramSource_prefers_explicit_mermaid_artifact_and_respects_truncation_cap" computerName="runnervm3jyl0" duration="00:00:00.0050879" startTime="2026-05-30T14:06:58.0933183+00:00" endTime="2026-05-30T14:06:58.0933187+00:00" testType="13cdc9d9-ddb5-4fa4-a97d-d965ccfc6d4b" outcome="Passed" testListId="8c84fa94-04c1-424b-9868-57a2d4851a1d" relativeResultsDirectory="796fefc5-bf4a-49c4-ad13-5be1d11f8b13" />
    <UnitTestResult executionId="966233ad-07b6-4001-993d-504fb597efdf" testId="3d98e69e-7678-c415-078f-a9fc99c346b4" testName="ArchLucid.ArtifactSynthesis.Tests.ArchitectureMarkdownSectionValidatorTests.GetMissingSectionHeaders_when_null_or_whitespace_lists_all_required" computerName="runnervm3jyl0" duration="00:00:00.0111836" startTime="2026-05-30T14:06:58.1434259+00:00" endTime="2026-05-30T14:06:58.1434260+00:00" testType="13cdc9d9-ddb5-4fa4-a97d-d965ccfc6d4b" outcome="Passed" testListId="8c84fa94-04c1-424b-9868-57a2d4851a1d" relativeResultsDirectory="966233ad-07b6-4001-993d-504fb597efdf" />
    <UnitTestResult executionId="7cc575ed-630d-4a2f-90b0-a0b5174f4866" testId="48cb9e5f-6f18-e45d-385a-587f42107684" testName="ArchLucid.ArtifactSynthesis.Tests.ArtifactSynthesisServiceTests.SynthesizeAsync_invokes_generators_in_artifact_type_order_and_validates" computerName="runnervm3jyl0" duration="00:00:00.1067308" startTime="2026-05-30T14:06:58.2094033+00:00" endTime="2026-05-30T14:06:58.2094036+00:00" testType="13cdc9d9-ddb5-4fa4-a97d-d965ccfc6d4b" outcome="Passed" testListId="8c84fa94-04c1-424b-9868-57a2d4851a1d" relativeResultsDirectory="7cc575ed-630d-4a2f-90b0-a0b5174f4866" />
    <UnitTestResult executionId="6a116430-3669-4411-ba8e-00f7d5f470e1" testId="33a1e50d-032d-ed8b-4928-b55eeb7fc644" testName="ArchLucid.ArtifactSynthesis.Tests.InventoryArtifactGeneratorTests.GenerateAsync_serializes_requirements_security_compliance_and_issues" computerName="runnervm3jyl0" duration="00:00:00.0572084" startTime="2026-05-30T14:06:58.1428188+00:00" endTime="2026-05-30T14:06:58.1428189+00:00" testType="13cdc9d9-ddb5-4fa4-a97d-d965ccfc6d4b" outcome="Passed" testListId="8c84fa94-04c1-424b-9868-57a2d4851a1d" relativeResultsDirectory="6a116430-3669-4411-ba8e-00f7d5f470e1" />
    <UnitTestResult executionId="1d0cf1cd-e4a1-4386-ac2a-2a00269a8c54" testId="e8b10e9b-137f-83de-d79f-2ac99e76bc4f" testName="ArchLucid.ArtifactSynthesis.Tests.ArtifactPackagingServiceTests.BuildTerraformAdvisoryPlaceholderExport_writes_zip_with_disclaimer_and_stub" computerName="runnervm3jyl0" duration="00:00:00.0101077" startTime="2026-05-30T14:06:58.2032836+00:00" endTime="2026-05-30T14:06:58.2032839+00:00" testType="13cdc9d9-ddb5-4fa4-a97d-d965ccfc6d4b" outcome="Passed" testListId="8c84fa94-04c1-424b-9868-57a2d4851a1d" relativeResultsDirectory="1d0cf1cd-e4a1-4386-ac2a-2a00269a8c54" />
    <UnitTestResult executionId="7495aa89-c822-4811-8e7a-07355d00d790" testId="fed19e96-e449-560d-f12c-a292e53aef8e" testName="ArchLucid.ArtifactSynthesis.Tests.ArtifactPackagingServiceTests.BuildBundlePackage_writes_zip_with_index_and_metadata" computerName="runnervm3jyl0" duration="00:00:00.0090980" startTime="2026-05-30T14:06:58.1940617+00:00" endTime="2026-05-30T14:06:58.1940621+00:00" testType="13cdc9d9-ddb5-4fa4-a97d-d965ccfc6d4b" outcome="Passed" testListId="8c84fa94-04c1-424b-9868-57a2d4851a1d" relativeResultsDirectory="7495aa89-c822-4811-8e7a-07355d00d790" />
    <UnitTestResult executionId="573fe578-64f9-4674-b426-04023a6d1476" testId="b47af049-c65d-a9d9-47cd-f9d6a7c6cbe8" testName="ArchLucid.ArtifactSynthesis.Tests.ArchitectureMarkdownSectionValidatorTests.GetMissingSectionHeaders_ignores_level_three_heading_with_same_title" computerName="runnervm3jyl0" duration="00:00:00.0006646" startTime="2026-05-30T14:06:58.1486226+00:00" endTime="2026-05-30T14:06:58.1486228+00:00" testType="13cdc9d9-ddb5-4fa4-a97d-d965ccfc6d4b" outcome="Passed" testListId="8c84fa94-04c1-424b-9868-57a2d4851a1d" relativeResultsDirectory="573fe578-64f9-4674-b426-04023a6d1476" />
    <UnitTestResult executionId="00876f09-6135-44df-98b0-942ca9147459" testId="1be2d96d-8690-26bb-4f17-8b2b2b82492c" testName="ArchLucid.ArtifactSynthesis.Tests.ArtifactContentTypeResolverTests.Resolve_maps_known_formats(format: &quot;Markdown&quot;, expected: &quot;text/markdown&quot;)" computerName="runnervm3jyl0" duration="00:00:00.0000270" startTime="2026-05-30T14:06:58.2179643+00:00" endTime="2026-05-30T14:06:58.2179644+00:00" testType="13cdc9d9-ddb5-4fa4-a97d-d965ccfc6d4b" outcome="Passed" testListId="8c84fa94-04c1-424b-9868-57a2d4851a1d" relativeResultsDirectory="00876f09-6135-44df-98b0-942ca9147459" />
    <UnitTestResult executionId="64ebd87c-7bbb-4e7a-ac4e-635a505deb54" testId="2b3150e0-1dd4-ac54-a1b9-d533e3e7c429" testName="ArchLucid.ArtifactSynthesis.Tests.ArtifactBundleValidatorTests.Validate_when_architecture_missing_headers_throws(artifactType: &quot;ReferenceArchitectureMarkdown&quot;)" computerName="runnervm3jyl0" duration="00:00:00.0378975" startTime="2026-05-30T14:06:58.0968895+00:00" endTime="2026-05-30T14:06:58.0968897+00:00" testType="13cdc9d9-ddb5-4fa4-a97d-d965ccfc6d4b" outcome="Passed" testListId="8c84fa94-04c1-424b-9868-57a2d4851a1d" relativeResultsDirectory="64ebd87c-7bbb-4e7a-ac4e-635a505deb54" />
    <UnitTestResult executionId="7d6c67aa-8998-4c17-a518-51481184bf36" testId="c1ab555f-ee60-d0c5-eb04-79277317a331" testName="ArchLucid.ArtifactSynthesis.Tests.GoldenCorpus.SynthesisGoldenCorpusRegressionTests.Coverage_summary_case_matches_golden(caseName: &quot;case-01&quot;)" computerName="runnervm3jyl0" duration="00:00:00.0017402" startTime="2026-05-30T14:06:58.2205197+00:00" endTime="2026-05-30T14:06:58.2205198+00:00" testType="13cdc9d9-ddb5-4fa4-a97d-d965ccfc6d4b" outcome="Passed" testListId="8c84fa94-04c1-424b-9868-57a2d4851a1d" relativeResultsDirectory="7d6c67aa-8998-4c17-a518-51481184bf36" />
    <UnitTestResult executionId="13319c9d-c276-4a27-9928-d5bda775813e" testId="085c26dc-85e2-4c7f-c719-98b2019a5ecb" testName="ArchLucid.ArtifactSynthesis.Tests.TerraformAdvisoryDecommissionSnippetBuilderTests.BuildDecisionSection_includes_arch_lucid_advisory_header_and_hints" computerName="runnervm3jyl0" duration="00:00:00.0023979" startTime="2026-05-30T14:06:58.2145373+00:00" endTime="2026-05-30T14:06:58.2145374+00:00" testType="13cdc9d9-ddb5-4fa4-a97d-d965ccfc6d4b" outcome="Passed" testListId="8c84fa94-04c1-424b-9868-57a2d4851a1d" relativeResultsDirectory="13319c9d-c276-4a27-9928-d5bda775813e" />
    <UnitTestResult executionId="4961ec95-a85d-4276-93b9-f47aa02f2861" testId="041dacb2-9c82-d7d7-ce42-11c31da01130" testName="ArchLucid.ArtifactSynthesis.Tests.ArtifactContentTypeResolverTests.Resolve_maps_known_formats(format: &quot;Other&quot;, expected: &quot;text/plain&quot;)" computerName="runnervm3jyl0" duration="00:00:00.0003188" startTime="2026-05-30T14:06:58.2173510+00:00" endTime="2026-05-30T14:06:58.2173512+00:00" testType="13cdc9d9-ddb5-4fa4-a97d-d965ccfc6d4b" outcome="Passed" testListId="8c84fa94-04c1-424b-9868-57a2d4851a1d" relativeResultsDirectory="4961ec95-a85d-4276-93b9-f47aa02f2861" />
    <UnitTestResult executionId="1dbddfdb-7efc-432a-abf3-73bd61296b20" testId="34bfe42a-c7f7-a838-2dc7-8eaf99475e5e" testName="ArchLucid.ArtifactSynthesis.Tests.TerraformSnapshotTests.Generated_terraform_snippet_validates_successfully" computerName="runnervm3jyl0" duration="00:00:00.0010000" startTime="2026-05-30T14:06:58.1541527+00:00" endTime="2026-05-30T14:06:58.1541529+00:00" testType="13cdc9d9-ddb5-4fa4-a97d-d965ccfc6d4b" outcome="NotExecuted" testListId="8c84fa94-04c1-424b-9868-57a2d4851a1d" relativeResultsDirectory="1dbddfdb-7efc-432a-abf3-73bd61296b20">
      <Output>
        <ErrorInfo>
          <Message>Terraform CLI must be on PATH for this test (install Terraform and ensure it is discoverable via PATH).</Message>
        </ErrorInfo>
      </Output>
    </UnitTestResult>
    <UnitTestResult executionId="f32173ed-d7dd-477c-833a-11237eabd9ef" testId="7d61a876-ff74-80a1-feb9-932dafec03c3" testName="ArchLucid.ArtifactSynthesis.Tests.ArchitectureMarkdownSectionValidatorTests.GetMissingSectionHeaders_allows_extra_spaces_after_hashes" computerName="runnervm3jyl0" duration="00:00:00.0001501" startTime="2026-05-30T14:06:58.1457671+00:00" endTime="2026-05-30T14:06:58.1457672+00:00" testType="13cdc9d9-ddb5-4fa4-a97d-d965ccfc6d4b" outcome="Passed" testListId="8c84fa94-04c1-424b-9868-57a2d4851a1d" relativeResultsDirectory="f32173ed-d7dd-477c-833a-11237eabd9ef" />
    <UnitTestResult executionId="938005a5-c816-48b1-9464-4fc9368ab972" testId="8cf08bad-398d-4a2f-5bae-e07c2664aae9" testName="ArchLucid.ArtifactSynthesis.Tests.ArtifactPackagingServiceTests.BuildRunExportPackage_embeds_optional_architecture_png_beside_artifact_text_entries" computerName="runnervm3jyl0" duration="00:00:00.0083819" startTime="2026-05-30T14:06:58.2114535+00:00" endTime="2026-05-30T14:06:58.2114538+00:00" testType="13cdc9d9-ddb5-4fa4-a97d-d965ccfc6d4b" outcome="Passed" testListId="8c84fa94-04c1-424b-9868-57a2d4851a1d" relativeResultsDirectory="938005a5-c816-48b1-9464-4fc9368ab972" />
    <UnitTestResult executionId="867fb3d7-e07d-48f3-906b-4b40efc1f8c3" testId="9d8de2e3-d937-b58f-5ca9-ecd6b1f4144f" testName="ArchLucid.ArtifactSynthesis.Tests.TerraformSnapshotTests.Advisory_placeholder_export_tf_passes_terraform_fmt_check_and_validate" computerName="runnervm3jyl0" duration="00:00:00.0010000" startTime="2026-05-30T14:06:58.1531984+00:00" endTime="2026-05-30T14:06:58.1531985+00:00" testType="13cdc9d9-ddb5-4fa4-a97d-d965ccfc6d4b" outcome="NotExecuted" testListId="8c84fa94-04c1-424b-9868-57a2d4851a1d" relativeResultsDirectory="867fb3d7-e07d-48f3-906b-4b40efc1f8c3">
      <Output>
        <ErrorInfo>
          <Message>Terraform CLI must be on PATH for this test (install Terraform and ensure it is discoverable via PATH).</Message>
        </ErrorInfo>
      </Output>
    </UnitTestResult>
    <UnitTestResult executionId="3551d441-27be-4338-a14d-6dc64cf29e22" testId="06429d0a-ad43-43f7-b4a1-a359f4c0788d" testName="ArchLucid.ArtifactSynthesis.Tests.ArtifactBundleValidatorTests.Validate_when_architecture_has_all_headers_passes(artifactType: &quot;ArchitectureNarrative&quot;)" computerName="runnervm3jyl0" duration="00:00:00.0016715" startTime="2026-05-30T14:06:58.1007844+00:00" endTime="2026-05-30T14:06:58.1007845+00:00" testType="13cdc9d9-ddb5-4fa4-a97d-d965ccfc6d4b" outcome="Passed" testListId="8c84fa94-04c1-424b-9868-57a2d4851a1d" relativeResultsDirectory="3551d441-27be-4338-a14d-6dc64cf29e22" />
    <UnitTestResult executionId="c988dfb4-843d-43bd-a5fe-3cb239410e98" testId="a7783b5a-b1e1-9de3-a6d0-d7e3ee8fee97" testName="ArchLucid.ArtifactSynthesis.Tests.TerraformAdvisoryDecommissionSnippetBuilderTests.BuildNoDecommissionManifestStub_matches_stable_intro_lines" computerName="runnervm3jyl0" duration="00:00:00.0006110" startTime="2026-05-30T14:06:58.2170200+00:00" endTime="2026-05-30T14:06:58.2170202+00:00" testType="13cdc9d9-ddb5-4fa4-a97d-d965ccfc6d4b" outcome="Passed" testListId="8c84fa94-04c1-424b-9868-57a2d4851a1d" relativeResultsDirectory="c988dfb4-843d-43bd-a5fe-3cb239410e98" />
    <UnitTestResult executionId="1511e398-76b7-4747-afd8-098fc9c6a0be" testId="27c95eb5-2497-1196-1a17-f2ffe52c03ba" testName="ArchLucid.ArtifactSynthesis.Tests.ArchitectureMarkdownSectionValidatorTests.GetMissingSectionHeaders_is_case_insensitive_for_titles" computerName="runnervm3jyl0" duration="00:00:00.0013861" startTime="2026-05-30T14:06:58.1445722+00:00" endTime="2026-05-30T14:06:58.1445724+00:00" testType="13cdc9d9-ddb5-4fa4-a97d-d965ccfc6d4b" outcome="Passed" testListId="8c84fa94-04c1-424b-9868-57a2d4851a1d" relativeResultsDirectory="1511e398-76b7-4747-afd8-098fc9c6a0be" />
    <UnitTestResult executionId="b26bef93-eec5-457f-908f-958762062026" testId="92e9f166-4163-1067-e331-63c3d26b61f7" testName="ArchLucid.ArtifactSynthesis.Tests.ArchitectureMarkdownSectionValidatorTests.GetMissingSectionHeaders_when_all_second_level_headings_present_returns_empty" computerName="runnervm3jyl0" duration="00:00:00.0019802" startTime="2026-05-30T14:06:58.1440055+00:00" endTime="2026-05-30T14:06:58.1440056+00:00" testType="13cdc9d9-ddb5-4fa4-a97d-d965ccfc6d4b" outcome="Passed" testListId="8c84fa94-04c1-424b-9868-57a2d4851a1d" relativeResultsDirectory="b26bef93-eec5-457f-908f-958762062026" />
    <UnitTestResult executionId="2f03e593-b7aa-457f-90ba-f56bc73391b3" testId="85628ef3-a96e-7af6-5901-0577676dee68" testName="ArchLucid.ArtifactSynthesis.Tests.Validation.RegexTerraformValidatorTests.Validate_unclosed_resource_block_is_invalid" computerName="runnervm3jyl0" duration="00:00:00.0001996" startTime="2026-05-30T14:06:58.1508645+00:00" endTime="2026-05-30T14:06:58.1508646+00:00" testType="13cdc9d9-ddb5-4fa4-a97d-d965ccfc6d4b" outcome="Passed" testListId="8c84fa94-04c1-424b-9868-57a2d4851a1d" relativeResultsDirectory="2f03e593-b7aa-457f-90ba-f56bc73391b3" />
    <UnitTestResult executionId="a7d53b07-a864-4f9c-8c69-63555dec668c" testId="34fc7100-e6d8-8d73-c0e0-4bb603c3f94b" testName="ArchLucid.ArtifactSynthesis.Tests.ArchitectureMarkdownSectionValidatorTests.GetMissingSectionHeaders_does_not_treat_plain_text_as_headings" computerName="runnervm3jyl0" duration="00:00:00.0001907" startTime="2026-05-30T14:06:58.1452205+00:00" endTime="2026-05-30T14:06:58.1452206+00:00" testType="13cdc9d9-ddb5-4fa4-a97d-d965ccfc6d4b" outcome="Passed" testListId="8c84fa94-04c1-424b-9868-57a2d4851a1d" relativeResultsDirectory="a7d53b07-a864-4f9c-8c69-63555dec668c" />
    <UnitTestResult executionId="41554e24-8d19-468d-bb4d-1ec306169d3b" testId="8de45158-855f-d144-77fc-2f21c8d15d02" testName="ArchLucid.ArtifactSynthesis.Tests.GoldenCorpus.SynthesisGoldenCorpusRegressionTests.Coverage_summary_case_matches_golden(caseName: &quot;case-02&quot;)" computerName="runnervm3jyl0" duration="00:00:00.0039024" startTime="2026-05-30T14:06:58.2247852+00:00" endTime="2026-05-30T14:06:58.2247854+00:00" testType="13cdc9d9-ddb5-4fa4-a97d-d965ccfc6d4b" outcome="Passed" testListId="8c84fa94-04c1-424b-9868-57a2d4851a1d" relativeResultsDirectory="41554e24-8d19-468d-bb4d-1ec306169d3b" />
    <UnitTestResult executionId="8ccb51ce-fdd9-48db-9591-3c471b9f37f9" testId="f98053a4-bd0f-f85c-a460-89878305a23c" testName="ArchLucid.ArtifactSynthesis.Tests.Classifiers.OrphanedResourceClassifierTests.ClassifyFromResourcesJson_flags_unattached_disk" computerName="runnervm3jyl0" duration="00:00:00.0032918" startTime="2026-05-30T14:06:58.1497104+00:00" endTime="2026-05-30T14:06:58.1497106+00:00" testType="13cdc9d9-ddb5-4fa4-a97d-d965ccfc6d4b" outcome="Passed" testListId="8c84fa94-04c1-424b-9868-57a2d4851a1d" relativeResultsDirectory="8ccb51ce-fdd9-48db-9591-3c471b9f37f9" />
    <UnitTestResult executionId="e1aaba22-3b7a-4c93-99ff-634a945d3166" testId="ab7e86d9-f9b1-6930-d192-cd4869e11ab2" testName="ArchLucid.ArtifactSynthesis.Tests.MermaidDiagramArtifactGeneratorTests.GenerateAsync_builds_ast_from_manifest_and_uses_renderer" computerName="runnervm3jyl0" duration="00:00:00.1327295" startTime="2026-05-30T14:06:58.2138720+00:00" endTime="2026-05-30T14:06:58.2138721+00:00" testType="13cdc9d9-ddb5-4fa4-a97d-d965ccfc6d4b" outcome="Passed" testListId="8c84fa94-04c1-424b-9868-57a2d4851a1d" relativeResultsDirectory="e1aaba22-3b7a-4c93-99ff-634a945d3166" />
    <UnitTestResult executionId="52bee4ae-e6f2-44cc-b409-c0ef818442bc" testId="c8872140-f867-5895-e3e5-b5b8da49892b" testName="ArchLucid.ArtifactSynthesis.Tests.ArtifactBundleValidatorTests.Validate_when_duplicate_artifact_types_throws" computerName="runnervm3jyl0" duration="00:00:00.0010098" startTime="2026-05-30T14:06:58.0987568+00:00" endTime="2026-05-30T14:06:58.0987569+00:00" testType="13cdc9d9-ddb5-4fa4-a97d-d965ccfc6d4b" outcome="Passed" testListId="8c84fa94-04c1-424b-9868-57a2d4851a1d" relativeResultsDirectory="52bee4ae-e6f2-44cc-b409-c0ef818442bc" />
    <UnitTestResult executionId="cce7a044-a78a-484e-8107-c44cec67cbf8" testId="b8d520da-90f1-6909-1809-ec5d8770ee53" testName="ArchLucid.ArtifactSynthesis.Tests.ArtifactPackagingServiceTests.BuildSingleFileExport_sanitizes_name_and_encodes_utf8" computerName="runnervm3jyl0" duration="00:00:00.0014511" startTime="2026-05-30T14:06:58.2142064+00:00" endTime="2026-05-30T14:06:58.2142065+00:00" testType="13cdc9d9-ddb5-4fa4-a97d-d965ccfc6d4b" outcome="Passed" testListId="8c84fa94-04c1-424b-9868-57a2d4851a1d" relativeResultsDirectory="cce7a044-a78a-484e-8107-c44cec67cbf8" />
    <UnitTestResult executionId="9fbd944e-02e7-4899-86b5-388b701fce63" testId="3c611194-50b7-8311-2d65-8ab348945a3d" testName="ArchLucid.ArtifactSynthesis.Tests.ArtifactBundleValidatorTests.Validate_when_architecture_missing_headers_throws(artifactType: &quot;ArchitectureNarrative&quot;)" computerName="runnervm3jyl0" duration="00:00:00.0010161" startTime="2026-05-30T14:06:58.0975247+00:00" endTime="2026-05-30T14:06:58.0975249+00:00" testType="13cdc9d9-ddb5-4fa4-a97d-d965ccfc6d4b" outcome="Passed" testListId="8c84fa94-04c1-424b-9868-57a2d4851a1d" relativeResultsDirectory="9fbd944e-02e7-4899-86b5-388b701fce63" />
    <UnitTestResult executionId="7d1ef980-deb5-4958-b353-81bf0f35b4d7" testId="79e84671-7b63-7975-2448-26d43358c3ac" testName="ArchLucid.ArtifactSynthesis.Tests.MermaidDiagramArtifactExtractorTests.TryGetDiagramSource_returns_null_when_bundle_has_no_candidates" computerName="runnervm3jyl0" duration="00:00:00.0166203" startTime="2026-05-30T14:06:58.0731092+00:00" endTime="2026-05-30T14:06:58.0731684+00:00" testType="13cdc9d9-ddb5-4fa4-a97d-d965ccfc6d4b" outcome="Passed" testListId="8c84fa94-04c1-424b-9868-57a2d4851a1d" relativeResultsDirectory="7d1ef980-deb5-4958-b353-81bf0f35b4d7" />
  </Results>
  <TestDefinitions>
    <UnitTest name="ArchLucid.ArtifactSynthesis.Tests.ArtifactSynthesisServiceTests.SynthesizeAsync_when_no_generators_adds_trace_note_and_validator_throws" storage="/home/runner/work/archlucid/archlucid/archlucid.artifactsynthesis.tests/bin/release/net10.0/archlucid.artifactsynthesis.tests.dll" id="2cd3b8a0-9841-21e0-b8f2-2b97a82e5ec5">
      <Execution id="e6efd75e-9c8f-4bcc-a6ae-b3f5459d3422" />
      <TestMethod codeBase="/home/runner/work/ArchLucid/ArchLucid/ArchLucid.ArtifactSynthesis.Tests/bin/Release/net10.0/ArchLucid.ArtifactSynthesis.Tests.dll" adapterTypeName="executor://xunit/VsTestRunner2/netcoreapp" className="ArchLucid.ArtifactSynthesis.Tests.ArtifactSynthesisServiceTests" name="SynthesizeAsync_when_no_generators_adds_trace_note_and_validator_throws" />
    </UnitTest>
    <UnitTest name="ArchLucid.ArtifactSynthesis.Tests.ArtifactPackagingServiceTests.BuildSingleFileExport_sanitizes_name_and_encodes_utf8" storage="/home/runner/work/archlucid/archlucid/archlucid.artifactsynthesis.tests/bin/release/net10.0/archlucid.artifactsynthesis.tests.dll" id="b8d520da-90f1-6909-1809-ec5d8770ee53">
      <Execution id="cce7a044-a78a-484e-8107-c44cec67cbf8" />
      <TestMethod codeBase="/home/runner/work/ArchLucid/ArchLucid/ArchLucid.ArtifactSynthesis.Tests/bin/Release/net10.0/ArchLucid.ArtifactSynthesis.Tests.dll" adapterTypeName="executor://xunit/VsTestRunner2/netcoreapp" className="ArchLucid.ArtifactSynthesis.Tests.ArtifactPackagingServiceTests" name="BuildSingleFileExport_sanitizes_name_and_encodes_utf8" />
    </UnitTest>
    <UnitTest name="ArchLucid.ArtifactSynthesis.Tests.MermaidDiagramArtifactExtractorTests.TryGetDiagramSource_returns_null_when_bundle_has_no_candidates" storage="/home/runner/work/archlucid/archlucid/archlucid.artifactsynthesis.tests/bin/release/net10.0/archlucid.artifactsynthesis.tests.dll" id="79e84671-7b63-7975-2448-26d43358c3ac">
      <Execution id="7d1ef980-deb5-4958-b353-81bf0f35b4d7" />
      <TestMethod codeBase="/home/runner/work/ArchLucid/ArchLucid/ArchLucid.ArtifactSynthesis.Tests/bin/Release/net10.0/ArchLucid.ArtifactSynthesis.Tests.dll" adapterTypeName="executor://xunit/VsTestRunner2/netcoreapp" className="ArchLucid.ArtifactSynthesis.Tests.MermaidDiagramArtifactExtractorTests" name="TryGetDiagramSource_returns_null_when_bundle_has_no_candidates" />
    </UnitTest>
    <UnitTest name="ArchLucid.ArtifactSynthesis.Tests.ArchitectureMarkdownSectionValidatorTests.GetMissingSectionHeaders_does_not_treat_plain_text_as_headings" storage="/home/runner/work/archlucid/archlucid/archlucid.artifactsynthesis.tests/bin/release/net10.0/archlucid.artifactsynthesis.tests.dll" id="34fc7100-e6d8-8d73-c0e0-4bb603c3f94b">
      <Execution id="a7d53b07-a864-4f9c-8c69-63555dec668c" />
      <TestMethod codeBase="/home/runner/work/ArchLucid/ArchLucid/ArchLucid.ArtifactSynthesis.Tests/bin/Release/net10.0/ArchLucid.ArtifactSynthesis.Tests.dll" adapterTypeName="executor://xunit/VsTestRunner2/netcoreapp" className="ArchLucid.ArtifactSynthesis.Tests.ArchitectureMarkdownSectionValidatorTests" name="GetMissingSectionHeaders_does_not_treat_plain_text_as_headings" />
    </UnitTest>
    <UnitTest name="ArchLucid.ArtifactSynthesis.Tests.Validation.RegexTerraformValidatorTests.Validate_balanced_resource_block_is_valid" storage="/home/runner/work/archlucid/archlucid/archlucid.artifactsynthesis.tests/bin/release/net10.0/archlucid.artifactsynthesis.tests.dll" id="84913bfc-ac57-c7d4-dab4-8d41bca766d6">
      <Execution id="b7fb00f2-fccd-4f07-b631-60eac60643aa" />
      <TestMethod codeBase="/home/runner/work/ArchLucid/ArchLucid/ArchLucid.ArtifactSynthesis.Tests/bin/Release/net10.0/ArchLucid.ArtifactSynthesis.Tests.dll" adapterTypeName="executor://xunit/VsTestRunner2/netcoreapp" className="ArchLucid.ArtifactSynthesis.Tests.Validation.RegexTerraformValidatorTests" name="Validate_balanced_resource_block_is_valid" />
    </UnitTest>
    <UnitTest name="ArchLucid.ArtifactSynthesis.Tests.Validation.RegexTerraformValidatorTests.Validate_comment_only_hcl_is_valid" storage="/home/runner/work/archlucid/archlucid/archlucid.artifactsynthesis.tests/bin/release/net10.0/archlucid.artifactsynthesis.tests.dll" id="3e8f1a18-1464-2947-773c-fa024fbb027a">
      <Execution id="0d279c27-038e-40d5-a73e-44a304c296fc" />
      <TestMethod codeBase="/home/runner/work/ArchLucid/ArchLucid/ArchLucid.ArtifactSynthesis.Tests/bin/Release/net10.0/ArchLucid.ArtifactSynthesis.Tests.dll" adapterTypeName="executor://xunit/VsTestRunner2/netcoreapp" className="ArchLucid.ArtifactSynthesis.Tests.Validation.RegexTerraformValidatorTests" name="Validate_comment_only_hcl_is_valid" />
    </UnitTest>
    <UnitTest name="ArchLucid.ArtifactSynthesis.Tests.ArtifactContentTypeResolverTests.Resolve_maps_known_formats(format: &quot;Markdown&quot;, expected: &quot;text/markdown&quot;)" storage="/home/runner/work/archlucid/archlucid/archlucid.artifactsynthesis.tests/bin/release/net10.0/archlucid.artifactsynthesis.tests.dll" id="1be2d96d-8690-26bb-4f17-8b2b2b82492c">
      <Execution id="00876f09-6135-44df-98b0-942ca9147459" />
      <TestMethod codeBase="/home/runner/work/ArchLucid/ArchLucid/ArchLucid.ArtifactSynthesis.Tests/bin/Release/net10.0/ArchLucid.ArtifactSynthesis.Tests.dll" adapterTypeName="executor://xunit/VsTestRunner2/netcoreapp" className="ArchLucid.ArtifactSynthesis.Tests.ArtifactContentTypeResolverTests" name="Resolve_maps_known_formats" />
    </UnitTest>
    <UnitTest name="ArchLucid.ArtifactSynthesis.Tests.GoldenCorpus.SynthesisGoldenCorpusRegressionTests.Coverage_summary_case_matches_golden(caseName: &quot;case-01&quot;)" storage="/home/runner/work/archlucid/archlucid/archlucid.artifactsynthesis.tests/bin/release/net10.0/archlucid.artifactsynthesis.tests.dll" id="c1ab555f-ee60-d0c5-eb04-79277317a331">
      <Execution id="7d6c67aa-8998-4c17-a518-51481184bf36" />
      <TestMethod codeBase="/home/runner/work/ArchLucid/ArchLucid/ArchLucid.ArtifactSynthesis.Tests/bin/Release/net10.0/ArchLucid.ArtifactSynthesis.Tests.dll" adapterTypeName="executor://xunit/VsTestRunner2/netcoreapp" className="ArchLucid.ArtifactSynthesis.Tests.GoldenCorpus.SynthesisGoldenCorpusRegressionTests" name="Coverage_summary_case_matches_golden" />
    </UnitTest>
    <UnitTest name="ArchLucid.ArtifactSynthesis.Tests.TerraformAdvisoryDecommissionSnippetBuilderTests.BuildNoDecommissionManifestStub_matches_stable_intro_lines" storage="/home/runner/work/archlucid/archlucid/archlucid.artifactsynthesis.tests/bin/release/net10.0/archlucid.artifactsynthesis.tests.dll" id="a7783b5a-b1e1-9de3-a6d0-d7e3ee8fee97">
      <Execution id="c988dfb4-843d-43bd-a5fe-3cb239410e98" />
      <TestMethod codeBase="/home/runner/work/ArchLucid/ArchLucid/ArchLucid.ArtifactSynthesis.Tests/bin/Release/net10.0/ArchLucid.ArtifactSynthesis.Tests.dll" adapterTypeName="executor://xunit/VsTestRunner2/netcoreapp" className="ArchLucid.ArtifactSynthesis.Tests.TerraformAdvisoryDecommissionSnippetBuilderTests" name="BuildNoDecommissionManifestStub_matches_stable_intro_lines" />
    </UnitTest>
    <UnitTest name="ArchLucid.ArtifactSynthesis.Tests.ArtifactPackagingServiceTests.BuildBundlePackage_writes_zip_with_index_and_metadata" storage="/home/runner/work/archlucid/archlucid/archlucid.artifactsynthesis.tests/bin/release/net10.0/archlucid.artifactsynthesis.tests.dll" id="fed19e96-e449-560d-f12c-a292e53aef8e">
      <Execution id="7495aa89-c822-4811-8e7a-07355d00d790" />
      <TestMethod codeBase="/home/runner/work/ArchLucid/ArchLucid/ArchLucid.ArtifactSynthesis.Tests/bin/Release/net10.0/ArchLucid.ArtifactSynthesis.Tests.dll" adapterTypeName="executor://xunit/VsTestRunner2/netcoreapp" className="ArchLucid.ArtifactSynthesis.Tests.ArtifactPackagingServiceTests" name="BuildBundlePackage_writes_zip_with_index_and_metadata" />
    </UnitTest>
    <UnitTest name="ArchLucid.ArtifactSynthesis.Tests.ArtifactBundleValidatorTests.Validate_when_architecture_has_all_headers_passes(artifactType: &quot;ArchitectureNarrative&quot;)" storage="/home/runner/work/archlucid/archlucid/archlucid.artifactsynthesis.tests/bin/release/net10.0/archlucid.artifactsynthesis.tests.dll" id="06429d0a-ad43-43f7-b4a1-a359f4c0788d">
      <Execution id="3551d441-27be-4338-a14d-6dc64cf29e22" />
      <TestMethod codeBase="/home/runner/work/ArchLucid/ArchLucid/ArchLucid.ArtifactSynthesis.Tests/bin/Release/net10.0/ArchLucid.ArtifactSynthesis.Tests.dll" adapterTypeName="executor://xunit/VsTestRunner2/netcoreapp" className="ArchLucid.ArtifactSynthesis.Tests.ArtifactBundleValidatorTests" name="Validate_when_architecture_has_all_headers_passes" />
    </UnitTest>
    <UnitTest name="ArchLucid.ArtifactSynthesis.Tests.ArchitectureMarkdownSectionValidatorTests.GetMissingSectionHeaders_when_all_second_level_headings_present_returns_empty" storage="/home/runner/work/archlucid/archlucid/archlucid.artifactsynthesis.tests/bin/release/net10.0/archlucid.artifactsynthesis.tests.dll" id="92e9f166-4163-1067-e331-63c3d26b61f7">
      <Execution id="b26bef93-eec5-457f-908f-958762062026" />
      <TestMethod codeBase="/home/runner/work/ArchLucid/ArchLucid/ArchLucid.ArtifactSynthesis.Tests/bin/Release/net10.0/ArchLucid.ArtifactSynthesis.Tests.dll" adapterTypeName="executor://xunit/VsTestRunner2/netcoreapp" className="ArchLucid.ArtifactSynthesis.Tests.ArchitectureMarkdownSectionValidatorTests" name="GetMissingSectionHeaders_when_all_second_level_headings_present_returns_empty" />
    </UnitTest>
    <UnitTest name="ArchLucid.ArtifactSynthesis.Tests.ArchitectureMarkdownSectionValidatorTests.GetMissingSectionHeaders_is_case_insensitive_for_titles" storage="/home/runner/work/archlucid/archlucid/archlucid.artifactsynthesis.tests/bin/release/net10.0/archlucid.artifactsynthesis.tests.dll" id="27c95eb5-2497-1196-1a17-f2ffe52c03ba">
      <Execution id="1511e398-76b7-4747-afd8-098fc9c6a0be" />
      <TestMethod codeBase="/home/runner/work/ArchLucid/ArchLucid/ArchLucid.ArtifactSynthesis.Tests/bin/Release/net10.0/ArchLucid.ArtifactSynthesis.Tests.dll" adapterTypeName="executor://xunit/VsTestRunner2/netcoreapp" className="ArchLucid.ArtifactSynthesis.Tests.ArchitectureMarkdownSectionValidatorTests" name="GetMissingSectionHeaders_is_case_insensitive_for_titles" />
    </UnitTest>
    <UnitTest name="ArchLucid.ArtifactSynthesis.Tests.TerraformSnapshotTests.Generated_terraform_snippet_validates_successfully" storage="/home/runner/work/archlucid/archlucid/archlucid.artifactsynthesis.tests/bin/release/net10.0/archlucid.artifactsynthesis.tests.dll" id="34bfe42a-c7f7-a838-2dc7-8eaf99475e5e">
      <Execution id="1dbddfdb-7efc-432a-abf3-73bd61296b20" />
      <TestMethod codeBase="/home/runner/work/ArchLucid/ArchLucid/ArchLucid.ArtifactSynthesis.Tests/bin/Release/net10.0/ArchLucid.ArtifactSynthesis.Tests.dll" adapterTypeName="executor://xunit/VsTestRunner2/netcoreapp" className="ArchLucid.ArtifactSynthesis.Tests.TerraformSnapshotTests" name="Generated_terraform_snippet_validates_successfully" />
    </UnitTest>
    <UnitTest name="ArchLucid.ArtifactSynthesis.Tests.ArtifactBundleValidatorTests.Validate_when_architecture_has_all_headers_passes(artifactType: &quot;ReferenceArchitectureMarkdown&quot;)" storage="/home/runner/work/archlucid/archlucid/archlucid.artifactsynthesis.tests/bin/release/net10.0/archlucid.artifactsynthesis.tests.dll" id="68ef3cc8-f7c9-aed1-9f4b-8b7be8a3607d">
      <Execution id="e5b41687-c5d9-402d-ab26-77f724981627" />
      <TestMethod codeBase="/home/runner/work/ArchLucid/ArchLucid/ArchLucid.ArtifactSynthesis.Tests/bin/Release/net10.0/ArchLucid.ArtifactSynthesis.Tests.dll" adapterTypeName="executor://xunit/VsTestRunner2/netcoreapp" className="ArchLucid.ArtifactSynthesis.Tests.ArtifactBundleValidatorTests" name="Validate_when_architecture_has_all_headers_passes" />
    </UnitTest>
    <UnitTest name="ArchLucid.ArtifactSynthesis.Tests.Validation.RegexTerraformValidatorTests.Validate_unclosed_resource_block_is_invalid" storage="/home/runner/work/archlucid/archlucid/archlucid.artifactsynthesis.tests/bin/release/net10.0/archlucid.artifactsynthesis.tests.dll" id="85628ef3-a96e-7af6-5901-0577676dee68">
      <Execution id="2f03e593-b7aa-457f-90ba-f56bc73391b3" />
      <TestMethod codeBase="/home/runner/work/ArchLucid/ArchLucid/ArchLucid.ArtifactSynthesis.Tests/bin/Release/net10.0/ArchLucid.ArtifactSynthesis.Tests.dll" adapterTypeName="executor://xunit/VsTestRunner2/netcoreapp" className="ArchLucid.ArtifactSynthesis.Tests.Validation.RegexTerraformValidatorTests" name="Validate_unclosed_resource_block_is_invalid" />
    </UnitTest>
    <UnitTest name="ArchLucid.ArtifactSynthesis.Tests.Validation.RegexTerraformValidatorTests.Validate_resource_header_without_body_is_invalid" storage="/home/runner/work/archlucid/archlucid/archlucid.artifactsynthesis.tests/bin/release/net10.0/archlucid.artifactsynthesis.tests.dll" id="d4fcf1fe-02ae-746a-f4ae-6ee1ee4b86d8">
      <Execution id="6784dc84-6718-4e9c-ac0c-096d55407aa6" />
      <TestMethod codeBase="/home/runner/work/ArchLucid/ArchLucid/ArchLucid.ArtifactSynthesis.Tests/bin/Release/net10.0/ArchLucid.ArtifactSynthesis.Tests.dll" adapterTypeName="executor://xunit/VsTestRunner2/netcoreapp" className="ArchLucid.ArtifactSynthesis.Tests.Validation.RegexTerraformValidatorTests" name="Validate_resource_header_without_body_is_invalid" />
    </UnitTest>
    <UnitTest name="ArchLucid.ArtifactSynthesis.Tests.ArtifactPackagingServiceTests.BuildRunExportPackage_readme_includes_optional_manifest_context" storage="/home/runner/work/archlucid/archlucid/archlucid.artifactsynthesis.tests/bin/release/net10.0/archlucid.artifactsynthesis.tests.dll" id="6995d720-e9ed-c7e0-c25d-98c9452b01f6">
      <Execution id="c24358ae-5fdb-4e67-bd44-71472e2756de" />
      <TestMethod codeBase="/home/runner/work/ArchLucid/ArchLucid/ArchLucid.ArtifactSynthesis.Tests/bin/Release/net10.0/ArchLucid.ArtifactSynthesis.Tests.dll" adapterTypeName="executor://xunit/VsTestRunner2/netcoreapp" className="ArchLucid.ArtifactSynthesis.Tests.ArtifactPackagingServiceTests" name="BuildRunExportPackage_readme_includes_optional_manifest_context" />
    </UnitTest>
    <UnitTest name="ArchLucid.ArtifactSynthesis.Tests.ArchitectureMarkdownSectionValidatorTests.GetMissingSectionHeaders_allows_extra_spaces_after_hashes" storage="/home/runner/work/archlucid/archlucid/archlucid.artifactsynthesis.tests/bin/release/net10.0/archlucid.artifactsynthesis.tests.dll" id="7d61a876-ff74-80a1-feb9-932dafec03c3">
      <Execution id="f32173ed-d7dd-477c-833a-11237eabd9ef" />
      <TestMethod codeBase="/home/runner/work/ArchLucid/ArchLucid/ArchLucid.ArtifactSynthesis.Tests/bin/Release/net10.0/ArchLucid.ArtifactSynthesis.Tests.dll" adapterTypeName="executor://xunit/VsTestRunner2/netcoreapp" className="ArchLucid.ArtifactSynthesis.Tests.ArchitectureMarkdownSectionValidatorTests" name="GetMissingSectionHeaders_allows_extra_spaces_after_hashes" />
    </UnitTest>
    <UnitTest name="ArchLucid.ArtifactSynthesis.Tests.TerraformAdvisorySafetyTests.GenerateAsync_when_agent_recommends_delete_emits_comments_and_never_emits_destroy_token" storage="/home/runner/work/archlucid/archlucid/archlucid.artifactsynthesis.tests/bin/release/net10.0/archlucid.artifactsynthesis.tests.dll" id="ef64fcba-5414-6c98-35d6-ef0c7f1cf1f2">
      <Execution id="b4a578ae-bdd7-40dd-8f11-199264402c71" />
      <TestMethod codeBase="/home/runner/work/ArchLucid/ArchLucid/ArchLucid.ArtifactSynthesis.Tests/bin/Release/net10.0/ArchLucid.ArtifactSynthesis.Tests.dll" adapterTypeName="executor://xunit/VsTestRunner2/netcoreapp" className="ArchLucid.ArtifactSynthesis.Tests.TerraformAdvisorySafetyTests" name="GenerateAsync_when_agent_recommends_delete_emits_comments_and_never_emits_destroy_token" />
    </UnitTest>
    <UnitTest name="ArchLucid.ArtifactSynthesis.Tests.ArchitectureMarkdownSectionValidatorTests.GetMissingSectionHeaders_when_null_or_whitespace_lists_all_required" storage="/home/runner/work/archlucid/archlucid/archlucid.artifactsynthesis.tests/bin/release/net10.0/archlucid.artifactsynthesis.tests.dll" id="3d98e69e-7678-c415-078f-a9fc99c346b4">
      <Execution id="966233ad-07b6-4001-993d-504fb597efdf" />
      <TestMethod codeBase="/home/runner/work/ArchLucid/ArchLucid/ArchLucid.ArtifactSynthesis.Tests/bin/Release/net10.0/ArchLucid.ArtifactSynthesis.Tests.dll" adapterTypeName="executor://xunit/VsTestRunner2/netcoreapp" className="ArchLucid.ArtifactSynthesis.Tests.ArchitectureMarkdownSectionValidatorTests" name="GetMissingSectionHeaders_when_null_or_whitespace_lists_all_required" />
    </UnitTest>
    <UnitTest name="ArchLucid.ArtifactSynthesis.Tests.MermaidDiagramArtifactGeneratorTests.GenerateAsync_builds_ast_from_manifest_and_uses_renderer" storage="/home/runner/work/archlucid/archlucid/archlucid.artifactsynthesis.tests/bin/release/net10.0/archlucid.artifactsynthesis.tests.dll" id="ab7e86d9-f9b1-6930-d192-cd4869e11ab2">
      <Execution id="e1aaba22-3b7a-4c93-99ff-634a945d3166" />
      <TestMethod codeBase="/home/runner/work/ArchLucid/ArchLucid/ArchLucid.ArtifactSynthesis.Tests/bin/Release/net10.0/ArchLucid.ArtifactSynthesis.Tests.dll" adapterTypeName="executor://xunit/VsTestRunner2/netcoreapp" className="ArchLucid.ArtifactSynthesis.Tests.MermaidDiagramArtifactGeneratorTests" name="GenerateAsync_builds_ast_from_manifest_and_uses_renderer" />
    </UnitTest>
    <UnitTest name="ArchLucid.ArtifactSynthesis.Tests.InventoryArtifactGeneratorTests.GenerateAsync_serializes_requirements_security_compliance_and_issues" storage="/home/runner/work/archlucid/archlucid/archlucid.artifactsynthesis.tests/bin/release/net10.0/archlucid.artifactsynthesis.tests.dll" id="33a1e50d-032d-ed8b-4928-b55eeb7fc644">
      <Execution id="6a116430-3669-4411-ba8e-00f7d5f470e1" />
      <TestMethod codeBase="/home/runner/work/ArchLucid/ArchLucid/ArchLucid.ArtifactSynthesis.Tests/bin/Release/net10.0/ArchLucid.ArtifactSynthesis.Tests.dll" adapterTypeName="executor://xunit/VsTestRunner2/netcoreapp" className="ArchLucid.ArtifactSynthesis.Tests.InventoryArtifactGeneratorTests" name="GenerateAsync_serializes_requirements_security_compliance_and_issues" />
    </UnitTest>
    <UnitTest name="ArchLucid.ArtifactSynthesis.Tests.GoldenCorpus.SynthesisGoldenCorpusRegressionTests.Coverage_summary_case_matches_golden(caseName: &quot;case-02&quot;)" storage="/home/runner/work/archlucid/archlucid/archlucid.artifactsynthesis.tests/bin/release/net10.0/archlucid.artifactsynthesis.tests.dll" id="8de45158-855f-d144-77fc-2f21c8d15d02">
      <Execution id="41554e24-8d19-468d-bb4d-1ec306169d3b" />
      <TestMethod codeBase="/home/runner/work/ArchLucid/ArchLucid/ArchLucid.ArtifactSynthesis.Tests/bin/Release/net10.0/ArchLucid.ArtifactSynthesis.Tests.dll" adapterTypeName="executor://xunit/VsTestRunner2/netcoreapp" className="ArchLucid.ArtifactSynthesis.Tests.GoldenCorpus.SynthesisGoldenCorpusRegressionTests" name="Coverage_summary_case_matches_golden" />
    </UnitTest>
    <UnitTest name="ArchLucid.ArtifactSynthesis.Tests.ArtifactPackagingServiceTests.BuildRunExportPackage_embeds_optional_architecture_png_beside_artifact_text_entries" storage="/home/runner/work/archlucid/archlucid/archlucid.artifactsynthesis.tests/bin/release/net10.0/archlucid.artifactsynthesis.tests.dll" id="8cf08bad-398d-4a2f-5bae-e07c2664aae9">
      <Execution id="938005a5-c816-48b1-9464-4fc9368ab972" />
      <TestMethod codeBase="/home/runner/work/ArchLucid/ArchLucid/ArchLucid.ArtifactSynthesis.Tests/bin/Release/net10.0/ArchLucid.ArtifactSynthesis.Tests.dll" adapterTypeName="executor://xunit/VsTestRunner2/netcoreapp" className="ArchLucid.ArtifactSynthesis.Tests.ArtifactPackagingServiceTests" name="BuildRunExportPackage_embeds_optional_architecture_png_beside_artifact_text_entries" />
    </UnitTest>
    <UnitTest name="ArchLucid.ArtifactSynthesis.Tests.ArtifactBundleValidatorTests.Validate_when_duplicate_artifact_types_throws" storage="/home/runner/work/archlucid/archlucid/archlucid.artifactsynthesis.tests/bin/release/net10.0/archlucid.artifactsynthesis.tests.dll" id="c8872140-f867-5895-e3e5-b5b8da49892b">
      <Execution id="52bee4ae-e6f2-44cc-b409-c0ef818442bc" />
      <TestMethod codeBase="/home/runner/work/ArchLucid/ArchLucid/ArchLucid.ArtifactSynthesis.Tests/bin/Release/net10.0/ArchLucid.ArtifactSynthesis.Tests.dll" adapterTypeName="executor://xunit/VsTestRunner2/netcoreapp" className="ArchLucid.ArtifactSynthesis.Tests.ArtifactBundleValidatorTests" name="Validate_when_duplicate_artifact_types_throws" />
    </UnitTest>
    <UnitTest name="ArchLucid.ArtifactSynthesis.Tests.Classifiers.OrphanedResourceClassifierTests.ClassifyFromResourcesJson_flags_unattached_disk" storage="/home/runner/work/archlucid/archlucid/archlucid.artifactsynthesis.tests/bin/release/net10.0/archlucid.artifactsynthesis.tests.dll" id="f98053a4-bd0f-f85c-a460-89878305a23c">
      <Execution id="8ccb51ce-fdd9-48db-9591-3c471b9f37f9" />
      <TestMethod codeBase="/home/runner/work/ArchLucid/ArchLucid/ArchLucid.ArtifactSynthesis.Tests/bin/Release/net10.0/ArchLucid.ArtifactSynthesis.Tests.dll" adapterTypeName="executor://xunit/VsTestRunner2/netcoreapp" className="ArchLucid.ArtifactSynthesis.Tests.Classifiers.OrphanedResourceClassifierTests" name="ClassifyFromResourcesJson_flags_unattached_disk" />
    </UnitTest>
    <UnitTest name="ArchLucid.ArtifactSynthesis.Tests.MermaidDiagramArtifactExtractorTests.TryGetDiagramSource_prefers_explicit_mermaid_artifact_and_respects_truncation_cap" storage="/home/runner/work/archlucid/archlucid/archlucid.artifactsynthesis.tests/bin/release/net10.0/archlucid.artifactsynthesis.tests.dll" id="0862010f-1fdc-7524-4044-2a8ec0ffb9f9">
      <Execution id="796fefc5-bf4a-49c4-ad13-5be1d11f8b13" />
      <TestMethod codeBase="/home/runner/work/ArchLucid/ArchLucid/ArchLucid.ArtifactSynthesis.Tests/bin/Release/net10.0/ArchLucid.ArtifactSynthesis.Tests.dll" adapterTypeName="executor://xunit/VsTestRunner2/netcoreapp" className="ArchLucid.ArtifactSynthesis.Tests.MermaidDiagramArtifactExtractorTests" name="TryGetDiagramSource_prefers_explicit_mermaid_artifact_and_respects_truncation_cap" />
    </UnitTest>
    <UnitTest name="ArchLucid.ArtifactSynthesis.Tests.ArtifactSynthesisServiceTests.SynthesizeAsync_invokes_generators_in_artifact_type_order_and_validates" storage="/home/runner/work/archlucid/archlucid/archlucid.artifactsynthesis.tests/bin/release/net10.0/archlucid.artifactsynthesis.tests.dll" id="48cb9e5f-6f18-e45d-385a-587f42107684">
      <Execution id="7cc575ed-630d-4a2f-90b0-a0b5174f4866" />
      <TestMethod codeBase="/home/runner/work/ArchLucid/ArchLucid/ArchLucid.ArtifactSynthesis.Tests/bin/Release/net10.0/ArchLucid.ArtifactSynthesis.Tests.dll" adapterTypeName="executor://xunit/VsTestRunner2/netcoreapp" className="ArchLucid.ArtifactSynthesis.Tests.ArtifactSynthesisServiceTests" name="SynthesizeAsync_invokes_generators_in_artifact_type_order_and_validates" />
    </UnitTest>
    <UnitTest name="ArchLucid.ArtifactSynthesis.Tests.ArtifactContentTypeResolverTests.Resolve_maps_known_formats(format: &quot;Other&quot;, expected: &quot;text/plain&quot;)" storage="/home/runner/work/archlucid/archlucid/archlucid.artifactsynthesis.tests/bin/release/net10.0/archlucid.artifactsynthesis.tests.dll" id="041dacb2-9c82-d7d7-ce42-11c31da01130">
      <Execution id="4961ec95-a85d-4276-93b9-f47aa02f2861" />
      <TestMethod codeBase="/home/runner/work/ArchLucid/ArchLucid/ArchLucid.ArtifactSynthesis.Tests/bin/Release/net10.0/ArchLucid.ArtifactSynthesis.Tests.dll" adapterTypeName="executor://xunit/VsTestRunner2/netcoreapp" className="ArchLucid.ArtifactSynthesis.Tests.ArtifactContentTypeResolverTests" name="Resolve_maps_known_formats" />
    </UnitTest>
    <UnitTest name="ArchLucid.ArtifactSynthesis.Tests.ArtifactBundleValidatorTests.Validate_when_architecture_missing_headers_throws(artifactType: &quot;ReferenceArchitectureMarkdown&quot;)" storage="/home/runner/work/archlucid/archlucid/archlucid.artifactsynthesis.tests/bin/release/net10.0/archlucid.artifactsynthesis.tests.dll" id="2b3150e0-1dd4-ac54-a1b9-d533e3e7c429">
      <Execution id="64ebd87c-7bbb-4e7a-ac4e-635a505deb54" />
      <TestMethod codeBase="/home/runner/work/ArchLucid/ArchLucid/ArchLucid.ArtifactSynthesis.Tests/bin/Release/net10.0/ArchLucid.ArtifactSynthesis.Tests.dll" adapterTypeName="executor://xunit/VsTestRunner2/netcoreapp" className="ArchLucid.ArtifactSynthesis.Tests.ArtifactBundleValidatorTests" name="Validate_when_architecture_missing_headers_throws" />
    </UnitTest>
    <UnitTest name="ArchLucid.ArtifactSynthesis.Tests.ArtifactBundleValidatorTests.Validate_when_architecture_missing_headers_throws(artifactType: &quot;ArchitectureNarrative&quot;)" storage="/home/runner/work/archlucid/archlucid/archlucid.artifactsynthesis.tests/bin/release/net10.0/archlucid.artifactsynthesis.tests.dll" id="3c611194-50b7-8311-2d65-8ab348945a3d">
      <Execution id="9fbd944e-02e7-4899-86b5-388b701fce63" />
      <TestMethod codeBase="/home/runner/work/ArchLucid/ArchLucid/ArchLucid.ArtifactSynthesis.Tests/bin/Release/net10.0/ArchLucid.ArtifactSynthesis.Tests.dll" adapterTypeName="executor://xunit/VsTestRunner2/netcoreapp" className="ArchLucid.ArtifactSynthesis.Tests.ArtifactBundleValidatorTests" name="Validate_when_architecture_missing_headers_throws" />
    </UnitTest>
    <UnitTest name="ArchLucid.ArtifactSynthesis.Tests.GoldenCorpus.SynthesisGoldenCorpusRegressionTests.Coverage_summary_case_matches_golden(caseName: &quot;case-03&quot;)" storage="/home/runner/work/archlucid/archlucid/archlucid.artifactsynthesis.tests/bin/release/net10.0/archlucid.artifactsynthesis.tests.dll" id="032cc3ce-a430-85f4-0fec-7353261b7181">
      <Execution id="cc59941e-8f29-4b92-a82b-5731e90a11ab" />
      <TestMethod codeBase="/home/runner/work/ArchLucid/ArchLucid/ArchLucid.ArtifactSynthesis.Tests/bin/Release/net10.0/ArchLucid.ArtifactSynthesis.Tests.dll" adapterTypeName="executor://xunit/VsTestRunner2/netcoreapp" className="ArchLucid.ArtifactSynthesis.Tests.GoldenCorpus.SynthesisGoldenCorpusRegressionTests" name="Coverage_summary_case_matches_golden" />
    </UnitTest>
    <UnitTest name="ArchLucid.ArtifactSynthesis.Tests.ArtifactBundleValidatorTests.Validate_when_content_empty_throws" storage="/home/runner/work/archlucid/archlucid/archlucid.artifactsynthesis.tests/bin/release/net10.0/archlucid.artifactsynthesis.tests.dll" id="ffe036ca-75ab-fcdf-1e18-011d501a9724">
      <Execution id="c6ea0fdd-f573-43ef-9328-15ebd676d45b" />
      <TestMethod codeBase="/home/runner/work/ArchLucid/ArchLucid/ArchLucid.ArtifactSynthesis.Tests/bin/Release/net10.0/ArchLucid.ArtifactSynthesis.Tests.dll" adapterTypeName="executor://xunit/VsTestRunner2/netcoreapp" className="ArchLucid.ArtifactSynthesis.Tests.ArtifactBundleValidatorTests" name="Validate_when_content_empty_throws" />
    </UnitTest>
    <UnitTest name="ArchLucid.ArtifactSynthesis.Tests.TerraformSnapshotTests.Advisory_placeholder_export_tf_passes_terraform_fmt_check_and_validate" storage="/home/runner/work/archlucid/archlucid/archlucid.artifactsynthesis.tests/bin/release/net10.0/archlucid.artifactsynthesis.tests.dll" id="9d8de2e3-d937-b58f-5ca9-ecd6b1f4144f">
      <Execution id="867fb3d7-e07d-48f3-906b-4b40efc1f8c3" />
      <TestMethod codeBase="/home/runner/work/ArchLucid/ArchLucid/ArchLucid.ArtifactSynthesis.Tests/bin/Release/net10.0/ArchLucid.ArtifactSynthesis.Tests.dll" adapterTypeName="executor://xunit/VsTestRunner2/netcoreapp" className="ArchLucid.ArtifactSynthesis.Tests.TerraformSnapshotTests" name="Advisory_placeholder_export_tf_passes_terraform_fmt_check_and_validate" />
    </UnitTest>
    <UnitTest name="ArchLucid.ArtifactSynthesis.Tests.ArtifactContentTypeResolverTests.Resolve_maps_known_formats(format: &quot;json&quot;, expected: &quot;application/json&quot;)" storage="/home/runner/work/archlucid/archlucid/archlucid.artifactsynthesis.tests/bin/release/net10.0/archlucid.artifactsynthesis.tests.dll" id="07615c6d-e830-92ec-c655-f7b6625dfbd7">
      <Execution id="23a66217-26fd-4a59-80ca-16d26c3d9a21" />
      <TestMethod codeBase="/home/runner/work/ArchLucid/ArchLucid/ArchLucid.ArtifactSynthesis.Tests/bin/Release/net10.0/ArchLucid.ArtifactSynthesis.Tests.dll" adapterTypeName="executor://xunit/VsTestRunner2/netcoreapp" className="ArchLucid.ArtifactSynthesis.Tests.ArtifactContentTypeResolverTests" name="Resolve_maps_known_formats" />
    </UnitTest>
    <UnitTest name="ArchLucid.ArtifactSynthesis.Tests.TerraformAdvisoryDecommissionSnippetBuilderTests.BuildDecisionSection_includes_arch_lucid_advisory_header_and_hints" storage="/home/runner/work/archlucid/archlucid/archlucid.artifactsynthesis.tests/bin/release/net10.0/archlucid.artifactsynthesis.tests.dll" id="085c26dc-85e2-4c7f-c719-98b2019a5ecb">
      <Execution id="13319c9d-c276-4a27-9928-d5bda775813e" />
      <TestMethod codeBase="/home/runner/work/ArchLucid/ArchLucid/ArchLucid.ArtifactSynthesis.Tests/bin/Release/net10.0/ArchLucid.ArtifactSynthesis.Tests.dll" adapterTypeName="executor://xunit/VsTestRunner2/netcoreapp" className="ArchLucid.ArtifactSynthesis.Tests.TerraformAdvisoryDecommissionSnippetBuilderTests" name="BuildDecisionSection_includes_arch_lucid_advisory_header_and_hints" />
    </UnitTest>
    <UnitTest name="ArchLucid.ArtifactSynthesis.Tests.ArchitectureMarkdownSectionValidatorTests.GetMissingSectionHeaders_ignores_level_three_heading_with_same_title" storage="/home/runner/work/archlucid/archlucid/archlucid.artifactsynthesis.tests/bin/release/net10.0/archlucid.artifactsynthesis.tests.dll" id="b47af049-c65d-a9d9-47cd-f9d6a7c6cbe8">
      <Execution id="573fe578-64f9-4674-b426-04023a6d1476" />
      <TestMethod codeBase="/home/runner/work/ArchLucid/ArchLucid/ArchLucid.ArtifactSynthesis.Tests/bin/Release/net10.0/ArchLucid.ArtifactSynthesis.Tests.dll" adapterTypeName="executor://xunit/VsTestRunner2/netcoreapp" className="ArchLucid.ArtifactSynthesis.Tests.ArchitectureMarkdownSectionValidatorTests" name="GetMissingSectionHeaders_ignores_level_three_heading_with_same_title" />
    </UnitTest>
    <UnitTest name="ArchLucid.ArtifactSynthesis.Tests.ArtifactPackagingServiceTests.BuildTerraformAdvisoryPlaceholderExport_writes_zip_with_disclaimer_and_stub" storage="/home/runner/work/archlucid/archlucid/archlucid.artifactsynthesis.tests/bin/release/net10.0/archlucid.artifactsynthesis.tests.dll" id="e8b10e9b-137f-83de-d79f-2ac99e76bc4f">
      <Execution id="1d0cf1cd-e4a1-4386-ac2a-2a00269a8c54" />
      <TestMethod codeBase="/home/runner/work/ArchLucid/ArchLucid/ArchLucid.ArtifactSynthesis.Tests/bin/Release/net10.0/ArchLucid.ArtifactSynthesis.Tests.dll" adapterTypeName="executor://xunit/VsTestRunner2/netcoreapp" className="ArchLucid.ArtifactSynthesis.Tests.ArtifactPackagingServiceTests" name="BuildTerraformAdvisoryPlaceholderExport_writes_zip_with_disclaimer_and_stub" />
    </UnitTest>
  </TestDefinitions>
  <TestEntries>
    <TestEntry testId="ef64fcba-5414-6c98-35d6-ef0c7f1cf1f2" executionId="b4a578ae-bdd7-40dd-8f11-199264402c71" testListId="8c84fa94-04c1-424b-9868-57a2d4851a1d" />
    <TestEntry testId="032cc3ce-a430-85f4-0fec-7353261b7181" executionId="cc59941e-8f29-4b92-a82b-5731e90a11ab" testListId="8c84fa94-04c1-424b-9868-57a2d4851a1d" />
    <TestEntry testId="2cd3b8a0-9841-21e0-b8f2-2b97a82e5ec5" executionId="e6efd75e-9c8f-4bcc-a6ae-b3f5459d3422" testListId="8c84fa94-04c1-424b-9868-57a2d4851a1d" />
    <TestEntry testId="3e8f1a18-1464-2947-773c-fa024fbb027a" executionId="0d279c27-038e-40d5-a73e-44a304c296fc" testListId="8c84fa94-04c1-424b-9868-57a2d4851a1d" />
    <TestEntry testId="07615c6d-e830-92ec-c655-f7b6625dfbd7" executionId="23a66217-26fd-4a59-80ca-16d26c3d9a21" testListId="8c84fa94-04c1-424b-9868-57a2d4851a1d" />
    <TestEntry testId="ffe036ca-75ab-fcdf-1e18-011d501a9724" executionId="c6ea0fdd-f573-43ef-9328-15ebd676d45b" testListId="8c84fa94-04c1-424b-9868-57a2d4851a1d" />
    <TestEntry testId="d4fcf1fe-02ae-746a-f4ae-6ee1ee4b86d8" executionId="6784dc84-6718-4e9c-ac0c-096d55407aa6" testListId="8c84fa94-04c1-424b-9868-57a2d4851a1d" />
    <TestEntry testId="6995d720-e9ed-c7e0-c25d-98c9452b01f6" executionId="c24358ae-5fdb-4e67-bd44-71472e2756de" testListId="8c84fa94-04c1-424b-9868-57a2d4851a1d" />
    <TestEntry testId="84913bfc-ac57-c7d4-dab4-8d41bca766d6" executionId="b7fb00f2-fccd-4f07-b631-60eac60643aa" testListId="8c84fa94-04c1-424b-9868-57a2d4851a1d" />
    <TestEntry testId="68ef3cc8-f7c9-aed1-9f4b-8b7be8a3607d" executionId="e5b41687-c5d9-402d-ab26-77f724981627" testListId="8c84fa94-04c1-424b-9868-57a2d4851a1d" />
    <TestEntry testId="0862010f-1fdc-7524-4044-2a8ec0ffb9f9" executionId="796fefc5-bf4a-49c4-ad13-5be1d11f8b13" testListId="8c84fa94-04c1-424b-9868-57a2d4851a1d" />
    <TestEntry testId="3d98e69e-7678-c415-078f-a9fc99c346b4" executionId="966233ad-07b6-4001-993d-504fb597efdf" testListId="8c84fa94-04c1-424b-9868-57a2d4851a1d" />
    <TestEntry testId="48cb9e5f-6f18-e45d-385a-587f42107684" executionId="7cc575ed-630d-4a2f-90b0-a0b5174f4866" testListId="8c84fa94-04c1-424b-9868-57a2d4851a1d" />
    <TestEntry testId="33a1e50d-032d-ed8b-4928-b55eeb7fc644" executionId="6a116430-3669-4411-ba8e-00f7d5f470e1" testListId="8c84fa94-04c1-424b-9868-57a2d4851a1d" />
    <TestEntry testId="e8b10e9b-137f-83de-d79f-2ac99e76bc4f" executionId="1d0cf1cd-e4a1-4386-ac2a-2a00269a8c54" testListId="8c84fa94-04c1-424b-9868-57a2d4851a1d" />
    <TestEntry testId="fed19e96-e449-560d-f12c-a292e53aef8e" executionId="7495aa89-c822-4811-8e7a-07355d00d790" testListId="8c84fa94-04c1-424b-9868-57a2d4851a1d" />
    <TestEntry testId="b47af049-c65d-a9d9-47cd-f9d6a7c6cbe8" executionId="573fe578-64f9-4674-b426-04023a6d1476" testListId="8c84fa94-04c1-424b-9868-57a2d4851a1d" />
    <TestEntry testId="1be2d96d-8690-26bb-4f17-8b2b2b82492c" executionId="00876f09-6135-44df-98b0-942ca9147459" testListId="8c84fa94-04c1-424b-9868-57a2d4851a1d" />
    <TestEntry testId="2b3150e0-1dd4-ac54-a1b9-d533e3e7c429" executionId="64ebd87c-7bbb-4e7a-ac4e-635a505deb54" testListId="8c84fa94-04c1-424b-9868-57a2d4851a1d" />
    <TestEntry testId="c1ab555f-ee60-d0c5-eb04-79277317a331" executionId="7d6c67aa-8998-4c17-a518-51481184bf36" testListId="8c84fa94-04c1-424b-9868-57a2d4851a1d" />
    <TestEntry testId="085c26dc-85e2-4c7f-c719-98b2019a5ecb" executionId="13319c9d-c276-4a27-9928-d5bda775813e" testListId="8c84fa94-04c1-424b-9868-57a2d4851a1d" />
    <TestEntry testId="041dacb2-9c82-d7d7-ce42-11c31da01130" executionId="4961ec95-a85d-4276-93b9-f47aa02f2861" testListId="8c84fa94-04c1-424b-9868-57a2d4851a1d" />
    <TestEntry testId="34bfe42a-c7f7-a838-2dc7-8eaf99475e5e" executionId="1dbddfdb-7efc-432a-abf3-73bd61296b20" testListId="8c84fa94-04c1-424b-9868-57a2d4851a1d" />
    <TestEntry testId="7d61a876-ff74-80a1-feb9-932dafec03c3" executionId="f32173ed-d7dd-477c-833a-11237eabd9ef" testListId="8c84fa94-04c1-424b-9868-57a2d4851a1d" />
    <TestEntry testId="8cf08bad-398d-4a2f-5bae-e07c2664aae9" executionId="938005a5-c816-48b1-9464-4fc9368ab972" testListId="8c84fa94-04c1-424b-9868-57a2d4851a1d" />
    <TestEntry testId="9d8de2e3-d937-b58f-5ca9-ecd6b1f4144f" executionId="867fb3d7-e07d-48f3-906b-4b40efc1f8c3" testListId="8c84fa94-04c1-424b-9868-57a2d4851a1d" />
    <TestEntry testId="06429d0a-ad43-43f7-b4a1-a359f4c0788d" executionId="3551d441-27be-4338-a14d-6dc64cf29e22" testListId="8c84fa94-04c1-424b-9868-57a2d4851a1d" />
    <TestEntry testId="a7783b5a-b1e1-9de3-a6d0-d7e3ee8fee97" executionId="c988dfb4-843d-43bd-a5fe-3cb239410e98" testListId="8c84fa94-04c1-424b-9868-57a2d4851a1d" />
    <TestEntry testId="27c95eb5-2497-1196-1a17-f2ffe52c03ba" executionId="1511e398-76b7-4747-afd8-098fc9c6a0be" testListId="8c84fa94-04c1-424b-9868-57a2d4851a1d" />
    <TestEntry testId="92e9f166-4163-1067-e331-63c3d26b61f7" executionId="b26bef93-eec5-457f-908f-958762062026" testListId="8c84fa94-04c1-424b-9868-57a2d4851a1d" />
    <TestEntry testId="85628ef3-a96e-7af6-5901-0577676dee68" executionId="2f03e593-b7aa-457f-90ba-f56bc73391b3" testListId="8c84fa94-04c1-424b-9868-57a2d4851a1d" />
    <TestEntry testId="34fc7100-e6d8-8d73-c0e0-4bb603c3f94b" executionId="a7d53b07-a864-4f9c-8c69-63555dec668c" testListId="8c84fa94-04c1-424b-9868-57a2d4851a1d" />
    <TestEntry testId="8de45158-855f-d144-77fc-2f21c8d15d02" executionId="41554e24-8d19-468d-bb4d-1ec306169d3b" testListId="8c84fa94-04c1-424b-9868-57a2d4851a1d" />
    <TestEntry testId="f98053a4-bd0f-f85c-a460-89878305a23c" executionId="8ccb51ce-fdd9-48db-9591-3c471b9f37f9" testListId="8c84fa94-04c1-424b-9868-57a2d4851a1d" />
    <TestEntry testId="ab7e86d9-f9b1-6930-d192-cd4869e11ab2" executionId="e1aaba22-3b7a-4c93-99ff-634a945d3166" testListId="8c84fa94-04c1-424b-9868-57a2d4851a1d" />
    <TestEntry testId="c8872140-f867-5895-e3e5-b5b8da49892b" executionId="52bee4ae-e6f2-44cc-b409-c0ef818442bc" testListId="8c84fa94-04c1-424b-9868-57a2d4851a1d" />
    <TestEntry testId="b8d520da-90f1-6909-1809-ec5d8770ee53" executionId="cce7a044-a78a-484e-8107-c44cec67cbf8" testListId="8c84fa94-04c1-424b-9868-57a2d4851a1d" />
    <TestEntry testId="3c611194-50b7-8311-2d65-8ab348945a3d" executionId="9fbd944e-02e7-4899-86b5-388b701fce63" testListId="8c84fa94-04c1-424b-9868-57a2d4851a1d" />
    <TestEntry testId="79e84671-7b63-7975-2448-26d43358c3ac" executionId="7d1ef980-deb5-4958-b353-81bf0f35b4d7" testListId="8c84fa94-04c1-424b-9868-57a2d4851a1d" />
  </TestEntries>
  <TestLists>
    <TestList name="Results Not in a List" id="8c84fa94-04c1-424b-9868-57a2d4851a1d" />
    <TestList name="All Loaded Results" id="19431567-8539-422a-85d7-44ee4e166bda" />
  </TestLists>
  <ResultSummary outcome="Completed">
    <Counters total="39" executed="37" passed="37" failed="0" error="0" timeout="0" aborted="0" inconclusive="0" passedButRunAborted="0" notRunnable="0" notExecuted="0" disconnected="0" warning="0" completed="0" inProgress="0" pending="0" />
    <Output>
      <StdOut>[xUnit.net 00:00:00.00] xUnit.net VSTest Adapter v2.8.2+699d445a1a (64-bit .NET 10.0.8)
[xUnit.net 00:00:00.07]   Discovering: ArchLucid.ArtifactSynthesis.Tests
[xUnit.net 00:00:00.14]   Discovered:  ArchLucid.ArtifactSynthesis.Tests
[xUnit.net 00:00:00.14]   Starting:    ArchLucid.ArtifactSynthesis.Tests
[xUnit.net 00:00:00.30]       Terraform CLI must be on PATH for this test (install Terraform and ensure it is discoverable via PATH).
[xUnit.net 00:00:00.30]       Terraform CLI must be on PATH for this test (install Terraform and ensure it is discoverable via PATH).
Test 'ArchLucid.ArtifactSynthesis.Tests.TerraformSnapshotTests.Advisory_placeholder_export_tf_passes_terraform_fmt_check_and_validate' was skipped in the test run.
Test 'ArchLucid.ArtifactSynthesis.Tests.TerraformSnapshotTests.Generated_terraform_snippet_validates_successfully' was skipped in the test run.
[xUnit.net 00:00:00.38]   Finished:    ArchLucid.ArtifactSynthesis.Tests
</StdOut>
    </Output>
    <RunInfos>
      <RunInfo computerName="runnervm3jyl0" outcome="Warning" timestamp="2026-05-30T14:06:58.2243691+00:00">
        <Text>[xUnit.net 00:00:00.30]     ArchLucid.ArtifactSynthesis.Tests.TerraformSnapshotTests.Advisory_placeholder_export_tf_passes_terraform_fmt_check_and_validate [SKIP]</Text>
      </RunInfo>
      <RunInfo computerName="runnervm3jyl0" outcome="Warning" timestamp="2026-05-30T14:06:58.2247074+00:00">
        <Text>[xUnit.net 00:00:00.30]     ArchLucid.ArtifactSynthesis.Tests.TerraformSnapshotTests.Generated_terraform_snippet_validates_successfully [SKIP]</Text>
      </RunInfo>
    </RunInfos>
    <CollectorDataEntries>
      <Collector agentName="runnervm3jyl0" uri="datacollector://microsoft/CoverletCodeCoverage/1.0" collectorDisplayName="XPlat code coverage">
        <UriAttachments>
          <UriAttachment>
            <A href="runnervm3jyl0/coverage.cobertura.xml"></A>
          </UriAttachment>
        </UriAttachments>
      </Collector>
    </CollectorDataEntries>
  </ResultSummary>
</TestRun>