// Vitest Snapshot v1, https://vitest.dev/guide/snapshot.html

exports[`DemoExplainPage (proof page snapshot) > renders the side-by-side provenance + explanation layout for the demo tenant 1`] = `
<div
  aria-busy="false"
  class="w-full max-w-[1440px] space-y-6 p-4 pb-28 md:pb-24"
  data-testid="demo-explain-page"
>
  <header
    class="space-y-2"
  >
    <div
      class="flex flex-wrap items-start justify-between gap-2"
    >
      <div
        class="min-w-0 space-y-2"
      >
        <h1
          class="text-xl font-semibold leading-7 tracking-tight text-al-text-primary"
        >
          Example analysis — provenance and explanation
        </h1>
        <p
          class="text-[13px] font-normal leading-5 text-al-text-primary"
        >
          Provenance graph and citations-bound explanation for the example architecture review.
        </p>
      </div>
      <button
        aria-expanded="false"
        aria-haspopup="dialog"
        aria-label="Help: Demo explain"
        class="inline-flex items-center justify-center whitespace-nowrap transition-colors focus-visible:outline-none focus-visible:ring-2 focus-visible:ring-neutral-400 focus-visible:ring-offset-2 disabled:pointer-events-none disabled:opacity-50 font-semibold border border-neutral-300 bg-white hover:bg-neutral-100 dark:border-neutral-600 dark:bg-neutral-900 dark:hover:bg-neutral-800 rounded-md text-xs h-8 gap-1.5 px-2 text-neutral-700 dark:text-neutral-300"
        data-state="closed"
        data-testid="page-contextual-help-button"
        type="button"
      >
        <svg
          aria-hidden="true"
          class="lucide lucide-circle-question-mark h-4 w-4"
          fill="none"
          height="24"
          stroke="currentColor"
          stroke-linecap="round"
          stroke-linejoin="round"
          stroke-width="2"
          viewBox="0 0 24 24"
          width="24"
          xmlns="http://www.w3.org/2000/svg"
        >
          <circle
            cx="12"
            cy="12"
            r="10"
          />
          <path
            d="M9.09 9a3 3 0 0 1 5.83 1c0 2-3 3-3 3"
          />
          <path
            d="M12 17h.01"
          />
        </svg>
        <span
          class="text-xs font-normal leading-[18px] text-al-text-secondary"
        >
          Demo explain
        </span>
      </button>
    </div>
    <div
      class="space-y-2 rounded-md border border-neutral-200 bg-al-surface-raised px-3 py-2 dark:border-neutral-700 dark:bg-neutral-900 text-xs font-normal leading-[18px] text-al-text-secondary"
      data-testid="demo-explain-status-banner"
    >
      <div
        class="flex flex-wrap items-center gap-2"
        data-testid="demo-explain-status-banner-summary"
        role="status"
      >
        <span
          aria-label="Status: demo tenant — replace before publishing"
          class="inline-flex max-w-full items-center rounded px-1.5 py-0.5 cursor-default select-none pointer-events-none text-[11px] font-medium leading-tight border border-neutral-200/70 border-l-[3px] dark:border-neutral-700/70 border-l-neutral-500 bg-neutral-100 text-al-text-secondary dark:border-l-neutral-400 dark:bg-neutral-800/80"
        >
          demo tenant — replace before publishing
        </span>
        <span
          class="text-neutral-700 dark:text-neutral-300"
        >
          Generated 4/20/2026, 12:00:00 PM UTC
        </span>
      </div>
      <div
        class="rounded-lg border border-neutral-200 bg-neutral-50/70 dark:border-neutral-700 dark:bg-neutral-900/40"
        data-state="closed"
      >
        <button
          aria-controls="_r_1_"
          aria-expanded="false"
          class="inline-flex items-center whitespace-nowrap rounded-md transition-colors focus-visible:outline-none focus-visible:ring-2 focus-visible:ring-neutral-400 focus-visible:ring-offset-2 disabled:pointer-events-none disabled:opacity-50 border border-neutral-300 bg-white dark:border-neutral-600 dark:bg-neutral-900 dark:text-neutral-100 h-auto w-full justify-between gap-2 px-4 py-3 text-left hover:bg-neutral-100/80 dark:hover:bg-neutral-800/60 text-[15px] font-semibold leading-[22px] text-al-text-secondary"
          data-state="closed"
          type="button"
        >
          <span>
            Technical details
          </span>
          <svg
            aria-hidden="true"
            class="lucide lucide-chevron-down h-4 w-4 shrink-0 text-neutral-600 transition-transform dark:text-neutral-400"
            fill="none"
            height="24"
            stroke="currentColor"
            stroke-linecap="round"
            stroke-linejoin="round"
            stroke-width="2"
            viewBox="0 0 24 24"
            width="24"
            xmlns="http://www.w3.org/2000/svg"
          >
            <path
              d="m6 9 6 6 6-6"
            />
          </svg>
        </button>
        <div
          data-state="closed"
          hidden=""
          id="radix-_r_2_"
          style=""
        />
      </div>
    </div>
  </header>
  <section
    aria-label="Provenance and explanation"
    class="grid grid-cols-1 gap-6 lg:grid-cols-2"
  >
    <section
      aria-labelledby="demo-explain-graph-heading"
      class="space-y-3 rounded border border-neutral-200 bg-white p-4 dark:border-neutral-800 dark:bg-neutral-950"
      data-testid="demo-explain-provenance-graph"
    >
      <header
        class="space-y-1"
      >
        <h2
          class="text-[15px] font-semibold leading-[22px] text-al-text-primary"
          id="demo-explain-graph-heading"
        >
          Provenance graph
        </h2>
        <p
          class="text-xs font-normal leading-[18px] text-al-text-secondary"
        >
          3
           nodes · 
          2
           edges
        </p>
      </header>
      <ol
        class="space-y-2 text-[13px] font-normal leading-5 text-al-text-primary"
        data-testid="demo-explain-provenance-graph-nodes"
      >
        <li
          class="rounded border border-neutral-200 bg-neutral-50 px-3 py-2 dark:border-neutral-800 dark:bg-neutral-900"
        >
          <p
            class="text-[15px] font-semibold leading-[22px] text-al-text-primary"
          >
            Review baseline
             
            <span
              class="rounded bg-neutral-200 px-1 py-0.5 text-al-text-primary dark:bg-neutral-800 text-[11px] font-medium leading-none"
            >
              Review
            </span>
          </p>
          <p
            class="mt-0.5 font-mono text-[11px] font-normal leading-[15px] text-al-text-secondary"
          >
            n-run
          </p>
          <ul
            class="mt-1 list-disc pl-5 text-xs font-normal leading-[18px] text-al-text-secondary"
          >
            <li>
              <span
                class="text-al-text-secondary"
              >
                Produced
                 →
              </span>
               
              <code>
                n-manifest
              </code>
            </li>
          </ul>
        </li>
        <li
          class="rounded border border-neutral-200 bg-neutral-50 px-3 py-2 dark:border-neutral-800 dark:bg-neutral-900"
        >
          <p
            class="text-[15px] font-semibold leading-[22px] text-al-text-primary"
          >
            Signed review record v3
             
            <span
              class="rounded bg-neutral-200 px-1 py-0.5 text-al-text-primary dark:bg-neutral-800 text-[11px] font-medium leading-none"
            >
              Signed review record
            </span>
          </p>
          <p
            class="mt-0.5 font-mono text-[11px] font-normal leading-[15px] text-al-text-secondary"
          >
            n-manifest
          </p>
          <ul
            class="mt-1 list-disc pl-5 text-xs font-normal leading-[18px] text-al-text-secondary"
          >
            <li>
              <span
                class="text-al-text-secondary"
              >
                Surfaced
                 →
              </span>
               
              <code>
                n-finding
              </code>
            </li>
          </ul>
        </li>
        <li
          class="rounded border border-neutral-200 bg-neutral-50 px-3 py-2 dark:border-neutral-800 dark:bg-neutral-900"
        >
          <p
            class="text-[15px] font-semibold leading-[22px] text-al-text-primary"
          >
            Public storage
             
            <span
              class="rounded bg-neutral-200 px-1 py-0.5 text-al-text-primary dark:bg-neutral-800 text-[11px] font-medium leading-none"
            >
              Finding
            </span>
          </p>
          <p
            class="mt-0.5 font-mono text-[11px] font-normal leading-[15px] text-al-text-secondary"
          >
            n-finding
          </p>
        </li>
      </ol>
    </section>
    <section
      aria-labelledby="demo-explain-explanation-heading"
      class="space-y-3 rounded border border-neutral-200 bg-white p-4 dark:border-neutral-800 dark:bg-neutral-950"
      data-testid="demo-explain-run-explanation"
    >
      <header
        class="space-y-1"
      >
        <h2
          class="text-[15px] font-semibold leading-[22px] text-al-text-primary"
          id="demo-explain-explanation-heading"
        >
          Aggregate explanation & citations
        </h2>
        <p
          class="text-xs font-normal leading-[18px] text-al-text-secondary"
        >
          6
           findings · 
          4
           decisions ·
           
          2
           citations
        </p>
        <span
          class="inline-flex flex-wrap items-center gap-2"
          data-testid="explanation-evidence-basis-badges"
        >
          <span
            class="inline-flex max-w-full items-center rounded px-1.5 py-0.5 cursor-default select-none pointer-events-none border border-neutral-200/70 border-l-[3px] dark:border-neutral-700/70 border-l-amber-600 bg-[var(--al-status-warn-bg)] dark:border-l-amber-500 text-xs font-normal leading-[18px] text-al-text-secondary"
            title="Illustrative sample output; do not present as buyer evidence."
          >
            Demo-derived
          </span>
          <span
            class="inline-flex max-w-full items-center rounded px-1.5 py-0.5 cursor-default select-none pointer-events-none border border-neutral-200/70 border-l-[3px] dark:border-neutral-700/70 border-l-emerald-600 bg-[var(--al-status-ready-bg)] dark:border-l-emerald-500 text-xs font-normal leading-[18px] text-al-text-secondary"
            title="2 persisted citations support this explanation."
          >
            Evidence-backed
          </span>
          <span
            class="dark:text-amber-100 text-xs font-normal leading-[18px] text-al-text-secondary"
          >
            Review before external sponsor send.
          </span>
        </span>
      </header>
      <div
        class="rounded border border-neutral-200 bg-neutral-50 p-3 dark:border-neutral-800 dark:bg-neutral-900"
      >
        <h3
          class="text-[15px] font-semibold leading-[22px] text-al-text-primary"
        >
          Overall assessment
        </h3>
        <p
          class="mt-1 text-[13px] font-normal leading-5 text-al-text-primary"
        >
          Healthy baseline with two open mediums.
        </p>
        <p
          class="mt-1 text-xs font-normal leading-[18px] text-al-text-secondary"
        >
          Risk posture: 
          <code>
            Moderate
          </code>
        </p>
      </div>
      <div>
        <h3
          class="text-[15px] font-semibold leading-[22px] text-al-text-primary"
        >
          Themes
        </h3>
        <ul
          class="mt-1 list-disc pl-5 text-[13px] font-normal leading-5 text-al-text-primary"
        >
          <li>
            Theme A
          </li>
          <li>
            Theme B
          </li>
        </ul>
      </div>
      <div
        data-testid="demo-explain-citations"
      >
        <h3
          class="text-[15px] font-semibold leading-[22px] text-al-text-primary"
        >
          Citations (
          2
          )
        </h3>
        <ul
          class="mt-1 space-y-1 text-[13px] font-normal leading-5 text-al-text-primary"
        >
          <li
            class="font-mono text-[11px] font-normal leading-[15px] text-al-text-secondary"
          >
            <span
              class="rounded bg-neutral-100 px-1 py-0.5 text-al-text-primary dark:bg-neutral-800 text-[11px] font-medium leading-none"
            >
              Signed review record
            </span>
             
            <span>
              contoso-baseline-v1
            </span>
             
            <span
              class="text-al-text-secondary"
            >
              (
              m-1
              )
            </span>
          </li>
          <li
            class="font-mono text-[11px] font-normal leading-[15px] text-al-text-secondary"
          >
            <span
              class="rounded bg-neutral-100 px-1 py-0.5 text-al-text-primary dark:bg-neutral-800 text-[11px] font-medium leading-none"
            >
              Finding
            </span>
             
            <span>
              Public storage
            </span>
             
            <span
              class="text-al-text-secondary"
            >
              (
              f-1
              )
            </span>
          </li>
        </ul>
      </div>
    </section>
  </section>
</div>
`;
