// Vitest Snapshot v1, https://vitest.dev/guide/snapshot.html

exports[`DemoExplainPage (proof page snapshot) > renders the side-by-side provenance + explanation layout for the demo tenant 1`] = `
<div
  aria-busy="false"
  class="w-full max-w-[1440px] space-y-6 p-4 pb-28 md:pb-24"
  data-testid="demo-explain-page"
>
  <header
    class="space-y-2"
  >
    <h1
      class="text-xl font-semibold leading-7 tracking-tight text-al-text-primary"
    >
      Example analysis — provenance and explanation
    </h1>
    <p
      class="text-[13px] font-normal leading-5 text-al-text-primary"
    >
      Provenance graph and citations-bound explanation for the example architecture review.
    </p>
    <div
      class="rounded-md border border-amber-600/40 bg-al-surface-raised px-3 py-2 dark:border-amber-700/50 text-xs font-normal leading-[18px] text-al-text-secondary"
      data-testid="demo-explain-status-banner"
    >
      <span
        class="font-semibold"
      >
        demo tenant — replace before publishing
      </span>
       · review
       
      <code>
        6e8c4a102b1f4c9a9d3e10b2a4f0c501
      </code>
       
      · review package 
      <code>
        v3
      </code>
       
      · generated 
      <code>
        2026-04-20T12:00:00.000Z
      </code>
    </div>
  </header>
  <section
    aria-label="Provenance and explanation"
    class="grid grid-cols-1 gap-6 lg:grid-cols-2"
  >
    <section
      aria-labelledby="demo-explain-graph-heading"
      class="space-y-3 rounded border border-neutral-200 bg-white p-4 dark:border-neutral-800 dark:bg-neutral-950"
      data-testid="demo-explain-provenance-graph"
    >
      <header
        class="space-y-1"
      >
        <h2
          class="text-[15px] font-semibold leading-[22px] text-al-text-primary"
          id="demo-explain-graph-heading"
        >
          Provenance graph
        </h2>
        <p
          class="text-xs font-normal leading-[18px] text-al-text-secondary"
        >
          3
           nodes · 
          2
           edges
        </p>
      </header>
      <ol
        class="space-y-2 text-[13px] font-normal leading-5 text-al-text-primary"
        data-testid="demo-explain-provenance-graph-nodes"
      >
        <li
          class="rounded border border-neutral-200 bg-neutral-50 px-3 py-2 dark:border-neutral-800 dark:bg-neutral-900"
        >
          <p
            class="text-[15px] font-semibold leading-[22px] text-al-text-primary"
          >
            Review baseline
             
            <span
              class="rounded bg-neutral-200 px-1 py-0.5 text-al-text-primary dark:bg-neutral-800 text-[11px] font-medium leading-none"
            >
              Review package
            </span>
          </p>
          <p
            class="mt-0.5 font-mono text-[11px] font-normal leading-[15px] text-al-text-secondary"
          >
            n-run
          </p>
          <ul
            class="mt-1 list-disc pl-5 text-xs font-normal leading-[18px] text-al-text-secondary"
          >
            <li>
              <span
                class="text-al-text-secondary"
              >
                Produced
                 →
              </span>
               
              <code>
                n-manifest
              </code>
            </li>
          </ul>
        </li>
        <li
          class="rounded border border-neutral-200 bg-neutral-50 px-3 py-2 dark:border-neutral-800 dark:bg-neutral-900"
        >
          <p
            class="text-[15px] font-semibold leading-[22px] text-al-text-primary"
          >
            Signed review record v3
             
            <span
              class="rounded bg-neutral-200 px-1 py-0.5 text-al-text-primary dark:bg-neutral-800 text-[11px] font-medium leading-none"
            >
              Signed review record
            </span>
          </p>
          <p
            class="mt-0.5 font-mono text-[11px] font-normal leading-[15px] text-al-text-secondary"
          >
            n-manifest
          </p>
          <ul
            class="mt-1 list-disc pl-5 text-xs font-normal leading-[18px] text-al-text-secondary"
          >
            <li>
              <span
                class="text-al-text-secondary"
              >
                Surfaced
                 →
              </span>
               
              <code>
                n-finding
              </code>
            </li>
          </ul>
        </li>
        <li
          class="rounded border border-neutral-200 bg-neutral-50 px-3 py-2 dark:border-neutral-800 dark:bg-neutral-900"
        >
          <p
            class="text-[15px] font-semibold leading-[22px] text-al-text-primary"
          >
            Public storage
             
            <span
              class="rounded bg-neutral-200 px-1 py-0.5 text-al-text-primary dark:bg-neutral-800 text-[11px] font-medium leading-none"
            >
              Finding
            </span>
          </p>
          <p
            class="mt-0.5 font-mono text-[11px] font-normal leading-[15px] text-al-text-secondary"
          >
            n-finding
          </p>
        </li>
      </ol>
    </section>
    <section
      aria-labelledby="demo-explain-explanation-heading"
      class="space-y-3 rounded border border-neutral-200 bg-white p-4 dark:border-neutral-800 dark:bg-neutral-950"
      data-testid="demo-explain-run-explanation"
    >
      <header
        class="space-y-1"
      >
        <h2
          class="text-[15px] font-semibold leading-[22px] text-al-text-primary"
          id="demo-explain-explanation-heading"
        >
          Aggregate explanation & citations
        </h2>
        <p
          class="text-xs font-normal leading-[18px] text-al-text-secondary"
        >
          6
           findings · 
          4
           decisions ·
           
          2
           citations
        </p>
        <span
          class="inline-flex flex-wrap items-center gap-2"
          data-testid="explanation-evidence-basis-badges"
        >
          <span
            class="border inline-flex max-w-full items-center rounded px-1.5 py-0.5 cursor-default select-none pointer-events-none bg-[var(--al-status-warn-bg)] text-xs font-normal leading-[18px] text-al-text-secondary"
            title="Illustrative sample output; do not present as buyer evidence."
          >
            Demo-derived
          </span>
          <span
            class="border inline-flex max-w-full items-center rounded px-1.5 py-0.5 cursor-default select-none pointer-events-none bg-[var(--al-status-ready-bg)] text-xs font-normal leading-[18px] text-al-text-secondary"
            title="2 persisted citations support this explanation."
          >
            Evidence-backed
          </span>
          <span
            class="dark:text-amber-100 text-xs font-normal leading-[18px] text-al-text-secondary"
          >
            Review before external sponsor send.
          </span>
        </span>
      </header>
      <div
        class="rounded border border-neutral-200 bg-neutral-50 p-3 dark:border-neutral-800 dark:bg-neutral-900"
      >
        <h3
          class="text-[15px] font-semibold leading-[22px] text-al-text-primary"
        >
          Overall assessment
        </h3>
        <p
          class="mt-1 text-[13px] font-normal leading-5 text-al-text-primary"
        >
          Healthy baseline with two open mediums.
        </p>
        <p
          class="mt-1 text-xs font-normal leading-[18px] text-al-text-secondary"
        >
          Risk posture: 
          <code>
            Moderate
          </code>
        </p>
      </div>
      <div>
        <h3
          class="text-[15px] font-semibold leading-[22px] text-al-text-primary"
        >
          Themes
        </h3>
        <ul
          class="mt-1 list-disc pl-5 text-[13px] font-normal leading-5 text-al-text-primary"
        >
          <li>
            Theme A
          </li>
          <li>
            Theme B
          </li>
        </ul>
      </div>
      <div
        data-testid="demo-explain-citations"
      >
        <h3
          class="text-[15px] font-semibold leading-[22px] text-al-text-primary"
        >
          Citations (
          2
          )
        </h3>
        <ul
          class="mt-1 space-y-1 text-[13px] font-normal leading-5 text-al-text-primary"
        >
          <li
            class="font-mono text-[11px] font-normal leading-[15px] text-al-text-secondary"
          >
            <span
              class="rounded bg-neutral-100 px-1 py-0.5 text-al-text-primary dark:bg-neutral-800 text-[11px] font-medium leading-none"
            >
              Signed review record
            </span>
             
            <span>
              contoso-baseline-v1
            </span>
             
            <span
              class="text-al-text-secondary"
            >
              (
              m-1
              )
            </span>
          </li>
          <li
            class="font-mono text-[11px] font-normal leading-[15px] text-al-text-secondary"
          >
            <span
              class="rounded bg-neutral-100 px-1 py-0.5 text-al-text-primary dark:bg-neutral-800 text-[11px] font-medium leading-none"
            >
              Finding
            </span>
             
            <span>
              Public storage
            </span>
             
            <span
              class="text-al-text-secondary"
            >
              (
              f-1
              )
            </span>
          </li>
        </ul>
      </div>
    </section>
  </section>
</div>
`;
