// Vitest Snapshot v1, https://vitest.dev/guide/snapshot.html

exports[`ArchitectureNarrativeMarkdownView > renders headings, paragraphs, lists, tables, and code without raw markdown tokens 1`] = `
<div>
  <div
    class="w-full max-w-3xl min-w-0 [&_a]:break-words [&_code]:break-words [&_pre]:max-w-full [&_pre]:overflow-x-auto [&_table]:min-w-0"
    data-testid="architecture-narrative-markdown-view"
  >
    <div
      class="flex flex-col"
    >
      <h2
        class="scroll-mt-[var(--app-shell-sticky,6rem)] mt-10 first:mt-0 text-lg font-semibold leading-[26px] text-al-text-primary"
        id="executive-summary"
      >
        <span>
          Executive summary
        </span>
      </h2>
      <p
        class="my-3 text-[15px] font-normal leading-6 text-al-text-primary"
      >
        <span>
          Governed claims intake for enterprise analysts.
        </span>
      </p>
      <h2
        class="scroll-mt-[var(--app-shell-sticky,6rem)] mt-10 first:mt-0 text-lg font-semibold leading-[26px] text-al-text-primary"
        id="systems-and-services"
      >
        <span>
          Systems and services
        </span>
      </h2>
      <div
        aria-label="Scrollable Systems and services table 1"
        class="my-5 mb-6 overflow-x-auto rounded-md border border-neutral-200 dark:border-neutral-800"
        role="region"
        tabindex="0"
      >
        <table
          class="w-full min-w-[32rem] border-collapse text-left text-[13px] font-normal leading-5 text-al-text-primary"
        >
          <caption
            class="sr-only"
          >
            Scrollable Systems and services table 1
          </caption>
          <thead>
            <tr>
              <th
                class="border-b border-neutral-200 bg-neutral-100 px-3 py-2.5 font-semibold text-al-text-primary dark:border-neutral-800 dark:bg-neutral-900"
                scope="col"
              >
                <span>
                  Service
                </span>
              </th>
              <th
                class="border-b border-neutral-200 bg-neutral-100 px-3 py-2.5 font-semibold text-al-text-primary dark:border-neutral-800 dark:bg-neutral-900"
                scope="col"
              >
                <span>
                  Role
                </span>
              </th>
            </tr>
          </thead>
          <tbody>
            <tr
              class="bg-white dark:bg-neutral-950"
            >
              <td
                class="border-b border-neutral-200 px-3 py-2.5 align-top dark:border-neutral-800"
              >
                <span>
                  Claims API
                </span>
              </td>
              <td
                class="border-b border-neutral-200 px-3 py-2.5 align-top dark:border-neutral-800"
              >
                <span>
                  Edge integration
                </span>
              </td>
            </tr>
            <tr
              class="bg-neutral-50/80 dark:bg-neutral-900/50"
            >
              <td
                class="border-b border-neutral-200 px-3 py-2.5 align-top dark:border-neutral-800"
              >
                <span>
                  Evidence store
                </span>
              </td>
              <td
                class="border-b border-neutral-200 px-3 py-2.5 align-top dark:border-neutral-800"
              >
                <span>
                  Audit trail
                </span>
              </td>
            </tr>
          </tbody>
        </table>
      </div>
      <h2
        class="scroll-mt-[var(--app-shell-sticky,6rem)] mt-10 first:mt-0 text-lg font-semibold leading-[26px] text-al-text-primary"
        id="risks"
      >
        <span>
          Risks
        </span>
      </h2>
      <ul
        class="my-4 list-disc space-y-1.5 pl-6 text-[15px] font-normal leading-6 text-al-text-primary"
      >
        <li>
          <span>
            Partner outage during month-end close
          </span>
        </li>
      </ul>
      <h2
        class="scroll-mt-[var(--app-shell-sticky,6rem)] mt-10 first:mt-0 text-lg font-semibold leading-[26px] text-al-text-primary"
        id="implementation-notes"
      >
        <span>
          Implementation notes
        </span>
      </h2>
      <div
        class="relative my-4"
      >
        <button
          aria-label="Copy code"
          class="inline-flex items-center justify-center whitespace-nowrap transition-colors focus-visible:outline-none focus-visible:ring-2 focus-visible:ring-[var(--al-accent-border-focus)] focus-visible:ring-offset-2 disabled:pointer-events-none disabled:opacity-50 border border-neutral-300 bg-white hover:bg-neutral-100 dark:border-neutral-600 dark:bg-neutral-900 dark:hover:bg-neutral-800 rounded-md absolute right-2 top-2 h-7 gap-1 px-2 dark:text-neutral-300 text-xs font-normal leading-[18px] text-al-text-secondary"
          type="button"
        >
          <svg
            aria-hidden="true"
            class="lucide lucide-copy h-3.5 w-3.5"
            fill="none"
            height="24"
            stroke="currentColor"
            stroke-linecap="round"
            stroke-linejoin="round"
            stroke-width="2"
            viewBox="0 0 24 24"
            width="24"
            xmlns="http://www.w3.org/2000/svg"
          >
            <rect
              height="14"
              rx="2"
              ry="2"
              width="14"
              x="8"
              y="8"
            />
            <path
              d="M4 16c-1.1 0-2-.9-2-2V4c0-1.1.9-2 2-2h10c1.1 0 2 .9 2 2"
            />
          </svg>
          Copy
        </button>
        <pre
          class="max-w-full overflow-x-auto rounded-md border border-neutral-200 bg-neutral-50 p-3 pr-16 dark:border-neutral-700 dark:bg-neutral-900/80 text-[13px] font-normal leading-5 text-al-text-primary"
        >
          <code
            class="font-mono text-neutral-900 dark:text-neutral-100"
          >
            const timeoutMs = 30_000;
const endpoint = "https://claims.example.internal/v1/intake";
          </code>
        </pre>
        <span
          class="sr-only"
        >
          Language: typescript
        </span>
      </div>
      <p
        class="my-3 text-[15px] font-normal leading-6 text-al-text-primary"
      >
        <span>
          See 
        </span>
        <a
          class="font-medium text-al-text-primary underline decoration-al-text-secondary/35 underline-offset-2 hover:text-[var(--al-accent-link)] hover:decoration-[var(--al-accent-link)] rounded-sm focus-visible:outline focus-visible:outline-2 focus-visible:outline-offset-2 focus-visible:outline-[var(--al-accent-border-focus)]"
          href="/help/first-architecture-review"
        >
          <span>
            operator help
          </span>
        </a>
        <span>
           and reject 
        </span>
        <code
          class="rounded bg-neutral-100 px-1 py-0.5 font-mono text-[0.9em] text-neutral-900 dark:bg-neutral-800 dark:text-neutral-100 inline-block max-w-full overflow-x-auto whitespace-nowrap align-bottom"
        >
          javascript:alert(1)
        </code>
        <span>
           links.
        </span>
      </p>
    </div>
  </div>
</div>
`;
