<?xml version="1.0" encoding="utf-8"?>
<TestRun id="bc1e3290-f53f-4d30-9526-9bc577a6857d" name="@runnervm3jyl0 2026-05-30 10:57:36" xmlns="http://microsoft.com/schemas/VisualStudio/TeamTest/2010">
  <Times creation="2026-05-30T10:57:36.6534161+00:00" queuing="2026-05-30T10:57:36.6534163+00:00" start="2026-05-30T10:56:57.4437717+00:00" finish="2026-05-30T10:57:37.7485008+00:00" />
  <TestSettings name="default" id="00227922-4b83-4a1d-8cf9-a1a7f1aed52e">
    <Deployment runDeploymentRoot="_runnervm3jyl0_2026-05-30_10_57_36" />
  </TestSettings>
  <Results>
    <UnitTestResult executionId="b4563b83-f473-406f-b85a-b00ab7e338d1" testId="92e9f166-4163-1067-e331-63c3d26b61f7" testName="ArchLucid.ArtifactSynthesis.Tests.ArchitectureMarkdownSectionValidatorTests.GetMissingSectionHeaders_when_all_second_level_headings_present_returns_empty" computerName="runnervm3jyl0" duration="00:00:00.0032828" startTime="2026-05-30T10:57:36.6153153+00:00" endTime="2026-05-30T10:57:36.6153154+00:00" testType="13cdc9d9-ddb5-4fa4-a97d-d965ccfc6d4b" outcome="Passed" testListId="8c84fa94-04c1-424b-9868-57a2d4851a1d" relativeResultsDirectory="b4563b83-f473-406f-b85a-b00ab7e338d1" />
    <UnitTestResult executionId="42460cd7-afdf-455d-94a6-bb144440b8f9" testId="06429d0a-ad43-43f7-b4a1-a359f4c0788d" testName="ArchLucid.ArtifactSynthesis.Tests.ArtifactBundleValidatorTests.Validate_when_architecture_has_all_headers_passes(artifactType: &quot;ArchitectureNarrative&quot;)" computerName="runnervm3jyl0" duration="00:00:00.0015684" startTime="2026-05-30T10:57:36.5825435+00:00" endTime="2026-05-30T10:57:36.5825435+00:00" testType="13cdc9d9-ddb5-4fa4-a97d-d965ccfc6d4b" outcome="Passed" testListId="8c84fa94-04c1-424b-9868-57a2d4851a1d" relativeResultsDirectory="42460cd7-afdf-455d-94a6-bb144440b8f9" />
    <UnitTestResult executionId="a3a47774-3fff-4cfc-98f2-a790eeb13d56" testId="041dacb2-9c82-d7d7-ce42-11c31da01130" testName="ArchLucid.ArtifactSynthesis.Tests.ArtifactContentTypeResolverTests.Resolve_maps_known_formats(format: &quot;Other&quot;, expected: &quot;text/plain&quot;)" computerName="runnervm3jyl0" duration="00:00:00.0003256" startTime="2026-05-30T10:57:36.5314361+00:00" endTime="2026-05-30T10:57:36.5314362+00:00" testType="13cdc9d9-ddb5-4fa4-a97d-d965ccfc6d4b" outcome="Passed" testListId="8c84fa94-04c1-424b-9868-57a2d4851a1d" relativeResultsDirectory="a3a47774-3fff-4cfc-98f2-a790eeb13d56" />
    <UnitTestResult executionId="175ef2c3-b0dc-4e55-ae84-8a40816841ec" testId="1be2d96d-8690-26bb-4f17-8b2b2b82492c" testName="ArchLucid.ArtifactSynthesis.Tests.ArtifactContentTypeResolverTests.Resolve_maps_known_formats(format: &quot;Markdown&quot;, expected: &quot;text/markdown&quot;)" computerName="runnervm3jyl0" duration="00:00:00.0000357" startTime="2026-05-30T10:57:36.5704439+00:00" endTime="2026-05-30T10:57:36.5704440+00:00" testType="13cdc9d9-ddb5-4fa4-a97d-d965ccfc6d4b" outcome="Passed" testListId="8c84fa94-04c1-424b-9868-57a2d4851a1d" relativeResultsDirectory="175ef2c3-b0dc-4e55-ae84-8a40816841ec" />
    <UnitTestResult executionId="9d1cb920-7e9d-4169-902e-d56e7a1a9c96" testId="ab7e86d9-f9b1-6930-d192-cd4869e11ab2" testName="ArchLucid.ArtifactSynthesis.Tests.MermaidDiagramArtifactGeneratorTests.GenerateAsync_builds_ast_from_manifest_and_uses_renderer" computerName="runnervm3jyl0" duration="00:00:00.1405461" startTime="2026-05-30T10:57:36.6769905+00:00" endTime="2026-05-30T10:57:36.6769906+00:00" testType="13cdc9d9-ddb5-4fa4-a97d-d965ccfc6d4b" outcome="Passed" testListId="8c84fa94-04c1-424b-9868-57a2d4851a1d" relativeResultsDirectory="9d1cb920-7e9d-4169-902e-d56e7a1a9c96" />
    <UnitTestResult executionId="f28888e8-d043-4199-bae5-d26ba1951bd2" testId="27c95eb5-2497-1196-1a17-f2ffe52c03ba" testName="ArchLucid.ArtifactSynthesis.Tests.ArchitectureMarkdownSectionValidatorTests.GetMissingSectionHeaders_is_case_insensitive_for_titles" computerName="runnervm3jyl0" duration="00:00:00.0031445" startTime="2026-05-30T10:57:36.6170235+00:00" endTime="2026-05-30T10:57:36.6170236+00:00" testType="13cdc9d9-ddb5-4fa4-a97d-d965ccfc6d4b" outcome="Passed" testListId="8c84fa94-04c1-424b-9868-57a2d4851a1d" relativeResultsDirectory="f28888e8-d043-4199-bae5-d26ba1951bd2" />
    <UnitTestResult executionId="e62ccecd-2ada-4243-bcb4-75c1e2f7afb9" testId="ef64fcba-5414-6c98-35d6-ef0c7f1cf1f2" testName="ArchLucid.ArtifactSynthesis.Tests.TerraformAdvisorySafetyTests.GenerateAsync_when_agent_recommends_delete_emits_comments_and_never_emits_destroy_token" computerName="runnervm3jyl0" duration="00:00:00.0182811" startTime="2026-05-30T10:57:36.5136730+00:00" endTime="2026-05-30T10:57:36.5137126+00:00" testType="13cdc9d9-ddb5-4fa4-a97d-d965ccfc6d4b" outcome="Passed" testListId="8c84fa94-04c1-424b-9868-57a2d4851a1d" relativeResultsDirectory="e62ccecd-2ada-4243-bcb4-75c1e2f7afb9" />
    <UnitTestResult executionId="f4505f5d-1f8e-4393-b14d-1332f3df7739" testId="6995d720-e9ed-c7e0-c25d-98c9452b01f6" testName="ArchLucid.ArtifactSynthesis.Tests.ArtifactPackagingServiceTests.BuildRunExportPackage_readme_includes_optional_manifest_context" computerName="runnervm3jyl0" duration="00:00:00.0547116" startTime="2026-05-30T10:57:36.5763119+00:00" endTime="2026-05-30T10:57:36.5763120+00:00" testType="13cdc9d9-ddb5-4fa4-a97d-d965ccfc6d4b" outcome="Passed" testListId="8c84fa94-04c1-424b-9868-57a2d4851a1d" relativeResultsDirectory="f4505f5d-1f8e-4393-b14d-1332f3df7739" />
    <UnitTestResult executionId="46a6efbb-17be-4dc2-8bfd-53c39aa9f969" testId="07615c6d-e830-92ec-c655-f7b6625dfbd7" testName="ArchLucid.ArtifactSynthesis.Tests.ArtifactContentTypeResolverTests.Resolve_maps_known_formats(format: &quot;json&quot;, expected: &quot;application/json&quot;)" computerName="runnervm3jyl0" duration="00:00:00.0015631" startTime="2026-05-30T10:57:36.5307245+00:00" endTime="2026-05-30T10:57:36.5307246+00:00" testType="13cdc9d9-ddb5-4fa4-a97d-d965ccfc6d4b" outcome="Passed" testListId="8c84fa94-04c1-424b-9868-57a2d4851a1d" relativeResultsDirectory="46a6efbb-17be-4dc2-8bfd-53c39aa9f969" />
    <UnitTestResult executionId="8e68b3ce-8da2-48d1-a165-313aaec68bb2" testId="085c26dc-85e2-4c7f-c719-98b2019a5ecb" testName="ArchLucid.ArtifactSynthesis.Tests.TerraformAdvisoryDecommissionSnippetBuilderTests.BuildDecisionSection_includes_arch_lucid_advisory_header_and_hints" computerName="runnervm3jyl0" duration="00:00:00.0010950" startTime="2026-05-30T10:57:36.6137324+00:00" endTime="2026-05-30T10:57:36.6137325+00:00" testType="13cdc9d9-ddb5-4fa4-a97d-d965ccfc6d4b" outcome="Passed" testListId="8c84fa94-04c1-424b-9868-57a2d4851a1d" relativeResultsDirectory="8e68b3ce-8da2-48d1-a165-313aaec68bb2" />
    <UnitTestResult executionId="4901dc2a-9484-4cc8-ba25-2c7681a72db2" testId="fed19e96-e449-560d-f12c-a292e53aef8e" testName="ArchLucid.ArtifactSynthesis.Tests.ArtifactPackagingServiceTests.BuildBundlePackage_writes_zip_with_index_and_metadata" computerName="runnervm3jyl0" duration="00:00:00.0228504" startTime="2026-05-30T10:57:36.5926990+00:00" endTime="2026-05-30T10:57:36.5926991+00:00" testType="13cdc9d9-ddb5-4fa4-a97d-d965ccfc6d4b" outcome="Passed" testListId="8c84fa94-04c1-424b-9868-57a2d4851a1d" relativeResultsDirectory="4901dc2a-9484-4cc8-ba25-2c7681a72db2" />
    <UnitTestResult executionId="7e623604-ed2f-42d1-8ab7-23cc848e4fcc" testId="34bfe42a-c7f7-a838-2dc7-8eaf99475e5e" testName="ArchLucid.ArtifactSynthesis.Tests.TerraformSnapshotTests.Generated_terraform_snippet_validates_successfully" computerName="runnervm3jyl0" duration="00:00:00.0010000" startTime="2026-05-30T10:57:36.5756126+00:00" endTime="2026-05-30T10:57:36.5756127+00:00" testType="13cdc9d9-ddb5-4fa4-a97d-d965ccfc6d4b" outcome="NotExecuted" testListId="8c84fa94-04c1-424b-9868-57a2d4851a1d" relativeResultsDirectory="7e623604-ed2f-42d1-8ab7-23cc848e4fcc">
      <Output>
        <ErrorInfo>
          <Message>Terraform CLI must be on PATH for this test (install Terraform and ensure it is discoverable via PATH).</Message>
        </ErrorInfo>
      </Output>
    </UnitTestResult>
    <UnitTestResult executionId="7ef08659-b361-49df-8ded-69d690367a4f" testId="b8d520da-90f1-6909-1809-ec5d8770ee53" testName="ArchLucid.ArtifactSynthesis.Tests.ArtifactPackagingServiceTests.BuildSingleFileExport_sanitizes_name_and_encodes_utf8" computerName="runnervm3jyl0" duration="00:00:00.0015076" startTime="2026-05-30T10:57:36.6124742+00:00" endTime="2026-05-30T10:57:36.6124743+00:00" testType="13cdc9d9-ddb5-4fa4-a97d-d965ccfc6d4b" outcome="Passed" testListId="8c84fa94-04c1-424b-9868-57a2d4851a1d" relativeResultsDirectory="7ef08659-b361-49df-8ded-69d690367a4f" />
    <UnitTestResult executionId="4044e7e3-7e86-42cd-b164-9ceca619d91a" testId="2cd3b8a0-9841-21e0-b8f2-2b97a82e5ec5" testName="ArchLucid.ArtifactSynthesis.Tests.ArtifactSynthesisServiceTests.SynthesizeAsync_when_no_generators_adds_trace_note_and_validator_throws" computerName="runnervm3jyl0" duration="00:00:00.0273277" startTime="2026-05-30T10:57:36.6098211+00:00" endTime="2026-05-30T10:57:36.6098212+00:00" testType="13cdc9d9-ddb5-4fa4-a97d-d965ccfc6d4b" outcome="Passed" testListId="8c84fa94-04c1-424b-9868-57a2d4851a1d" relativeResultsDirectory="4044e7e3-7e86-42cd-b164-9ceca619d91a" />
    <UnitTestResult executionId="9533bd07-decc-4b55-aa99-c90e8f48a451" testId="79e84671-7b63-7975-2448-26d43358c3ac" testName="ArchLucid.ArtifactSynthesis.Tests.MermaidDiagramArtifactExtractorTests.TryGetDiagramSource_returns_null_when_bundle_has_no_candidates" computerName="runnervm3jyl0" duration="00:00:00.0170397" startTime="2026-05-30T10:57:36.5263640+00:00" endTime="2026-05-30T10:57:36.5263641+00:00" testType="13cdc9d9-ddb5-4fa4-a97d-d965ccfc6d4b" outcome="Passed" testListId="8c84fa94-04c1-424b-9868-57a2d4851a1d" relativeResultsDirectory="9533bd07-decc-4b55-aa99-c90e8f48a451" />
    <UnitTestResult executionId="09cd4fb5-6f6a-439d-adec-60922840ac4c" testId="34fc7100-e6d8-8d73-c0e0-4bb603c3f94b" testName="ArchLucid.ArtifactSynthesis.Tests.ArchitectureMarkdownSectionValidatorTests.GetMissingSectionHeaders_does_not_treat_plain_text_as_headings" computerName="runnervm3jyl0" duration="00:00:00.0001397" startTime="2026-05-30T10:57:36.6177457+00:00" endTime="2026-05-30T10:57:36.6177458+00:00" testType="13cdc9d9-ddb5-4fa4-a97d-d965ccfc6d4b" outcome="Passed" testListId="8c84fa94-04c1-424b-9868-57a2d4851a1d" relativeResultsDirectory="09cd4fb5-6f6a-439d-adec-60922840ac4c" />
    <UnitTestResult executionId="83a52559-a52f-4945-bed5-bb423200aecc" testId="33a1e50d-032d-ed8b-4928-b55eeb7fc644" testName="ArchLucid.ArtifactSynthesis.Tests.InventoryArtifactGeneratorTests.GenerateAsync_serializes_requirements_security_compliance_and_issues" computerName="runnervm3jyl0" duration="00:00:00.0136547" startTime="2026-05-30T10:57:36.5961088+00:00" endTime="2026-05-30T10:57:36.5961089+00:00" testType="13cdc9d9-ddb5-4fa4-a97d-d965ccfc6d4b" outcome="Passed" testListId="8c84fa94-04c1-424b-9868-57a2d4851a1d" relativeResultsDirectory="83a52559-a52f-4945-bed5-bb423200aecc" />
    <UnitTestResult executionId="0e9a6008-2eaa-4035-86fa-79e88eda4e01" testId="3d98e69e-7678-c415-078f-a9fc99c346b4" testName="ArchLucid.ArtifactSynthesis.Tests.ArchitectureMarkdownSectionValidatorTests.GetMissingSectionHeaders_when_null_or_whitespace_lists_all_required" computerName="runnervm3jyl0" duration="00:00:00.0090113" startTime="2026-05-30T10:57:36.6105767+00:00" endTime="2026-05-30T10:57:36.6105768+00:00" testType="13cdc9d9-ddb5-4fa4-a97d-d965ccfc6d4b" outcome="Passed" testListId="8c84fa94-04c1-424b-9868-57a2d4851a1d" relativeResultsDirectory="0e9a6008-2eaa-4035-86fa-79e88eda4e01" />
    <UnitTestResult executionId="45568c1f-f2b4-4597-b065-32adac15b25d" testId="8cf08bad-398d-4a2f-5bae-e07c2664aae9" testName="ArchLucid.ArtifactSynthesis.Tests.ArtifactPackagingServiceTests.BuildRunExportPackage_embeds_optional_architecture_png_beside_artifact_text_entries" computerName="runnervm3jyl0" duration="00:00:00.0127491" startTime="2026-05-30T10:57:36.6113313+00:00" endTime="2026-05-30T10:57:36.6113314+00:00" testType="13cdc9d9-ddb5-4fa4-a97d-d965ccfc6d4b" outcome="Passed" testListId="8c84fa94-04c1-424b-9868-57a2d4851a1d" relativeResultsDirectory="45568c1f-f2b4-4597-b065-32adac15b25d" />
    <UnitTestResult executionId="9ef061b9-2e9b-4d6e-8a65-4cd34413c36a" testId="0862010f-1fdc-7524-4044-2a8ec0ffb9f9" testName="ArchLucid.ArtifactSynthesis.Tests.MermaidDiagramArtifactExtractorTests.TryGetDiagramSource_prefers_explicit_mermaid_artifact_and_respects_truncation_cap" computerName="runnervm3jyl0" duration="00:00:00.0005048" startTime="2026-05-30T10:57:36.5291223+00:00" endTime="2026-05-30T10:57:36.5291224+00:00" testType="13cdc9d9-ddb5-4fa4-a97d-d965ccfc6d4b" outcome="Passed" testListId="8c84fa94-04c1-424b-9868-57a2d4851a1d" relativeResultsDirectory="9ef061b9-2e9b-4d6e-8a65-4cd34413c36a" />
    <UnitTestResult executionId="d48e63b2-0044-4395-ac16-f331c104b8fe" testId="032cc3ce-a430-85f4-0fec-7353261b7181" testName="ArchLucid.ArtifactSynthesis.Tests.GoldenCorpus.SynthesisGoldenCorpusRegressionTests.Coverage_summary_case_matches_golden(caseName: &quot;case-03&quot;)" computerName="runnervm3jyl0" duration="00:00:00.0265833" startTime="2026-05-30T10:57:36.6444569+00:00" endTime="2026-05-30T10:57:36.6444570+00:00" testType="13cdc9d9-ddb5-4fa4-a97d-d965ccfc6d4b" outcome="Passed" testListId="8c84fa94-04c1-424b-9868-57a2d4851a1d" relativeResultsDirectory="d48e63b2-0044-4395-ac16-f331c104b8fe" />
    <UnitTestResult executionId="7e7b435a-4d27-4ec3-8d03-236946b4ef8f" testId="84913bfc-ac57-c7d4-dab4-8d41bca766d6" testName="ArchLucid.ArtifactSynthesis.Tests.Validation.RegexTerraformValidatorTests.Validate_balanced_resource_block_is_valid" computerName="runnervm3jyl0" duration="00:00:00.0255049" startTime="2026-05-30T10:57:36.5718048+00:00" endTime="2026-05-30T10:57:36.5718049+00:00" testType="13cdc9d9-ddb5-4fa4-a97d-d965ccfc6d4b" outcome="Passed" testListId="8c84fa94-04c1-424b-9868-57a2d4851a1d" relativeResultsDirectory="7e7b435a-4d27-4ec3-8d03-236946b4ef8f" />
    <UnitTestResult executionId="44b17eff-2e5d-4a84-b792-8256813ad2f9" testId="3c611194-50b7-8311-2d65-8ab348945a3d" testName="ArchLucid.ArtifactSynthesis.Tests.ArtifactBundleValidatorTests.Validate_when_architecture_missing_headers_throws(artifactType: &quot;ArchitectureNarrative&quot;)" computerName="runnervm3jyl0" duration="00:00:00.0005990" startTime="2026-05-30T10:57:36.5804488+00:00" endTime="2026-05-30T10:57:36.5804489+00:00" testType="13cdc9d9-ddb5-4fa4-a97d-d965ccfc6d4b" outcome="Passed" testListId="8c84fa94-04c1-424b-9868-57a2d4851a1d" relativeResultsDirectory="44b17eff-2e5d-4a84-b792-8256813ad2f9" />
    <UnitTestResult executionId="5545533e-21b5-457c-afc2-5c0b4b6d7844" testId="a7783b5a-b1e1-9de3-a6d0-d7e3ee8fee97" testName="ArchLucid.ArtifactSynthesis.Tests.TerraformAdvisoryDecommissionSnippetBuilderTests.BuildNoDecommissionManifestStub_matches_stable_intro_lines" computerName="runnervm3jyl0" duration="00:00:00.0007656" startTime="2026-05-30T10:57:36.6160086+00:00" endTime="2026-05-30T10:57:36.6160087+00:00" testType="13cdc9d9-ddb5-4fa4-a97d-d965ccfc6d4b" outcome="Passed" testListId="8c84fa94-04c1-424b-9868-57a2d4851a1d" relativeResultsDirectory="5545533e-21b5-457c-afc2-5c0b4b6d7844" />
    <UnitTestResult executionId="dd703baa-0f06-4105-9b57-11526589712c" testId="c1ab555f-ee60-d0c5-eb04-79277317a331" testName="ArchLucid.ArtifactSynthesis.Tests.GoldenCorpus.SynthesisGoldenCorpusRegressionTests.Coverage_summary_case_matches_golden(caseName: &quot;case-01&quot;)" computerName="runnervm3jyl0" duration="00:00:00.0033597" startTime="2026-05-30T10:57:36.6492741+00:00" endTime="2026-05-30T10:57:36.6492742+00:00" testType="13cdc9d9-ddb5-4fa4-a97d-d965ccfc6d4b" outcome="Passed" testListId="8c84fa94-04c1-424b-9868-57a2d4851a1d" relativeResultsDirectory="dd703baa-0f06-4105-9b57-11526589712c" />
    <UnitTestResult executionId="8206288d-75ed-42bb-90d4-c5da7014312c" testId="f98053a4-bd0f-f85c-a460-89878305a23c" testName="ArchLucid.ArtifactSynthesis.Tests.Classifiers.OrphanedResourceClassifierTests.ClassifyFromResourcesJson_flags_unattached_disk" computerName="runnervm3jyl0" duration="00:00:00.0045639" startTime="2026-05-30T10:57:36.6013522+00:00" endTime="2026-05-30T10:57:36.6013523+00:00" testType="13cdc9d9-ddb5-4fa4-a97d-d965ccfc6d4b" outcome="Passed" testListId="8c84fa94-04c1-424b-9868-57a2d4851a1d" relativeResultsDirectory="8206288d-75ed-42bb-90d4-c5da7014312c" />
    <UnitTestResult executionId="010c64f5-d706-4c81-8e3f-a61c4d5d2b46" testId="7d61a876-ff74-80a1-feb9-932dafec03c3" testName="ArchLucid.ArtifactSynthesis.Tests.ArchitectureMarkdownSectionValidatorTests.GetMissingSectionHeaders_allows_extra_spaces_after_hashes" computerName="runnervm3jyl0" duration="00:00:00.0001398" startTime="2026-05-30T10:57:36.6184716+00:00" endTime="2026-05-30T10:57:36.6184717+00:00" testType="13cdc9d9-ddb5-4fa4-a97d-d965ccfc6d4b" outcome="Passed" testListId="8c84fa94-04c1-424b-9868-57a2d4851a1d" relativeResultsDirectory="010c64f5-d706-4c81-8e3f-a61c4d5d2b46" />
    <UnitTestResult executionId="c3135399-8c20-4ad6-8d00-ad54be1b85a9" testId="3e8f1a18-1464-2947-773c-fa024fbb027a" testName="ArchLucid.ArtifactSynthesis.Tests.Validation.RegexTerraformValidatorTests.Validate_comment_only_hcl_is_valid" computerName="runnervm3jyl0" duration="00:00:00.0189047" startTime="2026-05-30T10:57:36.5252608+00:00" endTime="2026-05-30T10:57:36.5252609+00:00" testType="13cdc9d9-ddb5-4fa4-a97d-d965ccfc6d4b" outcome="Passed" testListId="8c84fa94-04c1-424b-9868-57a2d4851a1d" relativeResultsDirectory="c3135399-8c20-4ad6-8d00-ad54be1b85a9" />
    <UnitTestResult executionId="e53b88d1-ad8a-4075-a1b4-bf8d539c13e5" testId="68ef3cc8-f7c9-aed1-9f4b-8b7be8a3607d" testName="ArchLucid.ArtifactSynthesis.Tests.ArtifactBundleValidatorTests.Validate_when_architecture_has_all_headers_passes(artifactType: &quot;ReferenceArchitectureMarkdown&quot;)" computerName="runnervm3jyl0" duration="00:00:00.0004306" startTime="2026-05-30T10:57:36.5832626+00:00" endTime="2026-05-30T10:57:36.5832627+00:00" testType="13cdc9d9-ddb5-4fa4-a97d-d965ccfc6d4b" outcome="Passed" testListId="8c84fa94-04c1-424b-9868-57a2d4851a1d" relativeResultsDirectory="e53b88d1-ad8a-4075-a1b4-bf8d539c13e5" />
    <UnitTestResult executionId="09a21ebd-369a-495b-95f3-318ac7f95dd2" testId="85628ef3-a96e-7af6-5901-0577676dee68" testName="ArchLucid.ArtifactSynthesis.Tests.Validation.RegexTerraformValidatorTests.Validate_unclosed_resource_block_is_invalid" computerName="runnervm3jyl0" duration="00:00:00.0001815" startTime="2026-05-30T10:57:36.5280343+00:00" endTime="2026-05-30T10:57:36.5280344+00:00" testType="13cdc9d9-ddb5-4fa4-a97d-d965ccfc6d4b" outcome="Passed" testListId="8c84fa94-04c1-424b-9868-57a2d4851a1d" relativeResultsDirectory="09a21ebd-369a-495b-95f3-318ac7f95dd2" />
    <UnitTestResult executionId="d7365d0f-9b71-402f-b51b-05d66afb9373" testId="b47af049-c65d-a9d9-47cd-f9d6a7c6cbe8" testName="ArchLucid.ArtifactSynthesis.Tests.ArchitectureMarkdownSectionValidatorTests.GetMissingSectionHeaders_ignores_level_three_heading_with_same_title" computerName="runnervm3jyl0" duration="00:00:00.0007224" startTime="2026-05-30T10:57:36.6191804+00:00" endTime="2026-05-30T10:57:36.6191805+00:00" testType="13cdc9d9-ddb5-4fa4-a97d-d965ccfc6d4b" outcome="Passed" testListId="8c84fa94-04c1-424b-9868-57a2d4851a1d" relativeResultsDirectory="d7365d0f-9b71-402f-b51b-05d66afb9373" />
    <UnitTestResult executionId="9ee4748f-9d5d-4b3e-8825-bfbfdae0fb44" testId="e8b10e9b-137f-83de-d79f-2ac99e76bc4f" testName="ArchLucid.ArtifactSynthesis.Tests.ArtifactPackagingServiceTests.BuildTerraformAdvisoryPlaceholderExport_writes_zip_with_disclaimer_and_stub" computerName="runnervm3jyl0" duration="00:00:00.0063102" startTime="2026-05-30T10:57:36.5981368+00:00" endTime="2026-05-30T10:57:36.5981369+00:00" testType="13cdc9d9-ddb5-4fa4-a97d-d965ccfc6d4b" outcome="Passed" testListId="8c84fa94-04c1-424b-9868-57a2d4851a1d" relativeResultsDirectory="9ee4748f-9d5d-4b3e-8825-bfbfdae0fb44" />
    <UnitTestResult executionId="e660f08b-6fd8-4d73-a185-a39e6a4b521e" testId="8de45158-855f-d144-77fc-2f21c8d15d02" testName="ArchLucid.ArtifactSynthesis.Tests.GoldenCorpus.SynthesisGoldenCorpusRegressionTests.Coverage_summary_case_matches_golden(caseName: &quot;case-02&quot;)" computerName="runnervm3jyl0" duration="00:00:00.0012355" startTime="2026-05-30T10:57:36.6512938+00:00" endTime="2026-05-30T10:57:36.6512939+00:00" testType="13cdc9d9-ddb5-4fa4-a97d-d965ccfc6d4b" outcome="Passed" testListId="8c84fa94-04c1-424b-9868-57a2d4851a1d" relativeResultsDirectory="e660f08b-6fd8-4d73-a185-a39e6a4b521e" />
    <UnitTestResult executionId="b661eb90-574d-40a6-9860-68f9d1804d3b" testId="c8872140-f867-5895-e3e5-b5b8da49892b" testName="ArchLucid.ArtifactSynthesis.Tests.ArtifactBundleValidatorTests.Validate_when_duplicate_artifact_types_throws" computerName="runnervm3jyl0" duration="00:00:00.0009055" startTime="2026-05-30T10:57:36.5818986+00:00" endTime="2026-05-30T10:57:36.5818987+00:00" testType="13cdc9d9-ddb5-4fa4-a97d-d965ccfc6d4b" outcome="Passed" testListId="8c84fa94-04c1-424b-9868-57a2d4851a1d" relativeResultsDirectory="b661eb90-574d-40a6-9860-68f9d1804d3b" />
    <UnitTestResult executionId="cb82d580-df70-47d9-9939-1fab4713a97b" testId="2b3150e0-1dd4-ac54-a1b9-d533e3e7c429" testName="ArchLucid.ArtifactSynthesis.Tests.ArtifactBundleValidatorTests.Validate_when_architecture_missing_headers_throws(artifactType: &quot;ReferenceArchitectureMarkdown&quot;)" computerName="runnervm3jyl0" duration="00:00:00.0343689" startTime="2026-05-30T10:57:36.5775849+00:00" endTime="2026-05-30T10:57:36.5775850+00:00" testType="13cdc9d9-ddb5-4fa4-a97d-d965ccfc6d4b" outcome="Passed" testListId="8c84fa94-04c1-424b-9868-57a2d4851a1d" relativeResultsDirectory="cb82d580-df70-47d9-9939-1fab4713a97b" />
    <UnitTestResult executionId="62701446-e8bc-4dc2-9f1c-23d818da1a5b" testId="9d8de2e3-d937-b58f-5ca9-ecd6b1f4144f" testName="ArchLucid.ArtifactSynthesis.Tests.TerraformSnapshotTests.Advisory_placeholder_export_tf_passes_terraform_fmt_check_and_validate" computerName="runnervm3jyl0" duration="00:00:00.0010000" startTime="2026-05-30T10:57:36.5748337+00:00" endTime="2026-05-30T10:57:36.5748337+00:00" testType="13cdc9d9-ddb5-4fa4-a97d-d965ccfc6d4b" outcome="NotExecuted" testListId="8c84fa94-04c1-424b-9868-57a2d4851a1d" relativeResultsDirectory="62701446-e8bc-4dc2-9f1c-23d818da1a5b">
      <Output>
        <ErrorInfo>
          <Message>Terraform CLI must be on PATH for this test (install Terraform and ensure it is discoverable via PATH).</Message>
        </ErrorInfo>
      </Output>
    </UnitTestResult>
    <UnitTestResult executionId="feef6c38-7f1c-489d-8fdb-6fae93a0110b" testId="ffe036ca-75ab-fcdf-1e18-011d501a9724" testName="ArchLucid.ArtifactSynthesis.Tests.ArtifactBundleValidatorTests.Validate_when_content_empty_throws" computerName="runnervm3jyl0" duration="00:00:00.0007438" startTime="2026-05-30T10:57:36.5811507+00:00" endTime="2026-05-30T10:57:36.5811508+00:00" testType="13cdc9d9-ddb5-4fa4-a97d-d965ccfc6d4b" outcome="Passed" testListId="8c84fa94-04c1-424b-9868-57a2d4851a1d" relativeResultsDirectory="feef6c38-7f1c-489d-8fdb-6fae93a0110b" />
    <UnitTestResult executionId="bb660633-cb83-47da-889a-fdb77f150675" testId="48cb9e5f-6f18-e45d-385a-587f42107684" testName="ArchLucid.ArtifactSynthesis.Tests.ArtifactSynthesisServiceTests.SynthesizeAsync_invokes_generators_in_artifact_type_order_and_validates" computerName="runnervm3jyl0" duration="00:00:00.0623340" startTime="2026-05-30T10:57:36.6722350+00:00" endTime="2026-05-30T10:57:36.6722352+00:00" testType="13cdc9d9-ddb5-4fa4-a97d-d965ccfc6d4b" outcome="Passed" testListId="8c84fa94-04c1-424b-9868-57a2d4851a1d" relativeResultsDirectory="bb660633-cb83-47da-889a-fdb77f150675" />
    <UnitTestResult executionId="7c22c879-450b-4833-89d5-3d5389b9b87a" testId="d4fcf1fe-02ae-746a-f4ae-6ee1ee4b86d8" testName="ArchLucid.ArtifactSynthesis.Tests.Validation.RegexTerraformValidatorTests.Validate_resource_header_without_body_is_invalid" computerName="runnervm3jyl0" duration="00:00:00.0003617" startTime="2026-05-30T10:57:36.5725429+00:00" endTime="2026-05-30T10:57:36.5725431+00:00" testType="13cdc9d9-ddb5-4fa4-a97d-d965ccfc6d4b" outcome="Passed" testListId="8c84fa94-04c1-424b-9868-57a2d4851a1d" relativeResultsDirectory="7c22c879-450b-4833-89d5-3d5389b9b87a" />
  </Results>
  <TestDefinitions>
    <UnitTest name="ArchLucid.ArtifactSynthesis.Tests.ArtifactSynthesisServiceTests.SynthesizeAsync_when_no_generators_adds_trace_note_and_validator_throws" storage="/home/runner/work/archlucid/archlucid/archlucid.artifactsynthesis.tests/bin/release/net10.0/archlucid.artifactsynthesis.tests.dll" id="2cd3b8a0-9841-21e0-b8f2-2b97a82e5ec5">
      <Execution id="4044e7e3-7e86-42cd-b164-9ceca619d91a" />
      <TestMethod codeBase="/home/runner/work/ArchLucid/ArchLucid/ArchLucid.ArtifactSynthesis.Tests/bin/Release/net10.0/ArchLucid.ArtifactSynthesis.Tests.dll" adapterTypeName="executor://xunit/VsTestRunner2/netcoreapp" className="ArchLucid.ArtifactSynthesis.Tests.ArtifactSynthesisServiceTests" name="SynthesizeAsync_when_no_generators_adds_trace_note_and_validator_throws" />
    </UnitTest>
    <UnitTest name="ArchLucid.ArtifactSynthesis.Tests.ArtifactPackagingServiceTests.BuildSingleFileExport_sanitizes_name_and_encodes_utf8" storage="/home/runner/work/archlucid/archlucid/archlucid.artifactsynthesis.tests/bin/release/net10.0/archlucid.artifactsynthesis.tests.dll" id="b8d520da-90f1-6909-1809-ec5d8770ee53">
      <Execution id="7ef08659-b361-49df-8ded-69d690367a4f" />
      <TestMethod codeBase="/home/runner/work/ArchLucid/ArchLucid/ArchLucid.ArtifactSynthesis.Tests/bin/Release/net10.0/ArchLucid.ArtifactSynthesis.Tests.dll" adapterTypeName="executor://xunit/VsTestRunner2/netcoreapp" className="ArchLucid.ArtifactSynthesis.Tests.ArtifactPackagingServiceTests" name="BuildSingleFileExport_sanitizes_name_and_encodes_utf8" />
    </UnitTest>
    <UnitTest name="ArchLucid.ArtifactSynthesis.Tests.MermaidDiagramArtifactExtractorTests.TryGetDiagramSource_returns_null_when_bundle_has_no_candidates" storage="/home/runner/work/archlucid/archlucid/archlucid.artifactsynthesis.tests/bin/release/net10.0/archlucid.artifactsynthesis.tests.dll" id="79e84671-7b63-7975-2448-26d43358c3ac">
      <Execution id="9533bd07-decc-4b55-aa99-c90e8f48a451" />
      <TestMethod codeBase="/home/runner/work/ArchLucid/ArchLucid/ArchLucid.ArtifactSynthesis.Tests/bin/Release/net10.0/ArchLucid.ArtifactSynthesis.Tests.dll" adapterTypeName="executor://xunit/VsTestRunner2/netcoreapp" className="ArchLucid.ArtifactSynthesis.Tests.MermaidDiagramArtifactExtractorTests" name="TryGetDiagramSource_returns_null_when_bundle_has_no_candidates" />
    </UnitTest>
    <UnitTest name="ArchLucid.ArtifactSynthesis.Tests.ArchitectureMarkdownSectionValidatorTests.GetMissingSectionHeaders_does_not_treat_plain_text_as_headings" storage="/home/runner/work/archlucid/archlucid/archlucid.artifactsynthesis.tests/bin/release/net10.0/archlucid.artifactsynthesis.tests.dll" id="34fc7100-e6d8-8d73-c0e0-4bb603c3f94b">
      <Execution id="09cd4fb5-6f6a-439d-adec-60922840ac4c" />
      <TestMethod codeBase="/home/runner/work/ArchLucid/ArchLucid/ArchLucid.ArtifactSynthesis.Tests/bin/Release/net10.0/ArchLucid.ArtifactSynthesis.Tests.dll" adapterTypeName="executor://xunit/VsTestRunner2/netcoreapp" className="ArchLucid.ArtifactSynthesis.Tests.ArchitectureMarkdownSectionValidatorTests" name="GetMissingSectionHeaders_does_not_treat_plain_text_as_headings" />
    </UnitTest>
    <UnitTest name="ArchLucid.ArtifactSynthesis.Tests.Validation.RegexTerraformValidatorTests.Validate_balanced_resource_block_is_valid" storage="/home/runner/work/archlucid/archlucid/archlucid.artifactsynthesis.tests/bin/release/net10.0/archlucid.artifactsynthesis.tests.dll" id="84913bfc-ac57-c7d4-dab4-8d41bca766d6">
      <Execution id="7e7b435a-4d27-4ec3-8d03-236946b4ef8f" />
      <TestMethod codeBase="/home/runner/work/ArchLucid/ArchLucid/ArchLucid.ArtifactSynthesis.Tests/bin/Release/net10.0/ArchLucid.ArtifactSynthesis.Tests.dll" adapterTypeName="executor://xunit/VsTestRunner2/netcoreapp" className="ArchLucid.ArtifactSynthesis.Tests.Validation.RegexTerraformValidatorTests" name="Validate_balanced_resource_block_is_valid" />
    </UnitTest>
    <UnitTest name="ArchLucid.ArtifactSynthesis.Tests.Validation.RegexTerraformValidatorTests.Validate_comment_only_hcl_is_valid" storage="/home/runner/work/archlucid/archlucid/archlucid.artifactsynthesis.tests/bin/release/net10.0/archlucid.artifactsynthesis.tests.dll" id="3e8f1a18-1464-2947-773c-fa024fbb027a">
      <Execution id="c3135399-8c20-4ad6-8d00-ad54be1b85a9" />
      <TestMethod codeBase="/home/runner/work/ArchLucid/ArchLucid/ArchLucid.ArtifactSynthesis.Tests/bin/Release/net10.0/ArchLucid.ArtifactSynthesis.Tests.dll" adapterTypeName="executor://xunit/VsTestRunner2/netcoreapp" className="ArchLucid.ArtifactSynthesis.Tests.Validation.RegexTerraformValidatorTests" name="Validate_comment_only_hcl_is_valid" />
    </UnitTest>
    <UnitTest name="ArchLucid.ArtifactSynthesis.Tests.ArtifactContentTypeResolverTests.Resolve_maps_known_formats(format: &quot;Markdown&quot;, expected: &quot;text/markdown&quot;)" storage="/home/runner/work/archlucid/archlucid/archlucid.artifactsynthesis.tests/bin/release/net10.0/archlucid.artifactsynthesis.tests.dll" id="1be2d96d-8690-26bb-4f17-8b2b2b82492c">
      <Execution id="175ef2c3-b0dc-4e55-ae84-8a40816841ec" />
      <TestMethod codeBase="/home/runner/work/ArchLucid/ArchLucid/ArchLucid.ArtifactSynthesis.Tests/bin/Release/net10.0/ArchLucid.ArtifactSynthesis.Tests.dll" adapterTypeName="executor://xunit/VsTestRunner2/netcoreapp" className="ArchLucid.ArtifactSynthesis.Tests.ArtifactContentTypeResolverTests" name="Resolve_maps_known_formats" />
    </UnitTest>
    <UnitTest name="ArchLucid.ArtifactSynthesis.Tests.GoldenCorpus.SynthesisGoldenCorpusRegressionTests.Coverage_summary_case_matches_golden(caseName: &quot;case-01&quot;)" storage="/home/runner/work/archlucid/archlucid/archlucid.artifactsynthesis.tests/bin/release/net10.0/archlucid.artifactsynthesis.tests.dll" id="c1ab555f-ee60-d0c5-eb04-79277317a331">
      <Execution id="dd703baa-0f06-4105-9b57-11526589712c" />
      <TestMethod codeBase="/home/runner/work/ArchLucid/ArchLucid/ArchLucid.ArtifactSynthesis.Tests/bin/Release/net10.0/ArchLucid.ArtifactSynthesis.Tests.dll" adapterTypeName="executor://xunit/VsTestRunner2/netcoreapp" className="ArchLucid.ArtifactSynthesis.Tests.GoldenCorpus.SynthesisGoldenCorpusRegressionTests" name="Coverage_summary_case_matches_golden" />
    </UnitTest>
    <UnitTest name="ArchLucid.ArtifactSynthesis.Tests.TerraformAdvisoryDecommissionSnippetBuilderTests.BuildNoDecommissionManifestStub_matches_stable_intro_lines" storage="/home/runner/work/archlucid/archlucid/archlucid.artifactsynthesis.tests/bin/release/net10.0/archlucid.artifactsynthesis.tests.dll" id="a7783b5a-b1e1-9de3-a6d0-d7e3ee8fee97">
      <Execution id="5545533e-21b5-457c-afc2-5c0b4b6d7844" />
      <TestMethod codeBase="/home/runner/work/ArchLucid/ArchLucid/ArchLucid.ArtifactSynthesis.Tests/bin/Release/net10.0/ArchLucid.ArtifactSynthesis.Tests.dll" adapterTypeName="executor://xunit/VsTestRunner2/netcoreapp" className="ArchLucid.ArtifactSynthesis.Tests.TerraformAdvisoryDecommissionSnippetBuilderTests" name="BuildNoDecommissionManifestStub_matches_stable_intro_lines" />
    </UnitTest>
    <UnitTest name="ArchLucid.ArtifactSynthesis.Tests.ArtifactPackagingServiceTests.BuildBundlePackage_writes_zip_with_index_and_metadata" storage="/home/runner/work/archlucid/archlucid/archlucid.artifactsynthesis.tests/bin/release/net10.0/archlucid.artifactsynthesis.tests.dll" id="fed19e96-e449-560d-f12c-a292e53aef8e">
      <Execution id="4901dc2a-9484-4cc8-ba25-2c7681a72db2" />
      <TestMethod codeBase="/home/runner/work/ArchLucid/ArchLucid/ArchLucid.ArtifactSynthesis.Tests/bin/Release/net10.0/ArchLucid.ArtifactSynthesis.Tests.dll" adapterTypeName="executor://xunit/VsTestRunner2/netcoreapp" className="ArchLucid.ArtifactSynthesis.Tests.ArtifactPackagingServiceTests" name="BuildBundlePackage_writes_zip_with_index_and_metadata" />
    </UnitTest>
    <UnitTest name="ArchLucid.ArtifactSynthesis.Tests.ArtifactBundleValidatorTests.Validate_when_architecture_has_all_headers_passes(artifactType: &quot;ArchitectureNarrative&quot;)" storage="/home/runner/work/archlucid/archlucid/archlucid.artifactsynthesis.tests/bin/release/net10.0/archlucid.artifactsynthesis.tests.dll" id="06429d0a-ad43-43f7-b4a1-a359f4c0788d">
      <Execution id="42460cd7-afdf-455d-94a6-bb144440b8f9" />
      <TestMethod codeBase="/home/runner/work/ArchLucid/ArchLucid/ArchLucid.ArtifactSynthesis.Tests/bin/Release/net10.0/ArchLucid.ArtifactSynthesis.Tests.dll" adapterTypeName="executor://xunit/VsTestRunner2/netcoreapp" className="ArchLucid.ArtifactSynthesis.Tests.ArtifactBundleValidatorTests" name="Validate_when_architecture_has_all_headers_passes" />
    </UnitTest>
    <UnitTest name="ArchLucid.ArtifactSynthesis.Tests.ArchitectureMarkdownSectionValidatorTests.GetMissingSectionHeaders_is_case_insensitive_for_titles" storage="/home/runner/work/archlucid/archlucid/archlucid.artifactsynthesis.tests/bin/release/net10.0/archlucid.artifactsynthesis.tests.dll" id="27c95eb5-2497-1196-1a17-f2ffe52c03ba">
      <Execution id="f28888e8-d043-4199-bae5-d26ba1951bd2" />
      <TestMethod codeBase="/home/runner/work/ArchLucid/ArchLucid/ArchLucid.ArtifactSynthesis.Tests/bin/Release/net10.0/ArchLucid.ArtifactSynthesis.Tests.dll" adapterTypeName="executor://xunit/VsTestRunner2/netcoreapp" className="ArchLucid.ArtifactSynthesis.Tests.ArchitectureMarkdownSectionValidatorTests" name="GetMissingSectionHeaders_is_case_insensitive_for_titles" />
    </UnitTest>
    <UnitTest name="ArchLucid.ArtifactSynthesis.Tests.ArchitectureMarkdownSectionValidatorTests.GetMissingSectionHeaders_when_all_second_level_headings_present_returns_empty" storage="/home/runner/work/archlucid/archlucid/archlucid.artifactsynthesis.tests/bin/release/net10.0/archlucid.artifactsynthesis.tests.dll" id="92e9f166-4163-1067-e331-63c3d26b61f7">
      <Execution id="b4563b83-f473-406f-b85a-b00ab7e338d1" />
      <TestMethod codeBase="/home/runner/work/ArchLucid/ArchLucid/ArchLucid.ArtifactSynthesis.Tests/bin/Release/net10.0/ArchLucid.ArtifactSynthesis.Tests.dll" adapterTypeName="executor://xunit/VsTestRunner2/netcoreapp" className="ArchLucid.ArtifactSynthesis.Tests.ArchitectureMarkdownSectionValidatorTests" name="GetMissingSectionHeaders_when_all_second_level_headings_present_returns_empty" />
    </UnitTest>
    <UnitTest name="ArchLucid.ArtifactSynthesis.Tests.TerraformSnapshotTests.Generated_terraform_snippet_validates_successfully" storage="/home/runner/work/archlucid/archlucid/archlucid.artifactsynthesis.tests/bin/release/net10.0/archlucid.artifactsynthesis.tests.dll" id="34bfe42a-c7f7-a838-2dc7-8eaf99475e5e">
      <Execution id="7e623604-ed2f-42d1-8ab7-23cc848e4fcc" />
      <TestMethod codeBase="/home/runner/work/ArchLucid/ArchLucid/ArchLucid.ArtifactSynthesis.Tests/bin/Release/net10.0/ArchLucid.ArtifactSynthesis.Tests.dll" adapterTypeName="executor://xunit/VsTestRunner2/netcoreapp" className="ArchLucid.ArtifactSynthesis.Tests.TerraformSnapshotTests" name="Generated_terraform_snippet_validates_successfully" />
    </UnitTest>
    <UnitTest name="ArchLucid.ArtifactSynthesis.Tests.ArtifactBundleValidatorTests.Validate_when_architecture_has_all_headers_passes(artifactType: &quot;ReferenceArchitectureMarkdown&quot;)" storage="/home/runner/work/archlucid/archlucid/archlucid.artifactsynthesis.tests/bin/release/net10.0/archlucid.artifactsynthesis.tests.dll" id="68ef3cc8-f7c9-aed1-9f4b-8b7be8a3607d">
      <Execution id="e53b88d1-ad8a-4075-a1b4-bf8d539c13e5" />
      <TestMethod codeBase="/home/runner/work/ArchLucid/ArchLucid/ArchLucid.ArtifactSynthesis.Tests/bin/Release/net10.0/ArchLucid.ArtifactSynthesis.Tests.dll" adapterTypeName="executor://xunit/VsTestRunner2/netcoreapp" className="ArchLucid.ArtifactSynthesis.Tests.ArtifactBundleValidatorTests" name="Validate_when_architecture_has_all_headers_passes" />
    </UnitTest>
    <UnitTest name="ArchLucid.ArtifactSynthesis.Tests.Validation.RegexTerraformValidatorTests.Validate_unclosed_resource_block_is_invalid" storage="/home/runner/work/archlucid/archlucid/archlucid.artifactsynthesis.tests/bin/release/net10.0/archlucid.artifactsynthesis.tests.dll" id="85628ef3-a96e-7af6-5901-0577676dee68">
      <Execution id="09a21ebd-369a-495b-95f3-318ac7f95dd2" />
      <TestMethod codeBase="/home/runner/work/ArchLucid/ArchLucid/ArchLucid.ArtifactSynthesis.Tests/bin/Release/net10.0/ArchLucid.ArtifactSynthesis.Tests.dll" adapterTypeName="executor://xunit/VsTestRunner2/netcoreapp" className="ArchLucid.ArtifactSynthesis.Tests.Validation.RegexTerraformValidatorTests" name="Validate_unclosed_resource_block_is_invalid" />
    </UnitTest>
    <UnitTest name="ArchLucid.ArtifactSynthesis.Tests.Validation.RegexTerraformValidatorTests.Validate_resource_header_without_body_is_invalid" storage="/home/runner/work/archlucid/archlucid/archlucid.artifactsynthesis.tests/bin/release/net10.0/archlucid.artifactsynthesis.tests.dll" id="d4fcf1fe-02ae-746a-f4ae-6ee1ee4b86d8">
      <Execution id="7c22c879-450b-4833-89d5-3d5389b9b87a" />
      <TestMethod codeBase="/home/runner/work/ArchLucid/ArchLucid/ArchLucid.ArtifactSynthesis.Tests/bin/Release/net10.0/ArchLucid.ArtifactSynthesis.Tests.dll" adapterTypeName="executor://xunit/VsTestRunner2/netcoreapp" className="ArchLucid.ArtifactSynthesis.Tests.Validation.RegexTerraformValidatorTests" name="Validate_resource_header_without_body_is_invalid" />
    </UnitTest>
    <UnitTest name="ArchLucid.ArtifactSynthesis.Tests.ArchitectureMarkdownSectionValidatorTests.GetMissingSectionHeaders_allows_extra_spaces_after_hashes" storage="/home/runner/work/archlucid/archlucid/archlucid.artifactsynthesis.tests/bin/release/net10.0/archlucid.artifactsynthesis.tests.dll" id="7d61a876-ff74-80a1-feb9-932dafec03c3">
      <Execution id="010c64f5-d706-4c81-8e3f-a61c4d5d2b46" />
      <TestMethod codeBase="/home/runner/work/ArchLucid/ArchLucid/ArchLucid.ArtifactSynthesis.Tests/bin/Release/net10.0/ArchLucid.ArtifactSynthesis.Tests.dll" adapterTypeName="executor://xunit/VsTestRunner2/netcoreapp" className="ArchLucid.ArtifactSynthesis.Tests.ArchitectureMarkdownSectionValidatorTests" name="GetMissingSectionHeaders_allows_extra_spaces_after_hashes" />
    </UnitTest>
    <UnitTest name="ArchLucid.ArtifactSynthesis.Tests.ArtifactPackagingServiceTests.BuildRunExportPackage_readme_includes_optional_manifest_context" storage="/home/runner/work/archlucid/archlucid/archlucid.artifactsynthesis.tests/bin/release/net10.0/archlucid.artifactsynthesis.tests.dll" id="6995d720-e9ed-c7e0-c25d-98c9452b01f6">
      <Execution id="f4505f5d-1f8e-4393-b14d-1332f3df7739" />
      <TestMethod codeBase="/home/runner/work/ArchLucid/ArchLucid/ArchLucid.ArtifactSynthesis.Tests/bin/Release/net10.0/ArchLucid.ArtifactSynthesis.Tests.dll" adapterTypeName="executor://xunit/VsTestRunner2/netcoreapp" className="ArchLucid.ArtifactSynthesis.Tests.ArtifactPackagingServiceTests" name="BuildRunExportPackage_readme_includes_optional_manifest_context" />
    </UnitTest>
    <UnitTest name="ArchLucid.ArtifactSynthesis.Tests.TerraformAdvisorySafetyTests.GenerateAsync_when_agent_recommends_delete_emits_comments_and_never_emits_destroy_token" storage="/home/runner/work/archlucid/archlucid/archlucid.artifactsynthesis.tests/bin/release/net10.0/archlucid.artifactsynthesis.tests.dll" id="ef64fcba-5414-6c98-35d6-ef0c7f1cf1f2">
      <Execution id="e62ccecd-2ada-4243-bcb4-75c1e2f7afb9" />
      <TestMethod codeBase="/home/runner/work/ArchLucid/ArchLucid/ArchLucid.ArtifactSynthesis.Tests/bin/Release/net10.0/ArchLucid.ArtifactSynthesis.Tests.dll" adapterTypeName="executor://xunit/VsTestRunner2/netcoreapp" className="ArchLucid.ArtifactSynthesis.Tests.TerraformAdvisorySafetyTests" name="GenerateAsync_when_agent_recommends_delete_emits_comments_and_never_emits_destroy_token" />
    </UnitTest>
    <UnitTest name="ArchLucid.ArtifactSynthesis.Tests.ArchitectureMarkdownSectionValidatorTests.GetMissingSectionHeaders_when_null_or_whitespace_lists_all_required" storage="/home/runner/work/archlucid/archlucid/archlucid.artifactsynthesis.tests/bin/release/net10.0/archlucid.artifactsynthesis.tests.dll" id="3d98e69e-7678-c415-078f-a9fc99c346b4">
      <Execution id="0e9a6008-2eaa-4035-86fa-79e88eda4e01" />
      <TestMethod codeBase="/home/runner/work/ArchLucid/ArchLucid/ArchLucid.ArtifactSynthesis.Tests/bin/Release/net10.0/ArchLucid.ArtifactSynthesis.Tests.dll" adapterTypeName="executor://xunit/VsTestRunner2/netcoreapp" className="ArchLucid.ArtifactSynthesis.Tests.ArchitectureMarkdownSectionValidatorTests" name="GetMissingSectionHeaders_when_null_or_whitespace_lists_all_required" />
    </UnitTest>
    <UnitTest name="ArchLucid.ArtifactSynthesis.Tests.MermaidDiagramArtifactGeneratorTests.GenerateAsync_builds_ast_from_manifest_and_uses_renderer" storage="/home/runner/work/archlucid/archlucid/archlucid.artifactsynthesis.tests/bin/release/net10.0/archlucid.artifactsynthesis.tests.dll" id="ab7e86d9-f9b1-6930-d192-cd4869e11ab2">
      <Execution id="9d1cb920-7e9d-4169-902e-d56e7a1a9c96" />
      <TestMethod codeBase="/home/runner/work/ArchLucid/ArchLucid/ArchLucid.ArtifactSynthesis.Tests/bin/Release/net10.0/ArchLucid.ArtifactSynthesis.Tests.dll" adapterTypeName="executor://xunit/VsTestRunner2/netcoreapp" className="ArchLucid.ArtifactSynthesis.Tests.MermaidDiagramArtifactGeneratorTests" name="GenerateAsync_builds_ast_from_manifest_and_uses_renderer" />
    </UnitTest>
    <UnitTest name="ArchLucid.ArtifactSynthesis.Tests.InventoryArtifactGeneratorTests.GenerateAsync_serializes_requirements_security_compliance_and_issues" storage="/home/runner/work/archlucid/archlucid/archlucid.artifactsynthesis.tests/bin/release/net10.0/archlucid.artifactsynthesis.tests.dll" id="33a1e50d-032d-ed8b-4928-b55eeb7fc644">
      <Execution id="83a52559-a52f-4945-bed5-bb423200aecc" />
      <TestMethod codeBase="/home/runner/work/ArchLucid/ArchLucid/ArchLucid.ArtifactSynthesis.Tests/bin/Release/net10.0/ArchLucid.ArtifactSynthesis.Tests.dll" adapterTypeName="executor://xunit/VsTestRunner2/netcoreapp" className="ArchLucid.ArtifactSynthesis.Tests.InventoryArtifactGeneratorTests" name="GenerateAsync_serializes_requirements_security_compliance_and_issues" />
    </UnitTest>
    <UnitTest name="ArchLucid.ArtifactSynthesis.Tests.GoldenCorpus.SynthesisGoldenCorpusRegressionTests.Coverage_summary_case_matches_golden(caseName: &quot;case-02&quot;)" storage="/home/runner/work/archlucid/archlucid/archlucid.artifactsynthesis.tests/bin/release/net10.0/archlucid.artifactsynthesis.tests.dll" id="8de45158-855f-d144-77fc-2f21c8d15d02">
      <Execution id="e660f08b-6fd8-4d73-a185-a39e6a4b521e" />
      <TestMethod codeBase="/home/runner/work/ArchLucid/ArchLucid/ArchLucid.ArtifactSynthesis.Tests/bin/Release/net10.0/ArchLucid.ArtifactSynthesis.Tests.dll" adapterTypeName="executor://xunit/VsTestRunner2/netcoreapp" className="ArchLucid.ArtifactSynthesis.Tests.GoldenCorpus.SynthesisGoldenCorpusRegressionTests" name="Coverage_summary_case_matches_golden" />
    </UnitTest>
    <UnitTest name="ArchLucid.ArtifactSynthesis.Tests.ArtifactPackagingServiceTests.BuildRunExportPackage_embeds_optional_architecture_png_beside_artifact_text_entries" storage="/home/runner/work/archlucid/archlucid/archlucid.artifactsynthesis.tests/bin/release/net10.0/archlucid.artifactsynthesis.tests.dll" id="8cf08bad-398d-4a2f-5bae-e07c2664aae9">
      <Execution id="45568c1f-f2b4-4597-b065-32adac15b25d" />
      <TestMethod codeBase="/home/runner/work/ArchLucid/ArchLucid/ArchLucid.ArtifactSynthesis.Tests/bin/Release/net10.0/ArchLucid.ArtifactSynthesis.Tests.dll" adapterTypeName="executor://xunit/VsTestRunner2/netcoreapp" className="ArchLucid.ArtifactSynthesis.Tests.ArtifactPackagingServiceTests" name="BuildRunExportPackage_embeds_optional_architecture_png_beside_artifact_text_entries" />
    </UnitTest>
    <UnitTest name="ArchLucid.ArtifactSynthesis.Tests.ArtifactBundleValidatorTests.Validate_when_duplicate_artifact_types_throws" storage="/home/runner/work/archlucid/archlucid/archlucid.artifactsynthesis.tests/bin/release/net10.0/archlucid.artifactsynthesis.tests.dll" id="c8872140-f867-5895-e3e5-b5b8da49892b">
      <Execution id="b661eb90-574d-40a6-9860-68f9d1804d3b" />
      <TestMethod codeBase="/home/runner/work/ArchLucid/ArchLucid/ArchLucid.ArtifactSynthesis.Tests/bin/Release/net10.0/ArchLucid.ArtifactSynthesis.Tests.dll" adapterTypeName="executor://xunit/VsTestRunner2/netcoreapp" className="ArchLucid.ArtifactSynthesis.Tests.ArtifactBundleValidatorTests" name="Validate_when_duplicate_artifact_types_throws" />
    </UnitTest>
    <UnitTest name="ArchLucid.ArtifactSynthesis.Tests.Classifiers.OrphanedResourceClassifierTests.ClassifyFromResourcesJson_flags_unattached_disk" storage="/home/runner/work/archlucid/archlucid/archlucid.artifactsynthesis.tests/bin/release/net10.0/archlucid.artifactsynthesis.tests.dll" id="f98053a4-bd0f-f85c-a460-89878305a23c">
      <Execution id="8206288d-75ed-42bb-90d4-c5da7014312c" />
      <TestMethod codeBase="/home/runner/work/ArchLucid/ArchLucid/ArchLucid.ArtifactSynthesis.Tests/bin/Release/net10.0/ArchLucid.ArtifactSynthesis.Tests.dll" adapterTypeName="executor://xunit/VsTestRunner2/netcoreapp" className="ArchLucid.ArtifactSynthesis.Tests.Classifiers.OrphanedResourceClassifierTests" name="ClassifyFromResourcesJson_flags_unattached_disk" />
    </UnitTest>
    <UnitTest name="ArchLucid.ArtifactSynthesis.Tests.MermaidDiagramArtifactExtractorTests.TryGetDiagramSource_prefers_explicit_mermaid_artifact_and_respects_truncation_cap" storage="/home/runner/work/archlucid/archlucid/archlucid.artifactsynthesis.tests/bin/release/net10.0/archlucid.artifactsynthesis.tests.dll" id="0862010f-1fdc-7524-4044-2a8ec0ffb9f9">
      <Execution id="9ef061b9-2e9b-4d6e-8a65-4cd34413c36a" />
      <TestMethod codeBase="/home/runner/work/ArchLucid/ArchLucid/ArchLucid.ArtifactSynthesis.Tests/bin/Release/net10.0/ArchLucid.ArtifactSynthesis.Tests.dll" adapterTypeName="executor://xunit/VsTestRunner2/netcoreapp" className="ArchLucid.ArtifactSynthesis.Tests.MermaidDiagramArtifactExtractorTests" name="TryGetDiagramSource_prefers_explicit_mermaid_artifact_and_respects_truncation_cap" />
    </UnitTest>
    <UnitTest name="ArchLucid.ArtifactSynthesis.Tests.ArtifactSynthesisServiceTests.SynthesizeAsync_invokes_generators_in_artifact_type_order_and_validates" storage="/home/runner/work/archlucid/archlucid/archlucid.artifactsynthesis.tests/bin/release/net10.0/archlucid.artifactsynthesis.tests.dll" id="48cb9e5f-6f18-e45d-385a-587f42107684">
      <Execution id="bb660633-cb83-47da-889a-fdb77f150675" />
      <TestMethod codeBase="/home/runner/work/ArchLucid/ArchLucid/ArchLucid.ArtifactSynthesis.Tests/bin/Release/net10.0/ArchLucid.ArtifactSynthesis.Tests.dll" adapterTypeName="executor://xunit/VsTestRunner2/netcoreapp" className="ArchLucid.ArtifactSynthesis.Tests.ArtifactSynthesisServiceTests" name="SynthesizeAsync_invokes_generators_in_artifact_type_order_and_validates" />
    </UnitTest>
    <UnitTest name="ArchLucid.ArtifactSynthesis.Tests.ArtifactContentTypeResolverTests.Resolve_maps_known_formats(format: &quot;Other&quot;, expected: &quot;text/plain&quot;)" storage="/home/runner/work/archlucid/archlucid/archlucid.artifactsynthesis.tests/bin/release/net10.0/archlucid.artifactsynthesis.tests.dll" id="041dacb2-9c82-d7d7-ce42-11c31da01130">
      <Execution id="a3a47774-3fff-4cfc-98f2-a790eeb13d56" />
      <TestMethod codeBase="/home/runner/work/ArchLucid/ArchLucid/ArchLucid.ArtifactSynthesis.Tests/bin/Release/net10.0/ArchLucid.ArtifactSynthesis.Tests.dll" adapterTypeName="executor://xunit/VsTestRunner2/netcoreapp" className="ArchLucid.ArtifactSynthesis.Tests.ArtifactContentTypeResolverTests" name="Resolve_maps_known_formats" />
    </UnitTest>
    <UnitTest name="ArchLucid.ArtifactSynthesis.Tests.ArtifactBundleValidatorTests.Validate_when_architecture_missing_headers_throws(artifactType: &quot;ReferenceArchitectureMarkdown&quot;)" storage="/home/runner/work/archlucid/archlucid/archlucid.artifactsynthesis.tests/bin/release/net10.0/archlucid.artifactsynthesis.tests.dll" id="2b3150e0-1dd4-ac54-a1b9-d533e3e7c429">
      <Execution id="cb82d580-df70-47d9-9939-1fab4713a97b" />
      <TestMethod codeBase="/home/runner/work/ArchLucid/ArchLucid/ArchLucid.ArtifactSynthesis.Tests/bin/Release/net10.0/ArchLucid.ArtifactSynthesis.Tests.dll" adapterTypeName="executor://xunit/VsTestRunner2/netcoreapp" className="ArchLucid.ArtifactSynthesis.Tests.ArtifactBundleValidatorTests" name="Validate_when_architecture_missing_headers_throws" />
    </UnitTest>
    <UnitTest name="ArchLucid.ArtifactSynthesis.Tests.ArtifactBundleValidatorTests.Validate_when_architecture_missing_headers_throws(artifactType: &quot;ArchitectureNarrative&quot;)" storage="/home/runner/work/archlucid/archlucid/archlucid.artifactsynthesis.tests/bin/release/net10.0/archlucid.artifactsynthesis.tests.dll" id="3c611194-50b7-8311-2d65-8ab348945a3d">
      <Execution id="44b17eff-2e5d-4a84-b792-8256813ad2f9" />
      <TestMethod codeBase="/home/runner/work/ArchLucid/ArchLucid/ArchLucid.ArtifactSynthesis.Tests/bin/Release/net10.0/ArchLucid.ArtifactSynthesis.Tests.dll" adapterTypeName="executor://xunit/VsTestRunner2/netcoreapp" className="ArchLucid.ArtifactSynthesis.Tests.ArtifactBundleValidatorTests" name="Validate_when_architecture_missing_headers_throws" />
    </UnitTest>
    <UnitTest name="ArchLucid.ArtifactSynthesis.Tests.GoldenCorpus.SynthesisGoldenCorpusRegressionTests.Coverage_summary_case_matches_golden(caseName: &quot;case-03&quot;)" storage="/home/runner/work/archlucid/archlucid/archlucid.artifactsynthesis.tests/bin/release/net10.0/archlucid.artifactsynthesis.tests.dll" id="032cc3ce-a430-85f4-0fec-7353261b7181">
      <Execution id="d48e63b2-0044-4395-ac16-f331c104b8fe" />
      <TestMethod codeBase="/home/runner/work/ArchLucid/ArchLucid/ArchLucid.ArtifactSynthesis.Tests/bin/Release/net10.0/ArchLucid.ArtifactSynthesis.Tests.dll" adapterTypeName="executor://xunit/VsTestRunner2/netcoreapp" className="ArchLucid.ArtifactSynthesis.Tests.GoldenCorpus.SynthesisGoldenCorpusRegressionTests" name="Coverage_summary_case_matches_golden" />
    </UnitTest>
    <UnitTest name="ArchLucid.ArtifactSynthesis.Tests.ArtifactBundleValidatorTests.Validate_when_content_empty_throws" storage="/home/runner/work/archlucid/archlucid/archlucid.artifactsynthesis.tests/bin/release/net10.0/archlucid.artifactsynthesis.tests.dll" id="ffe036ca-75ab-fcdf-1e18-011d501a9724">
      <Execution id="feef6c38-7f1c-489d-8fdb-6fae93a0110b" />
      <TestMethod codeBase="/home/runner/work/ArchLucid/ArchLucid/ArchLucid.ArtifactSynthesis.Tests/bin/Release/net10.0/ArchLucid.ArtifactSynthesis.Tests.dll" adapterTypeName="executor://xunit/VsTestRunner2/netcoreapp" className="ArchLucid.ArtifactSynthesis.Tests.ArtifactBundleValidatorTests" name="Validate_when_content_empty_throws" />
    </UnitTest>
    <UnitTest name="ArchLucid.ArtifactSynthesis.Tests.TerraformSnapshotTests.Advisory_placeholder_export_tf_passes_terraform_fmt_check_and_validate" storage="/home/runner/work/archlucid/archlucid/archlucid.artifactsynthesis.tests/bin/release/net10.0/archlucid.artifactsynthesis.tests.dll" id="9d8de2e3-d937-b58f-5ca9-ecd6b1f4144f">
      <Execution id="62701446-e8bc-4dc2-9f1c-23d818da1a5b" />
      <TestMethod codeBase="/home/runner/work/ArchLucid/ArchLucid/ArchLucid.ArtifactSynthesis.Tests/bin/Release/net10.0/ArchLucid.ArtifactSynthesis.Tests.dll" adapterTypeName="executor://xunit/VsTestRunner2/netcoreapp" className="ArchLucid.ArtifactSynthesis.Tests.TerraformSnapshotTests" name="Advisory_placeholder_export_tf_passes_terraform_fmt_check_and_validate" />
    </UnitTest>
    <UnitTest name="ArchLucid.ArtifactSynthesis.Tests.ArchitectureMarkdownSectionValidatorTests.GetMissingSectionHeaders_ignores_level_three_heading_with_same_title" storage="/home/runner/work/archlucid/archlucid/archlucid.artifactsynthesis.tests/bin/release/net10.0/archlucid.artifactsynthesis.tests.dll" id="b47af049-c65d-a9d9-47cd-f9d6a7c6cbe8">
      <Execution id="d7365d0f-9b71-402f-b51b-05d66afb9373" />
      <TestMethod codeBase="/home/runner/work/ArchLucid/ArchLucid/ArchLucid.ArtifactSynthesis.Tests/bin/Release/net10.0/ArchLucid.ArtifactSynthesis.Tests.dll" adapterTypeName="executor://xunit/VsTestRunner2/netcoreapp" className="ArchLucid.ArtifactSynthesis.Tests.ArchitectureMarkdownSectionValidatorTests" name="GetMissingSectionHeaders_ignores_level_three_heading_with_same_title" />
    </UnitTest>
    <UnitTest name="ArchLucid.ArtifactSynthesis.Tests.ArtifactContentTypeResolverTests.Resolve_maps_known_formats(format: &quot;json&quot;, expected: &quot;application/json&quot;)" storage="/home/runner/work/archlucid/archlucid/archlucid.artifactsynthesis.tests/bin/release/net10.0/archlucid.artifactsynthesis.tests.dll" id="07615c6d-e830-92ec-c655-f7b6625dfbd7">
      <Execution id="46a6efbb-17be-4dc2-8bfd-53c39aa9f969" />
      <TestMethod codeBase="/home/runner/work/ArchLucid/ArchLucid/ArchLucid.ArtifactSynthesis.Tests/bin/Release/net10.0/ArchLucid.ArtifactSynthesis.Tests.dll" adapterTypeName="executor://xunit/VsTestRunner2/netcoreapp" className="ArchLucid.ArtifactSynthesis.Tests.ArtifactContentTypeResolverTests" name="Resolve_maps_known_formats" />
    </UnitTest>
    <UnitTest name="ArchLucid.ArtifactSynthesis.Tests.TerraformAdvisoryDecommissionSnippetBuilderTests.BuildDecisionSection_includes_arch_lucid_advisory_header_and_hints" storage="/home/runner/work/archlucid/archlucid/archlucid.artifactsynthesis.tests/bin/release/net10.0/archlucid.artifactsynthesis.tests.dll" id="085c26dc-85e2-4c7f-c719-98b2019a5ecb">
      <Execution id="8e68b3ce-8da2-48d1-a165-313aaec68bb2" />
      <TestMethod codeBase="/home/runner/work/ArchLucid/ArchLucid/ArchLucid.ArtifactSynthesis.Tests/bin/Release/net10.0/ArchLucid.ArtifactSynthesis.Tests.dll" adapterTypeName="executor://xunit/VsTestRunner2/netcoreapp" className="ArchLucid.ArtifactSynthesis.Tests.TerraformAdvisoryDecommissionSnippetBuilderTests" name="BuildDecisionSection_includes_arch_lucid_advisory_header_and_hints" />
    </UnitTest>
    <UnitTest name="ArchLucid.ArtifactSynthesis.Tests.ArtifactPackagingServiceTests.BuildTerraformAdvisoryPlaceholderExport_writes_zip_with_disclaimer_and_stub" storage="/home/runner/work/archlucid/archlucid/archlucid.artifactsynthesis.tests/bin/release/net10.0/archlucid.artifactsynthesis.tests.dll" id="e8b10e9b-137f-83de-d79f-2ac99e76bc4f">
      <Execution id="9ee4748f-9d5d-4b3e-8825-bfbfdae0fb44" />
      <TestMethod codeBase="/home/runner/work/ArchLucid/ArchLucid/ArchLucid.ArtifactSynthesis.Tests/bin/Release/net10.0/ArchLucid.ArtifactSynthesis.Tests.dll" adapterTypeName="executor://xunit/VsTestRunner2/netcoreapp" className="ArchLucid.ArtifactSynthesis.Tests.ArtifactPackagingServiceTests" name="BuildTerraformAdvisoryPlaceholderExport_writes_zip_with_disclaimer_and_stub" />
    </UnitTest>
  </TestDefinitions>
  <TestEntries>
    <TestEntry testId="92e9f166-4163-1067-e331-63c3d26b61f7" executionId="b4563b83-f473-406f-b85a-b00ab7e338d1" testListId="8c84fa94-04c1-424b-9868-57a2d4851a1d" />
    <TestEntry testId="06429d0a-ad43-43f7-b4a1-a359f4c0788d" executionId="42460cd7-afdf-455d-94a6-bb144440b8f9" testListId="8c84fa94-04c1-424b-9868-57a2d4851a1d" />
    <TestEntry testId="041dacb2-9c82-d7d7-ce42-11c31da01130" executionId="a3a47774-3fff-4cfc-98f2-a790eeb13d56" testListId="8c84fa94-04c1-424b-9868-57a2d4851a1d" />
    <TestEntry testId="1be2d96d-8690-26bb-4f17-8b2b2b82492c" executionId="175ef2c3-b0dc-4e55-ae84-8a40816841ec" testListId="8c84fa94-04c1-424b-9868-57a2d4851a1d" />
    <TestEntry testId="ab7e86d9-f9b1-6930-d192-cd4869e11ab2" executionId="9d1cb920-7e9d-4169-902e-d56e7a1a9c96" testListId="8c84fa94-04c1-424b-9868-57a2d4851a1d" />
    <TestEntry testId="27c95eb5-2497-1196-1a17-f2ffe52c03ba" executionId="f28888e8-d043-4199-bae5-d26ba1951bd2" testListId="8c84fa94-04c1-424b-9868-57a2d4851a1d" />
    <TestEntry testId="ef64fcba-5414-6c98-35d6-ef0c7f1cf1f2" executionId="e62ccecd-2ada-4243-bcb4-75c1e2f7afb9" testListId="8c84fa94-04c1-424b-9868-57a2d4851a1d" />
    <TestEntry testId="6995d720-e9ed-c7e0-c25d-98c9452b01f6" executionId="f4505f5d-1f8e-4393-b14d-1332f3df7739" testListId="8c84fa94-04c1-424b-9868-57a2d4851a1d" />
    <TestEntry testId="07615c6d-e830-92ec-c655-f7b6625dfbd7" executionId="46a6efbb-17be-4dc2-8bfd-53c39aa9f969" testListId="8c84fa94-04c1-424b-9868-57a2d4851a1d" />
    <TestEntry testId="085c26dc-85e2-4c7f-c719-98b2019a5ecb" executionId="8e68b3ce-8da2-48d1-a165-313aaec68bb2" testListId="8c84fa94-04c1-424b-9868-57a2d4851a1d" />
    <TestEntry testId="fed19e96-e449-560d-f12c-a292e53aef8e" executionId="4901dc2a-9484-4cc8-ba25-2c7681a72db2" testListId="8c84fa94-04c1-424b-9868-57a2d4851a1d" />
    <TestEntry testId="34bfe42a-c7f7-a838-2dc7-8eaf99475e5e" executionId="7e623604-ed2f-42d1-8ab7-23cc848e4fcc" testListId="8c84fa94-04c1-424b-9868-57a2d4851a1d" />
    <TestEntry testId="b8d520da-90f1-6909-1809-ec5d8770ee53" executionId="7ef08659-b361-49df-8ded-69d690367a4f" testListId="8c84fa94-04c1-424b-9868-57a2d4851a1d" />
    <TestEntry testId="2cd3b8a0-9841-21e0-b8f2-2b97a82e5ec5" executionId="4044e7e3-7e86-42cd-b164-9ceca619d91a" testListId="8c84fa94-04c1-424b-9868-57a2d4851a1d" />
    <TestEntry testId="79e84671-7b63-7975-2448-26d43358c3ac" executionId="9533bd07-decc-4b55-aa99-c90e8f48a451" testListId="8c84fa94-04c1-424b-9868-57a2d4851a1d" />
    <TestEntry testId="34fc7100-e6d8-8d73-c0e0-4bb603c3f94b" executionId="09cd4fb5-6f6a-439d-adec-60922840ac4c" testListId="8c84fa94-04c1-424b-9868-57a2d4851a1d" />
    <TestEntry testId="33a1e50d-032d-ed8b-4928-b55eeb7fc644" executionId="83a52559-a52f-4945-bed5-bb423200aecc" testListId="8c84fa94-04c1-424b-9868-57a2d4851a1d" />
    <TestEntry testId="3d98e69e-7678-c415-078f-a9fc99c346b4" executionId="0e9a6008-2eaa-4035-86fa-79e88eda4e01" testListId="8c84fa94-04c1-424b-9868-57a2d4851a1d" />
    <TestEntry testId="8cf08bad-398d-4a2f-5bae-e07c2664aae9" executionId="45568c1f-f2b4-4597-b065-32adac15b25d" testListId="8c84fa94-04c1-424b-9868-57a2d4851a1d" />
    <TestEntry testId="0862010f-1fdc-7524-4044-2a8ec0ffb9f9" executionId="9ef061b9-2e9b-4d6e-8a65-4cd34413c36a" testListId="8c84fa94-04c1-424b-9868-57a2d4851a1d" />
    <TestEntry testId="032cc3ce-a430-85f4-0fec-7353261b7181" executionId="d48e63b2-0044-4395-ac16-f331c104b8fe" testListId="8c84fa94-04c1-424b-9868-57a2d4851a1d" />
    <TestEntry testId="84913bfc-ac57-c7d4-dab4-8d41bca766d6" executionId="7e7b435a-4d27-4ec3-8d03-236946b4ef8f" testListId="8c84fa94-04c1-424b-9868-57a2d4851a1d" />
    <TestEntry testId="3c611194-50b7-8311-2d65-8ab348945a3d" executionId="44b17eff-2e5d-4a84-b792-8256813ad2f9" testListId="8c84fa94-04c1-424b-9868-57a2d4851a1d" />
    <TestEntry testId="a7783b5a-b1e1-9de3-a6d0-d7e3ee8fee97" executionId="5545533e-21b5-457c-afc2-5c0b4b6d7844" testListId="8c84fa94-04c1-424b-9868-57a2d4851a1d" />
    <TestEntry testId="c1ab555f-ee60-d0c5-eb04-79277317a331" executionId="dd703baa-0f06-4105-9b57-11526589712c" testListId="8c84fa94-04c1-424b-9868-57a2d4851a1d" />
    <TestEntry testId="f98053a4-bd0f-f85c-a460-89878305a23c" executionId="8206288d-75ed-42bb-90d4-c5da7014312c" testListId="8c84fa94-04c1-424b-9868-57a2d4851a1d" />
    <TestEntry testId="7d61a876-ff74-80a1-feb9-932dafec03c3" executionId="010c64f5-d706-4c81-8e3f-a61c4d5d2b46" testListId="8c84fa94-04c1-424b-9868-57a2d4851a1d" />
    <TestEntry testId="3e8f1a18-1464-2947-773c-fa024fbb027a" executionId="c3135399-8c20-4ad6-8d00-ad54be1b85a9" testListId="8c84fa94-04c1-424b-9868-57a2d4851a1d" />
    <TestEntry testId="68ef3cc8-f7c9-aed1-9f4b-8b7be8a3607d" executionId="e53b88d1-ad8a-4075-a1b4-bf8d539c13e5" testListId="8c84fa94-04c1-424b-9868-57a2d4851a1d" />
    <TestEntry testId="85628ef3-a96e-7af6-5901-0577676dee68" executionId="09a21ebd-369a-495b-95f3-318ac7f95dd2" testListId="8c84fa94-04c1-424b-9868-57a2d4851a1d" />
    <TestEntry testId="b47af049-c65d-a9d9-47cd-f9d6a7c6cbe8" executionId="d7365d0f-9b71-402f-b51b-05d66afb9373" testListId="8c84fa94-04c1-424b-9868-57a2d4851a1d" />
    <TestEntry testId="e8b10e9b-137f-83de-d79f-2ac99e76bc4f" executionId="9ee4748f-9d5d-4b3e-8825-bfbfdae0fb44" testListId="8c84fa94-04c1-424b-9868-57a2d4851a1d" />
    <TestEntry testId="8de45158-855f-d144-77fc-2f21c8d15d02" executionId="e660f08b-6fd8-4d73-a185-a39e6a4b521e" testListId="8c84fa94-04c1-424b-9868-57a2d4851a1d" />
    <TestEntry testId="c8872140-f867-5895-e3e5-b5b8da49892b" executionId="b661eb90-574d-40a6-9860-68f9d1804d3b" testListId="8c84fa94-04c1-424b-9868-57a2d4851a1d" />
    <TestEntry testId="2b3150e0-1dd4-ac54-a1b9-d533e3e7c429" executionId="cb82d580-df70-47d9-9939-1fab4713a97b" testListId="8c84fa94-04c1-424b-9868-57a2d4851a1d" />
    <TestEntry testId="9d8de2e3-d937-b58f-5ca9-ecd6b1f4144f" executionId="62701446-e8bc-4dc2-9f1c-23d818da1a5b" testListId="8c84fa94-04c1-424b-9868-57a2d4851a1d" />
    <TestEntry testId="ffe036ca-75ab-fcdf-1e18-011d501a9724" executionId="feef6c38-7f1c-489d-8fdb-6fae93a0110b" testListId="8c84fa94-04c1-424b-9868-57a2d4851a1d" />
    <TestEntry testId="48cb9e5f-6f18-e45d-385a-587f42107684" executionId="bb660633-cb83-47da-889a-fdb77f150675" testListId="8c84fa94-04c1-424b-9868-57a2d4851a1d" />
    <TestEntry testId="d4fcf1fe-02ae-746a-f4ae-6ee1ee4b86d8" executionId="7c22c879-450b-4833-89d5-3d5389b9b87a" testListId="8c84fa94-04c1-424b-9868-57a2d4851a1d" />
  </TestEntries>
  <TestLists>
    <TestList name="Results Not in a List" id="8c84fa94-04c1-424b-9868-57a2d4851a1d" />
    <TestList name="All Loaded Results" id="19431567-8539-422a-85d7-44ee4e166bda" />
  </TestLists>
  <ResultSummary outcome="Completed">
    <Counters total="39" executed="37" passed="37" failed="0" error="0" timeout="0" aborted="0" inconclusive="0" passedButRunAborted="0" notRunnable="0" notExecuted="0" disconnected="0" warning="0" completed="0" inProgress="0" pending="0" />
    <Output>
      <StdOut>[xUnit.net 00:00:00.00] xUnit.net VSTest Adapter v2.8.2+699d445a1a (64-bit .NET 10.0.8)
[xUnit.net 00:00:00.07]   Discovering: ArchLucid.ArtifactSynthesis.Tests
[xUnit.net 00:00:00.13]   Discovered:  ArchLucid.ArtifactSynthesis.Tests
[xUnit.net 00:00:00.14]   Starting:    ArchLucid.ArtifactSynthesis.Tests
[xUnit.net 00:00:00.27]       Terraform CLI must be on PATH for this test (install Terraform and ensure it is discoverable via PATH).
[xUnit.net 00:00:00.27]       Terraform CLI must be on PATH for this test (install Terraform and ensure it is discoverable via PATH).
Test 'ArchLucid.ArtifactSynthesis.Tests.TerraformSnapshotTests.Advisory_placeholder_export_tf_passes_terraform_fmt_check_and_validate' was skipped in the test run.
Test 'ArchLucid.ArtifactSynthesis.Tests.TerraformSnapshotTests.Generated_terraform_snippet_validates_successfully' was skipped in the test run.
[xUnit.net 00:00:00.37]   Finished:    ArchLucid.ArtifactSynthesis.Tests
</StdOut>
    </Output>
    <RunInfos>
      <RunInfo computerName="runnervm3jyl0" outcome="Warning" timestamp="2026-05-30T10:57:36.6619738+00:00">
        <Text>[xUnit.net 00:00:00.27]     ArchLucid.ArtifactSynthesis.Tests.TerraformSnapshotTests.Advisory_placeholder_export_tf_passes_terraform_fmt_check_and_validate [SKIP]</Text>
      </RunInfo>
      <RunInfo computerName="runnervm3jyl0" outcome="Warning" timestamp="2026-05-30T10:57:36.6623245+00:00">
        <Text>[xUnit.net 00:00:00.27]     ArchLucid.ArtifactSynthesis.Tests.TerraformSnapshotTests.Generated_terraform_snippet_validates_successfully [SKIP]</Text>
      </RunInfo>
    </RunInfos>
    <CollectorDataEntries>
      <Collector agentName="runnervm3jyl0" uri="datacollector://microsoft/CoverletCodeCoverage/1.0" collectorDisplayName="XPlat code coverage">
        <UriAttachments>
          <UriAttachment>
            <A href="runnervm3jyl0/coverage.cobertura.xml"></A>
          </UriAttachment>
        </UriAttachments>
      </Collector>
    </CollectorDataEntries>
  </ResultSummary>
</TestRun>