<?xml version="1.0" encoding="utf-8"?>
<TestRun id="0b23305c-5ae3-4fbf-b16c-be3aa1a76407" name="@runnervm3jyl0 2026-05-30 05:44:57" xmlns="http://microsoft.com/schemas/VisualStudio/TeamTest/2010">
  <Times creation="2026-05-30T05:44:57.5330172+00:00" queuing="2026-05-30T05:44:57.5330173+00:00" start="2026-05-30T05:44:52.2465592+00:00" finish="2026-05-30T05:44:58.7567871+00:00" />
  <TestSettings name="default" id="e75a396b-8bb7-441a-991d-97f8ea1ba6dc">
    <Deployment runDeploymentRoot="_runnervm3jyl0_2026-05-30_05_44_57" />
  </TestSettings>
  <Results>
    <UnitTestResult executionId="d9dffa43-41f2-47c0-9012-20210ab41878" testId="0150907d-fb11-4ef4-a7c1-4b98104cd72b" testName="ArchLucid.Analyzers.Tests.MutatingControllerAuditAnalyzerTests.AL0003_is_absent_when_LogAsync_is_awaited" computerName="runnervm3jyl0" duration="00:00:00.0362585" startTime="2026-05-30T05:44:57.9995928+00:00" endTime="2026-05-30T05:44:57.9995928+00:00" testType="13cdc9d9-ddb5-4fa4-a97d-d965ccfc6d4b" outcome="Passed" testListId="8c84fa94-04c1-424b-9868-57a2d4851a1d" relativeResultsDirectory="d9dffa43-41f2-47c0-9012-20210ab41878" />
    <UnitTestResult executionId="505bfbeb-4d26-4b74-a9a9-af4841f4a124" testId="017de10f-5cb7-5ebc-fca0-09a1cd4c961f" testName="ArchLucid.Analyzers.Tests.NakedDateTimeAnalyzerTests.Reports_DateTime_UtcNow_in_inner_assembly" computerName="runnervm3jyl0" duration="00:00:02.9143600" startTime="2026-05-30T05:44:57.6112950+00:00" endTime="2026-05-30T05:44:57.6112951+00:00" testType="13cdc9d9-ddb5-4fa4-a97d-d965ccfc6d4b" outcome="Passed" testListId="8c84fa94-04c1-424b-9868-57a2d4851a1d" relativeResultsDirectory="505bfbeb-4d26-4b74-a9a9-af4841f4a124" />
    <UnitTestResult executionId="0cbe65a2-0881-4bb2-a478-9c25841e4a59" testId="3a1a7478-c919-e567-e89b-8a0bca5021c3" testName="ArchLucid.Analyzers.Tests.ForeachToLinqAnalyzerTests.CodeFix_replaces_projection_loop_with_Select_AddRange" computerName="runnervm3jyl0" duration="00:00:00.1284008" startTime="2026-05-30T05:44:57.9638294+00:00" endTime="2026-05-30T05:44:57.9638295+00:00" testType="13cdc9d9-ddb5-4fa4-a97d-d965ccfc6d4b" outcome="Passed" testListId="8c84fa94-04c1-424b-9868-57a2d4851a1d" relativeResultsDirectory="0cbe65a2-0881-4bb2-a478-9c25841e4a59" />
    <UnitTestResult executionId="ae2e402c-b466-43a1-8f26-6cebcbbb15da" testId="7defcc72-88b1-d81f-385d-b9d37de67f0b" testName="ArchLucid.Analyzers.Tests.ForeachToLinqAnalyzerTests.CodeFix_replaces_filtered_loop_with_Where_AddRange" computerName="runnervm3jyl0" duration="00:00:03.1296774" startTime="2026-05-30T05:44:57.8033625+00:00" endTime="2026-05-30T05:44:57.8033626+00:00" testType="13cdc9d9-ddb5-4fa4-a97d-d965ccfc6d4b" outcome="Passed" testListId="8c84fa94-04c1-424b-9868-57a2d4851a1d" relativeResultsDirectory="ae2e402c-b466-43a1-8f26-6cebcbbb15da" />
    <UnitTestResult executionId="b3fd07e8-40f8-4226-a8e0-74eb7e498880" testId="c95dd49b-5c53-7d1a-0c1e-9a793cc019f3" testName="ArchLucid.Analyzers.Tests.MutableStaticAnalyzerTests.Does_not_flag_static_readonly_field" computerName="runnervm3jyl0" duration="00:00:00.1238901" startTime="2026-05-30T05:44:57.6745179+00:00" endTime="2026-05-30T05:44:57.6745180+00:00" testType="13cdc9d9-ddb5-4fa4-a97d-d965ccfc6d4b" outcome="Passed" testListId="8c84fa94-04c1-424b-9868-57a2d4851a1d" relativeResultsDirectory="b3fd07e8-40f8-4226-a8e0-74eb7e498880" />
    <UnitTestResult executionId="c8cd1e0c-5de3-4b0e-8a9f-55c0dd8b9b5d" testId="ca6504f9-6243-836d-bbc2-23fe30f02491" testName="ArchLucid.Analyzers.Tests.MutatingControllerAuditAnalyzerTests.Http_Get_actions_do_not_require_audit" computerName="runnervm3jyl0" duration="00:00:00.0244999" startTime="2026-05-30T05:44:57.9628754+00:00" endTime="2026-05-30T05:44:57.9628755+00:00" testType="13cdc9d9-ddb5-4fa4-a97d-d965ccfc6d4b" outcome="Passed" testListId="8c84fa94-04c1-424b-9868-57a2d4851a1d" relativeResultsDirectory="c8cd1e0c-5de3-4b0e-8a9f-55c0dd8b9b5d" />
    <UnitTestResult executionId="e297af3a-7c4b-4a4c-9247-fd4d6393bb68" testId="7a58b775-bf37-0bb5-1fdb-11d4f511c0e8" testName="ArchLucid.Analyzers.Tests.NakedDateTimeAnalyzerTests.Does_not_report_TimeProvider_or_IClock_usage" computerName="runnervm3jyl0" duration="00:00:00.0911238" startTime="2026-05-30T05:44:57.7357670+00:00" endTime="2026-05-30T05:44:57.7357671+00:00" testType="13cdc9d9-ddb5-4fa4-a97d-d965ccfc6d4b" outcome="Passed" testListId="8c84fa94-04c1-424b-9868-57a2d4851a1d" relativeResultsDirectory="e297af3a-7c4b-4a4c-9247-fd4d6393bb68" />
    <UnitTestResult executionId="f84559ba-f57a-438e-be03-daa96469ecbc" testId="0177a049-cc6d-409a-c88c-a6d76259d202" testName="ArchLucid.Analyzers.Tests.TenantIdentityBoundaryAnalyzerTests.Reports_IHttpContextAccessor_in_inner_layer_assembly" computerName="runnervm3jyl0" duration="00:00:00.0250572" startTime="2026-05-30T05:44:58.1780868+00:00" endTime="2026-05-30T05:44:58.1780869+00:00" testType="13cdc9d9-ddb5-4fa4-a97d-d965ccfc6d4b" outcome="Passed" testListId="8c84fa94-04c1-424b-9868-57a2d4851a1d" relativeResultsDirectory="f84559ba-f57a-438e-be03-daa96469ecbc" />
    <UnitTestResult executionId="6b8bd3ca-2b55-4a5e-9363-4b5a54986236" testId="71836061-b337-31f1-fd70-6a0d31f99946" testName="ArchLucid.Analyzers.Tests.RequireAuthorizationAnalyzerTests.Does_not_report_when_controller_has_Authorize" computerName="runnervm3jyl0" duration="00:00:00.0427496" startTime="2026-05-30T05:44:57.7310006+00:00" endTime="2026-05-30T05:44:57.7310018+00:00" testType="13cdc9d9-ddb5-4fa4-a97d-d965ccfc6d4b" outcome="Passed" testListId="8c84fa94-04c1-424b-9868-57a2d4851a1d" relativeResultsDirectory="6b8bd3ca-2b55-4a5e-9363-4b5a54986236" />
    <UnitTestResult executionId="efb1d875-b6ef-4d1b-b736-10e72e0e1e74" testId="afdce994-1bad-48d2-1c66-5f246c7e589d" testName="ArchLucid.Analyzers.Tests.NakedDateTimeAnalyzerTests.Does_not_report_in_host_allow_listed_assembly" computerName="runnervm3jyl0" duration="00:00:00.0295101" startTime="2026-05-30T05:44:57.6428574+00:00" endTime="2026-05-30T05:44:57.6428575+00:00" testType="13cdc9d9-ddb5-4fa4-a97d-d965ccfc6d4b" outcome="Passed" testListId="8c84fa94-04c1-424b-9868-57a2d4851a1d" relativeResultsDirectory="efb1d875-b6ef-4d1b-b736-10e72e0e1e74" />
    <UnitTestResult executionId="e243e99e-a214-4ee3-b9b8-9b58b05f4272" testId="38f9425e-3073-f6b6-deac-b3708c1eed90" testName="ArchLucid.Analyzers.Tests.RequireAuthorizationAnalyzerTests.Reports_public_action_without_authorization_when_controller_has_none" computerName="runnervm3jyl0" duration="00:00:00.4526407" startTime="2026-05-30T05:44:57.5631152+00:00" endTime="2026-05-30T05:44:57.5631153+00:00" testType="13cdc9d9-ddb5-4fa4-a97d-d965ccfc6d4b" outcome="Passed" testListId="8c84fa94-04c1-424b-9868-57a2d4851a1d" relativeResultsDirectory="e243e99e-a214-4ee3-b9b8-9b58b05f4272" />
    <UnitTestResult executionId="24f21a80-11ec-4d30-a259-20ac50d9dd1f" testId="bee68e5b-7ed3-9722-7eeb-586008617a67" testName="ArchLucid.Analyzers.Tests.MissingCancellationTokenAnalyzerTests.Does_not_report_when_CancellationToken_is_present" computerName="runnervm3jyl0" duration="00:00:00.0365174" startTime="2026-05-30T05:44:57.0881241+00:00" endTime="2026-05-30T05:44:57.0881242+00:00" testType="13cdc9d9-ddb5-4fa4-a97d-d965ccfc6d4b" outcome="Passed" testListId="8c84fa94-04c1-424b-9868-57a2d4851a1d" relativeResultsDirectory="24f21a80-11ec-4d30-a259-20ac50d9dd1f" />
    <UnitTestResult executionId="1e6286b6-5e64-4ed3-91b1-c05b0f315d2b" testId="1b87f105-657d-deb2-0f82-7b96a213af50" testName="ArchLucid.Analyzers.Tests.DirectHttpClientConstructionAnalyzerTests.Reports_new_HttpClient_in_product_assembly" computerName="runnervm3jyl0" duration="00:00:02.1931026" startTime="2026-05-30T05:44:57.0494329+00:00" endTime="2026-05-30T05:44:57.0494577+00:00" testType="13cdc9d9-ddb5-4fa4-a97d-d965ccfc6d4b" outcome="Passed" testListId="8c84fa94-04c1-424b-9868-57a2d4851a1d" relativeResultsDirectory="1e6286b6-5e64-4ed3-91b1-c05b0f315d2b" />
    <UnitTestResult executionId="0481302d-39da-4002-9737-935692ecd830" testId="0206e6eb-9b76-59b0-5a69-5995ac26b2be" testName="ArchLucid.Analyzers.Tests.MissingCancellationTokenAnalyzerTests.Reports_IFooService_Task_method_without_CancellationToken" computerName="runnervm3jyl0" duration="00:00:02.3729280" startTime="2026-05-30T05:44:57.0651855+00:00" endTime="2026-05-30T05:44:57.0651855+00:00" testType="13cdc9d9-ddb5-4fa4-a97d-d965ccfc6d4b" outcome="Passed" testListId="8c84fa94-04c1-424b-9868-57a2d4851a1d" relativeResultsDirectory="0481302d-39da-4002-9737-935692ecd830" />
    <UnitTestResult executionId="01e5513a-048c-4ae5-9729-091032067ecc" testId="0a01f1d0-1855-e6c9-6d5c-533aa0a2c645" testName="ArchLucid.Analyzers.Tests.MutatingControllerAuditAnalyzerTests.Mutating_audit_excluded_attribute_suppresses_AL0003" computerName="runnervm3jyl0" duration="00:00:00.0348462" startTime="2026-05-30T05:44:57.9406558+00:00" endTime="2026-05-30T05:44:57.9406558+00:00" testType="13cdc9d9-ddb5-4fa4-a97d-d965ccfc6d4b" outcome="Passed" testListId="8c84fa94-04c1-424b-9868-57a2d4851a1d" relativeResultsDirectory="01e5513a-048c-4ae5-9729-091032067ecc" />
    <UnitTestResult executionId="95684f2b-185d-4a86-a166-c23c4a910105" testId="c4e60db8-aa0d-0481-e454-dcec04bc28ec" testName="ArchLucid.Analyzers.Tests.DirectHttpClientConstructionAnalyzerTests.Does_not_flag_IHttpClientFactory_CreateClient" computerName="runnervm3jyl0" duration="00:00:00.0484284" startTime="2026-05-30T05:44:57.1016330+00:00" endTime="2026-05-30T05:44:57.1016331+00:00" testType="13cdc9d9-ddb5-4fa4-a97d-d965ccfc6d4b" outcome="Passed" testListId="8c84fa94-04c1-424b-9868-57a2d4851a1d" relativeResultsDirectory="95684f2b-185d-4a86-a166-c23c4a910105" />
    <UnitTestResult executionId="3999ae90-163e-4da2-91d8-a2a91d298681" testId="bb6565d3-3e29-c4a0-7a33-1cdf141bd475" testName="ArchLucid.Analyzers.Tests.MutatingControllerAuditAnalyzerTests.Allowlist_additional_text_suppresses_AL0003" computerName="runnervm3jyl0" duration="00:00:00.1724770" startTime="2026-05-30T05:44:57.8977363+00:00" endTime="2026-05-30T05:44:57.8977364+00:00" testType="13cdc9d9-ddb5-4fa4-a97d-d965ccfc6d4b" outcome="Passed" testListId="8c84fa94-04c1-424b-9868-57a2d4851a1d" relativeResultsDirectory="3999ae90-163e-4da2-91d8-a2a91d298681" />
    <UnitTestResult executionId="aa61f60a-ab58-4213-a09f-82751a7f0be1" testId="5263105c-2a6f-96aa-c941-7662dc0eaabe" testName="ArchLucid.Analyzers.Tests.TenantIdentityBoundaryAnalyzerTests.Reports_ClaimsPrincipal_in_inner_layer_assembly" computerName="runnervm3jyl0" duration="00:00:00.0291865" startTime="2026-05-30T05:44:58.2077791+00:00" endTime="2026-05-30T05:44:58.2077792+00:00" testType="13cdc9d9-ddb5-4fa4-a97d-d965ccfc6d4b" outcome="Passed" testListId="8c84fa94-04c1-424b-9868-57a2d4851a1d" relativeResultsDirectory="aa61f60a-ab58-4213-a09f-82751a7f0be1" />
    <UnitTestResult executionId="b395de90-7e1a-4117-a4bb-6c9713e8e2bc" testId="ab3db8a6-3c1a-e6e0-4cf2-99e706507ee1" testName="ArchLucid.Analyzers.Tests.MutableStaticAnalyzerTests.Does_not_flag_in_non_Application_assembly" computerName="runnervm3jyl0" duration="00:00:00.0128821" startTime="2026-05-30T05:44:57.6919726+00:00" endTime="2026-05-30T05:44:57.6919726+00:00" testType="13cdc9d9-ddb5-4fa4-a97d-d965ccfc6d4b" outcome="Passed" testListId="8c84fa94-04c1-424b-9868-57a2d4851a1d" relativeResultsDirectory="b395de90-7e1a-4117-a4bb-6c9713e8e2bc" />
    <UnitTestResult executionId="4ad57463-a782-4470-b8f7-49c29fef623d" testId="e3af9e51-4966-f042-7fd9-05b5684d642b" testName="ArchLucid.Analyzers.Tests.MissingCancellationTokenAnalyzerTests.Does_not_report_when_suppressed_with_ARCH003" computerName="runnervm3jyl0" duration="00:00:00.3970146" startTime="2026-05-30T05:44:57.5292195+00:00" endTime="2026-05-30T05:44:57.5292196+00:00" testType="13cdc9d9-ddb5-4fa4-a97d-d965ccfc6d4b" outcome="Passed" testListId="8c84fa94-04c1-424b-9868-57a2d4851a1d" relativeResultsDirectory="4ad57463-a782-4470-b8f7-49c29fef623d" />
    <UnitTestResult executionId="4b96f5cb-2330-4064-999d-902eb3359cfd" testId="e8a22e2c-0ea0-3b52-6ae7-66002807153c" testName="ArchLucid.Analyzers.Tests.MutatingControllerAuditAnalyzerTests.AL0003_reports_when_HttpPost_action_lacks_IAudit_LogAsync" computerName="runnervm3jyl0" duration="00:00:00.0534363" startTime="2026-05-30T05:44:58.0556707+00:00" endTime="2026-05-30T05:44:58.0556708+00:00" testType="13cdc9d9-ddb5-4fa4-a97d-d965ccfc6d4b" outcome="Passed" testListId="8c84fa94-04c1-424b-9868-57a2d4851a1d" relativeResultsDirectory="4b96f5cb-2330-4064-999d-902eb3359cfd" />
    <UnitTestResult executionId="62bbeb67-f281-496f-87c9-416e457458a8" testId="f22ab46c-f3ee-aa55-b8d7-d783e7b4c436" testName="ArchLucid.Analyzers.Tests.ForeachToLinqAnalyzerTests.Does_not_emit_for_test_named_assembly_without_transform" computerName="runnervm3jyl0" duration="00:00:00.0293229" startTime="2026-05-30T05:44:57.8350350+00:00" endTime="2026-05-30T05:44:57.8350352+00:00" testType="13cdc9d9-ddb5-4fa4-a97d-d965ccfc6d4b" outcome="Passed" testListId="8c84fa94-04c1-424b-9868-57a2d4851a1d" relativeResultsDirectory="62bbeb67-f281-496f-87c9-416e457458a8" />
    <UnitTestResult executionId="85943c5a-5bf8-4096-9426-b7f5d55e1f0a" testId="ae5b0ad7-6fd2-67e9-8fdb-2e05d69ddcc5" testName="ArchLucid.Analyzers.Tests.RequireAuthorizationAnalyzerTests.Does_not_report_when_base_type_has_Authorize" computerName="runnervm3jyl0" duration="00:00:00.0206807" startTime="2026-05-30T05:44:57.7524393+00:00" endTime="2026-05-30T05:44:57.7524394+00:00" testType="13cdc9d9-ddb5-4fa4-a97d-d965ccfc6d4b" outcome="Passed" testListId="8c84fa94-04c1-424b-9868-57a2d4851a1d" relativeResultsDirectory="85943c5a-5bf8-4096-9426-b7f5d55e1f0a" />
    <UnitTestResult executionId="79111dcc-376d-4c9b-9d56-a6ba0257b52f" testId="d89eaab2-e809-2fa4-718f-0746f15a05d3" testName="ArchLucid.Analyzers.Tests.MutableStaticAnalyzerTests.Flags_non_readonly_static_field_in_Application" computerName="runnervm3jyl0" duration="00:00:00.0324266" startTime="2026-05-30T05:44:57.7236677+00:00" endTime="2026-05-30T05:44:57.7236678+00:00" testType="13cdc9d9-ddb5-4fa4-a97d-d965ccfc6d4b" outcome="Passed" testListId="8c84fa94-04c1-424b-9868-57a2d4851a1d" relativeResultsDirectory="79111dcc-376d-4c9b-9d56-a6ba0257b52f" />
    <UnitTestResult executionId="b7498d1a-e087-460e-8c13-789e0eec286b" testId="1e4ad11b-06c5-6fe2-4f7e-a24df5b5f759" testName="ArchLucid.Analyzers.Tests.MissingCancellationTokenAnalyzerTests.Does_not_report_non_interface_classes" computerName="runnervm3jyl0" duration="00:00:00.0401312" startTime="2026-05-30T05:44:57.1316766+00:00" endTime="2026-05-30T05:44:57.1316767+00:00" testType="13cdc9d9-ddb5-4fa4-a97d-d965ccfc6d4b" outcome="Passed" testListId="8c84fa94-04c1-424b-9868-57a2d4851a1d" relativeResultsDirectory="b7498d1a-e087-460e-8c13-789e0eec286b" />
    <UnitTestResult executionId="15cb5711-a577-4ca5-b6b4-fbe307134699" testId="617f3262-c2c6-4cb7-8b84-86d816055281" testName="ArchLucid.Analyzers.Tests.RequireAuthorizationAnalyzerTests.Reports_controller_when_there_are_no_public_actions" computerName="runnervm3jyl0" duration="00:00:00.0413369" startTime="2026-05-30T05:44:57.6864030+00:00" endTime="2026-05-30T05:44:57.6864032+00:00" testType="13cdc9d9-ddb5-4fa4-a97d-d965ccfc6d4b" outcome="Passed" testListId="8c84fa94-04c1-424b-9868-57a2d4851a1d" relativeResultsDirectory="15cb5711-a577-4ca5-b6b4-fbe307134699" />
    <UnitTestResult executionId="321a0411-0d6e-44a2-992d-78ca1ef8bcf5" testId="0fcd07fe-efad-1db2-d7b2-a54ecac08f25" testName="ArchLucid.Analyzers.Tests.TenantIdentityBoundaryAnalyzerTests.Does_not_report_when_assembly_is_api_boundary" computerName="runnervm3jyl0" duration="00:00:00.4157070" startTime="2026-05-30T05:44:58.1525429+00:00" endTime="2026-05-30T05:44:58.1525430+00:00" testType="13cdc9d9-ddb5-4fa4-a97d-d965ccfc6d4b" outcome="Passed" testListId="8c84fa94-04c1-424b-9868-57a2d4851a1d" relativeResultsDirectory="321a0411-0d6e-44a2-992d-78ca1ef8bcf5" />
    <UnitTestResult executionId="8453c91c-8c68-4e14-8ddb-177758e8dd51" testId="b9c82799-b93f-bfea-3f4d-73dc8555c1b9" testName="ArchLucid.Analyzers.Tests.RequireAuthorizationAnalyzerTests.Reports_only_action_missing_authorization_when_another_action_is_Authorized" computerName="runnervm3jyl0" duration="00:00:00.0770562" startTime="2026-05-30T05:44:57.6466220+00:00" endTime="2026-05-30T05:44:57.6466220+00:00" testType="13cdc9d9-ddb5-4fa4-a97d-d965ccfc6d4b" outcome="Passed" testListId="8c84fa94-04c1-424b-9868-57a2d4851a1d" relativeResultsDirectory="8453c91c-8c68-4e14-8ddb-177758e8dd51" />
  </Results>
  <TestDefinitions>
    <UnitTest name="ArchLucid.Analyzers.Tests.MutatingControllerAuditAnalyzerTests.Mutating_audit_excluded_attribute_suppresses_AL0003" storage="/home/runner/work/archlucid/archlucid/archlucid.analyzers.tests/bin/release/net10.0/archlucid.analyzers.tests.dll" id="0a01f1d0-1855-e6c9-6d5c-533aa0a2c645">
      <Execution id="01e5513a-048c-4ae5-9729-091032067ecc" />
      <TestMethod codeBase="/home/runner/work/ArchLucid/ArchLucid/ArchLucid.Analyzers.Tests/bin/Release/net10.0/ArchLucid.Analyzers.Tests.dll" adapterTypeName="executor://xunit/VsTestRunner2/netcoreapp" className="ArchLucid.Analyzers.Tests.MutatingControllerAuditAnalyzerTests" name="Mutating_audit_excluded_attribute_suppresses_AL0003" />
    </UnitTest>
    <UnitTest name="ArchLucid.Analyzers.Tests.ForeachToLinqAnalyzerTests.CodeFix_replaces_filtered_loop_with_Where_AddRange" storage="/home/runner/work/archlucid/archlucid/archlucid.analyzers.tests/bin/release/net10.0/archlucid.analyzers.tests.dll" id="7defcc72-88b1-d81f-385d-b9d37de67f0b">
      <Execution id="ae2e402c-b466-43a1-8f26-6cebcbbb15da" />
      <TestMethod codeBase="/home/runner/work/ArchLucid/ArchLucid/ArchLucid.Analyzers.Tests/bin/Release/net10.0/ArchLucid.Analyzers.Tests.dll" adapterTypeName="executor://xunit/VsTestRunner2/netcoreapp" className="ArchLucid.Analyzers.Tests.ForeachToLinqAnalyzerTests" name="CodeFix_replaces_filtered_loop_with_Where_AddRange" />
    </UnitTest>
    <UnitTest name="ArchLucid.Analyzers.Tests.RequireAuthorizationAnalyzerTests.Does_not_report_when_base_type_has_Authorize" storage="/home/runner/work/archlucid/archlucid/archlucid.analyzers.tests/bin/release/net10.0/archlucid.analyzers.tests.dll" id="ae5b0ad7-6fd2-67e9-8fdb-2e05d69ddcc5">
      <Execution id="85943c5a-5bf8-4096-9426-b7f5d55e1f0a" />
      <TestMethod codeBase="/home/runner/work/ArchLucid/ArchLucid/ArchLucid.Analyzers.Tests/bin/Release/net10.0/ArchLucid.Analyzers.Tests.dll" adapterTypeName="executor://xunit/VsTestRunner2/netcoreapp" className="ArchLucid.Analyzers.Tests.RequireAuthorizationAnalyzerTests" name="Does_not_report_when_base_type_has_Authorize" />
    </UnitTest>
    <UnitTest name="ArchLucid.Analyzers.Tests.ForeachToLinqAnalyzerTests.CodeFix_replaces_projection_loop_with_Select_AddRange" storage="/home/runner/work/archlucid/archlucid/archlucid.analyzers.tests/bin/release/net10.0/archlucid.analyzers.tests.dll" id="3a1a7478-c919-e567-e89b-8a0bca5021c3">
      <Execution id="0cbe65a2-0881-4bb2-a478-9c25841e4a59" />
      <TestMethod codeBase="/home/runner/work/ArchLucid/ArchLucid/ArchLucid.Analyzers.Tests/bin/Release/net10.0/ArchLucid.Analyzers.Tests.dll" adapterTypeName="executor://xunit/VsTestRunner2/netcoreapp" className="ArchLucid.Analyzers.Tests.ForeachToLinqAnalyzerTests" name="CodeFix_replaces_projection_loop_with_Select_AddRange" />
    </UnitTest>
    <UnitTest name="ArchLucid.Analyzers.Tests.MissingCancellationTokenAnalyzerTests.Does_not_report_non_interface_classes" storage="/home/runner/work/archlucid/archlucid/archlucid.analyzers.tests/bin/release/net10.0/archlucid.analyzers.tests.dll" id="1e4ad11b-06c5-6fe2-4f7e-a24df5b5f759">
      <Execution id="b7498d1a-e087-460e-8c13-789e0eec286b" />
      <TestMethod codeBase="/home/runner/work/ArchLucid/ArchLucid/ArchLucid.Analyzers.Tests/bin/Release/net10.0/ArchLucid.Analyzers.Tests.dll" adapterTypeName="executor://xunit/VsTestRunner2/netcoreapp" className="ArchLucid.Analyzers.Tests.MissingCancellationTokenAnalyzerTests" name="Does_not_report_non_interface_classes" />
    </UnitTest>
    <UnitTest name="ArchLucid.Analyzers.Tests.MutatingControllerAuditAnalyzerTests.Http_Get_actions_do_not_require_audit" storage="/home/runner/work/archlucid/archlucid/archlucid.analyzers.tests/bin/release/net10.0/archlucid.analyzers.tests.dll" id="ca6504f9-6243-836d-bbc2-23fe30f02491">
      <Execution id="c8cd1e0c-5de3-4b0e-8a9f-55c0dd8b9b5d" />
      <TestMethod codeBase="/home/runner/work/ArchLucid/ArchLucid/ArchLucid.Analyzers.Tests/bin/Release/net10.0/ArchLucid.Analyzers.Tests.dll" adapterTypeName="executor://xunit/VsTestRunner2/netcoreapp" className="ArchLucid.Analyzers.Tests.MutatingControllerAuditAnalyzerTests" name="Http_Get_actions_do_not_require_audit" />
    </UnitTest>
    <UnitTest name="ArchLucid.Analyzers.Tests.MutableStaticAnalyzerTests.Does_not_flag_in_non_Application_assembly" storage="/home/runner/work/archlucid/archlucid/archlucid.analyzers.tests/bin/release/net10.0/archlucid.analyzers.tests.dll" id="ab3db8a6-3c1a-e6e0-4cf2-99e706507ee1">
      <Execution id="b395de90-7e1a-4117-a4bb-6c9713e8e2bc" />
      <TestMethod codeBase="/home/runner/work/ArchLucid/ArchLucid/ArchLucid.Analyzers.Tests/bin/Release/net10.0/ArchLucid.Analyzers.Tests.dll" adapterTypeName="executor://xunit/VsTestRunner2/netcoreapp" className="ArchLucid.Analyzers.Tests.MutableStaticAnalyzerTests" name="Does_not_flag_in_non_Application_assembly" />
    </UnitTest>
    <UnitTest name="ArchLucid.Analyzers.Tests.NakedDateTimeAnalyzerTests.Does_not_report_in_host_allow_listed_assembly" storage="/home/runner/work/archlucid/archlucid/archlucid.analyzers.tests/bin/release/net10.0/archlucid.analyzers.tests.dll" id="afdce994-1bad-48d2-1c66-5f246c7e589d">
      <Execution id="efb1d875-b6ef-4d1b-b736-10e72e0e1e74" />
      <TestMethod codeBase="/home/runner/work/ArchLucid/ArchLucid/ArchLucid.Analyzers.Tests/bin/Release/net10.0/ArchLucid.Analyzers.Tests.dll" adapterTypeName="executor://xunit/VsTestRunner2/netcoreapp" className="ArchLucid.Analyzers.Tests.NakedDateTimeAnalyzerTests" name="Does_not_report_in_host_allow_listed_assembly" />
    </UnitTest>
    <UnitTest name="ArchLucid.Analyzers.Tests.TenantIdentityBoundaryAnalyzerTests.Reports_IHttpContextAccessor_in_inner_layer_assembly" storage="/home/runner/work/archlucid/archlucid/archlucid.analyzers.tests/bin/release/net10.0/archlucid.analyzers.tests.dll" id="0177a049-cc6d-409a-c88c-a6d76259d202">
      <Execution id="f84559ba-f57a-438e-be03-daa96469ecbc" />
      <TestMethod codeBase="/home/runner/work/ArchLucid/ArchLucid/ArchLucid.Analyzers.Tests/bin/Release/net10.0/ArchLucid.Analyzers.Tests.dll" adapterTypeName="executor://xunit/VsTestRunner2/netcoreapp" className="ArchLucid.Analyzers.Tests.TenantIdentityBoundaryAnalyzerTests" name="Reports_IHttpContextAccessor_in_inner_layer_assembly" />
    </UnitTest>
    <UnitTest name="ArchLucid.Analyzers.Tests.MutableStaticAnalyzerTests.Does_not_flag_static_readonly_field" storage="/home/runner/work/archlucid/archlucid/archlucid.analyzers.tests/bin/release/net10.0/archlucid.analyzers.tests.dll" id="c95dd49b-5c53-7d1a-0c1e-9a793cc019f3">
      <Execution id="b3fd07e8-40f8-4226-a8e0-74eb7e498880" />
      <TestMethod codeBase="/home/runner/work/ArchLucid/ArchLucid/ArchLucid.Analyzers.Tests/bin/Release/net10.0/ArchLucid.Analyzers.Tests.dll" adapterTypeName="executor://xunit/VsTestRunner2/netcoreapp" className="ArchLucid.Analyzers.Tests.MutableStaticAnalyzerTests" name="Does_not_flag_static_readonly_field" />
    </UnitTest>
    <UnitTest name="ArchLucid.Analyzers.Tests.MutatingControllerAuditAnalyzerTests.AL0003_reports_when_HttpPost_action_lacks_IAudit_LogAsync" storage="/home/runner/work/archlucid/archlucid/archlucid.analyzers.tests/bin/release/net10.0/archlucid.analyzers.tests.dll" id="e8a22e2c-0ea0-3b52-6ae7-66002807153c">
      <Execution id="4b96f5cb-2330-4064-999d-902eb3359cfd" />
      <TestMethod codeBase="/home/runner/work/ArchLucid/ArchLucid/ArchLucid.Analyzers.Tests/bin/Release/net10.0/ArchLucid.Analyzers.Tests.dll" adapterTypeName="executor://xunit/VsTestRunner2/netcoreapp" className="ArchLucid.Analyzers.Tests.MutatingControllerAuditAnalyzerTests" name="AL0003_reports_when_HttpPost_action_lacks_IAudit_LogAsync" />
    </UnitTest>
    <UnitTest name="ArchLucid.Analyzers.Tests.NakedDateTimeAnalyzerTests.Reports_DateTime_UtcNow_in_inner_assembly" storage="/home/runner/work/archlucid/archlucid/archlucid.analyzers.tests/bin/release/net10.0/archlucid.analyzers.tests.dll" id="017de10f-5cb7-5ebc-fca0-09a1cd4c961f">
      <Execution id="505bfbeb-4d26-4b74-a9a9-af4841f4a124" />
      <TestMethod codeBase="/home/runner/work/ArchLucid/ArchLucid/ArchLucid.Analyzers.Tests/bin/Release/net10.0/ArchLucid.Analyzers.Tests.dll" adapterTypeName="executor://xunit/VsTestRunner2/netcoreapp" className="ArchLucid.Analyzers.Tests.NakedDateTimeAnalyzerTests" name="Reports_DateTime_UtcNow_in_inner_assembly" />
    </UnitTest>
    <UnitTest name="ArchLucid.Analyzers.Tests.RequireAuthorizationAnalyzerTests.Does_not_report_when_controller_has_Authorize" storage="/home/runner/work/archlucid/archlucid/archlucid.analyzers.tests/bin/release/net10.0/archlucid.analyzers.tests.dll" id="71836061-b337-31f1-fd70-6a0d31f99946">
      <Execution id="6b8bd3ca-2b55-4a5e-9363-4b5a54986236" />
      <TestMethod codeBase="/home/runner/work/ArchLucid/ArchLucid/ArchLucid.Analyzers.Tests/bin/Release/net10.0/ArchLucid.Analyzers.Tests.dll" adapterTypeName="executor://xunit/VsTestRunner2/netcoreapp" className="ArchLucid.Analyzers.Tests.RequireAuthorizationAnalyzerTests" name="Does_not_report_when_controller_has_Authorize" />
    </UnitTest>
    <UnitTest name="ArchLucid.Analyzers.Tests.MissingCancellationTokenAnalyzerTests.Reports_IFooService_Task_method_without_CancellationToken" storage="/home/runner/work/archlucid/archlucid/archlucid.analyzers.tests/bin/release/net10.0/archlucid.analyzers.tests.dll" id="0206e6eb-9b76-59b0-5a69-5995ac26b2be">
      <Execution id="0481302d-39da-4002-9737-935692ecd830" />
      <TestMethod codeBase="/home/runner/work/ArchLucid/ArchLucid/ArchLucid.Analyzers.Tests/bin/Release/net10.0/ArchLucid.Analyzers.Tests.dll" adapterTypeName="executor://xunit/VsTestRunner2/netcoreapp" className="ArchLucid.Analyzers.Tests.MissingCancellationTokenAnalyzerTests" name="Reports_IFooService_Task_method_without_CancellationToken" />
    </UnitTest>
    <UnitTest name="ArchLucid.Analyzers.Tests.MutatingControllerAuditAnalyzerTests.AL0003_is_absent_when_LogAsync_is_awaited" storage="/home/runner/work/archlucid/archlucid/archlucid.analyzers.tests/bin/release/net10.0/archlucid.analyzers.tests.dll" id="0150907d-fb11-4ef4-a7c1-4b98104cd72b">
      <Execution id="d9dffa43-41f2-47c0-9012-20210ab41878" />
      <TestMethod codeBase="/home/runner/work/ArchLucid/ArchLucid/ArchLucid.Analyzers.Tests/bin/Release/net10.0/ArchLucid.Analyzers.Tests.dll" adapterTypeName="executor://xunit/VsTestRunner2/netcoreapp" className="ArchLucid.Analyzers.Tests.MutatingControllerAuditAnalyzerTests" name="AL0003_is_absent_when_LogAsync_is_awaited" />
    </UnitTest>
    <UnitTest name="ArchLucid.Analyzers.Tests.ForeachToLinqAnalyzerTests.Does_not_emit_for_test_named_assembly_without_transform" storage="/home/runner/work/archlucid/archlucid/archlucid.analyzers.tests/bin/release/net10.0/archlucid.analyzers.tests.dll" id="f22ab46c-f3ee-aa55-b8d7-d783e7b4c436">
      <Execution id="62bbeb67-f281-496f-87c9-416e457458a8" />
      <TestMethod codeBase="/home/runner/work/ArchLucid/ArchLucid/ArchLucid.Analyzers.Tests/bin/Release/net10.0/ArchLucid.Analyzers.Tests.dll" adapterTypeName="executor://xunit/VsTestRunner2/netcoreapp" className="ArchLucid.Analyzers.Tests.ForeachToLinqAnalyzerTests" name="Does_not_emit_for_test_named_assembly_without_transform" />
    </UnitTest>
    <UnitTest name="ArchLucid.Analyzers.Tests.MutableStaticAnalyzerTests.Flags_non_readonly_static_field_in_Application" storage="/home/runner/work/archlucid/archlucid/archlucid.analyzers.tests/bin/release/net10.0/archlucid.analyzers.tests.dll" id="d89eaab2-e809-2fa4-718f-0746f15a05d3">
      <Execution id="79111dcc-376d-4c9b-9d56-a6ba0257b52f" />
      <TestMethod codeBase="/home/runner/work/ArchLucid/ArchLucid/ArchLucid.Analyzers.Tests/bin/Release/net10.0/ArchLucid.Analyzers.Tests.dll" adapterTypeName="executor://xunit/VsTestRunner2/netcoreapp" className="ArchLucid.Analyzers.Tests.MutableStaticAnalyzerTests" name="Flags_non_readonly_static_field_in_Application" />
    </UnitTest>
    <UnitTest name="ArchLucid.Analyzers.Tests.MissingCancellationTokenAnalyzerTests.Does_not_report_when_CancellationToken_is_present" storage="/home/runner/work/archlucid/archlucid/archlucid.analyzers.tests/bin/release/net10.0/archlucid.analyzers.tests.dll" id="bee68e5b-7ed3-9722-7eeb-586008617a67">
      <Execution id="24f21a80-11ec-4d30-a259-20ac50d9dd1f" />
      <TestMethod codeBase="/home/runner/work/ArchLucid/ArchLucid/ArchLucid.Analyzers.Tests/bin/Release/net10.0/ArchLucid.Analyzers.Tests.dll" adapterTypeName="executor://xunit/VsTestRunner2/netcoreapp" className="ArchLucid.Analyzers.Tests.MissingCancellationTokenAnalyzerTests" name="Does_not_report_when_CancellationToken_is_present" />
    </UnitTest>
    <UnitTest name="ArchLucid.Analyzers.Tests.TenantIdentityBoundaryAnalyzerTests.Reports_ClaimsPrincipal_in_inner_layer_assembly" storage="/home/runner/work/archlucid/archlucid/archlucid.analyzers.tests/bin/release/net10.0/archlucid.analyzers.tests.dll" id="5263105c-2a6f-96aa-c941-7662dc0eaabe">
      <Execution id="aa61f60a-ab58-4213-a09f-82751a7f0be1" />
      <TestMethod codeBase="/home/runner/work/ArchLucid/ArchLucid/ArchLucid.Analyzers.Tests/bin/Release/net10.0/ArchLucid.Analyzers.Tests.dll" adapterTypeName="executor://xunit/VsTestRunner2/netcoreapp" className="ArchLucid.Analyzers.Tests.TenantIdentityBoundaryAnalyzerTests" name="Reports_ClaimsPrincipal_in_inner_layer_assembly" />
    </UnitTest>
    <UnitTest name="ArchLucid.Analyzers.Tests.DirectHttpClientConstructionAnalyzerTests.Does_not_flag_IHttpClientFactory_CreateClient" storage="/home/runner/work/archlucid/archlucid/archlucid.analyzers.tests/bin/release/net10.0/archlucid.analyzers.tests.dll" id="c4e60db8-aa0d-0481-e454-dcec04bc28ec">
      <Execution id="95684f2b-185d-4a86-a166-c23c4a910105" />
      <TestMethod codeBase="/home/runner/work/ArchLucid/ArchLucid/ArchLucid.Analyzers.Tests/bin/Release/net10.0/ArchLucid.Analyzers.Tests.dll" adapterTypeName="executor://xunit/VsTestRunner2/netcoreapp" className="ArchLucid.Analyzers.Tests.DirectHttpClientConstructionAnalyzerTests" name="Does_not_flag_IHttpClientFactory_CreateClient" />
    </UnitTest>
    <UnitTest name="ArchLucid.Analyzers.Tests.MutatingControllerAuditAnalyzerTests.Allowlist_additional_text_suppresses_AL0003" storage="/home/runner/work/archlucid/archlucid/archlucid.analyzers.tests/bin/release/net10.0/archlucid.analyzers.tests.dll" id="bb6565d3-3e29-c4a0-7a33-1cdf141bd475">
      <Execution id="3999ae90-163e-4da2-91d8-a2a91d298681" />
      <TestMethod codeBase="/home/runner/work/ArchLucid/ArchLucid/ArchLucid.Analyzers.Tests/bin/Release/net10.0/ArchLucid.Analyzers.Tests.dll" adapterTypeName="executor://xunit/VsTestRunner2/netcoreapp" className="ArchLucid.Analyzers.Tests.MutatingControllerAuditAnalyzerTests" name="Allowlist_additional_text_suppresses_AL0003" />
    </UnitTest>
    <UnitTest name="ArchLucid.Analyzers.Tests.MissingCancellationTokenAnalyzerTests.Does_not_report_when_suppressed_with_ARCH003" storage="/home/runner/work/archlucid/archlucid/archlucid.analyzers.tests/bin/release/net10.0/archlucid.analyzers.tests.dll" id="e3af9e51-4966-f042-7fd9-05b5684d642b">
      <Execution id="4ad57463-a782-4470-b8f7-49c29fef623d" />
      <TestMethod codeBase="/home/runner/work/ArchLucid/ArchLucid/ArchLucid.Analyzers.Tests/bin/Release/net10.0/ArchLucid.Analyzers.Tests.dll" adapterTypeName="executor://xunit/VsTestRunner2/netcoreapp" className="ArchLucid.Analyzers.Tests.MissingCancellationTokenAnalyzerTests" name="Does_not_report_when_suppressed_with_ARCH003" />
    </UnitTest>
    <UnitTest name="ArchLucid.Analyzers.Tests.DirectHttpClientConstructionAnalyzerTests.Reports_new_HttpClient_in_product_assembly" storage="/home/runner/work/archlucid/archlucid/archlucid.analyzers.tests/bin/release/net10.0/archlucid.analyzers.tests.dll" id="1b87f105-657d-deb2-0f82-7b96a213af50">
      <Execution id="1e6286b6-5e64-4ed3-91b1-c05b0f315d2b" />
      <TestMethod codeBase="/home/runner/work/ArchLucid/ArchLucid/ArchLucid.Analyzers.Tests/bin/Release/net10.0/ArchLucid.Analyzers.Tests.dll" adapterTypeName="executor://xunit/VsTestRunner2/netcoreapp" className="ArchLucid.Analyzers.Tests.DirectHttpClientConstructionAnalyzerTests" name="Reports_new_HttpClient_in_product_assembly" />
    </UnitTest>
    <UnitTest name="ArchLucid.Analyzers.Tests.TenantIdentityBoundaryAnalyzerTests.Does_not_report_when_assembly_is_api_boundary" storage="/home/runner/work/archlucid/archlucid/archlucid.analyzers.tests/bin/release/net10.0/archlucid.analyzers.tests.dll" id="0fcd07fe-efad-1db2-d7b2-a54ecac08f25">
      <Execution id="321a0411-0d6e-44a2-992d-78ca1ef8bcf5" />
      <TestMethod codeBase="/home/runner/work/ArchLucid/ArchLucid/ArchLucid.Analyzers.Tests/bin/Release/net10.0/ArchLucid.Analyzers.Tests.dll" adapterTypeName="executor://xunit/VsTestRunner2/netcoreapp" className="ArchLucid.Analyzers.Tests.TenantIdentityBoundaryAnalyzerTests" name="Does_not_report_when_assembly_is_api_boundary" />
    </UnitTest>
    <UnitTest name="ArchLucid.Analyzers.Tests.RequireAuthorizationAnalyzerTests.Reports_public_action_without_authorization_when_controller_has_none" storage="/home/runner/work/archlucid/archlucid/archlucid.analyzers.tests/bin/release/net10.0/archlucid.analyzers.tests.dll" id="38f9425e-3073-f6b6-deac-b3708c1eed90">
      <Execution id="e243e99e-a214-4ee3-b9b8-9b58b05f4272" />
      <TestMethod codeBase="/home/runner/work/ArchLucid/ArchLucid/ArchLucid.Analyzers.Tests/bin/Release/net10.0/ArchLucid.Analyzers.Tests.dll" adapterTypeName="executor://xunit/VsTestRunner2/netcoreapp" className="ArchLucid.Analyzers.Tests.RequireAuthorizationAnalyzerTests" name="Reports_public_action_without_authorization_when_controller_has_none" />
    </UnitTest>
    <UnitTest name="ArchLucid.Analyzers.Tests.NakedDateTimeAnalyzerTests.Does_not_report_TimeProvider_or_IClock_usage" storage="/home/runner/work/archlucid/archlucid/archlucid.analyzers.tests/bin/release/net10.0/archlucid.analyzers.tests.dll" id="7a58b775-bf37-0bb5-1fdb-11d4f511c0e8">
      <Execution id="e297af3a-7c4b-4a4c-9247-fd4d6393bb68" />
      <TestMethod codeBase="/home/runner/work/ArchLucid/ArchLucid/ArchLucid.Analyzers.Tests/bin/Release/net10.0/ArchLucid.Analyzers.Tests.dll" adapterTypeName="executor://xunit/VsTestRunner2/netcoreapp" className="ArchLucid.Analyzers.Tests.NakedDateTimeAnalyzerTests" name="Does_not_report_TimeProvider_or_IClock_usage" />
    </UnitTest>
    <UnitTest name="ArchLucid.Analyzers.Tests.RequireAuthorizationAnalyzerTests.Reports_controller_when_there_are_no_public_actions" storage="/home/runner/work/archlucid/archlucid/archlucid.analyzers.tests/bin/release/net10.0/archlucid.analyzers.tests.dll" id="617f3262-c2c6-4cb7-8b84-86d816055281">
      <Execution id="15cb5711-a577-4ca5-b6b4-fbe307134699" />
      <TestMethod codeBase="/home/runner/work/ArchLucid/ArchLucid/ArchLucid.Analyzers.Tests/bin/Release/net10.0/ArchLucid.Analyzers.Tests.dll" adapterTypeName="executor://xunit/VsTestRunner2/netcoreapp" className="ArchLucid.Analyzers.Tests.RequireAuthorizationAnalyzerTests" name="Reports_controller_when_there_are_no_public_actions" />
    </UnitTest>
    <UnitTest name="ArchLucid.Analyzers.Tests.RequireAuthorizationAnalyzerTests.Reports_only_action_missing_authorization_when_another_action_is_Authorized" storage="/home/runner/work/archlucid/archlucid/archlucid.analyzers.tests/bin/release/net10.0/archlucid.analyzers.tests.dll" id="b9c82799-b93f-bfea-3f4d-73dc8555c1b9">
      <Execution id="8453c91c-8c68-4e14-8ddb-177758e8dd51" />
      <TestMethod codeBase="/home/runner/work/ArchLucid/ArchLucid/ArchLucid.Analyzers.Tests/bin/Release/net10.0/ArchLucid.Analyzers.Tests.dll" adapterTypeName="executor://xunit/VsTestRunner2/netcoreapp" className="ArchLucid.Analyzers.Tests.RequireAuthorizationAnalyzerTests" name="Reports_only_action_missing_authorization_when_another_action_is_Authorized" />
    </UnitTest>
  </TestDefinitions>
  <TestEntries>
    <TestEntry testId="0150907d-fb11-4ef4-a7c1-4b98104cd72b" executionId="d9dffa43-41f2-47c0-9012-20210ab41878" testListId="8c84fa94-04c1-424b-9868-57a2d4851a1d" />
    <TestEntry testId="017de10f-5cb7-5ebc-fca0-09a1cd4c961f" executionId="505bfbeb-4d26-4b74-a9a9-af4841f4a124" testListId="8c84fa94-04c1-424b-9868-57a2d4851a1d" />
    <TestEntry testId="3a1a7478-c919-e567-e89b-8a0bca5021c3" executionId="0cbe65a2-0881-4bb2-a478-9c25841e4a59" testListId="8c84fa94-04c1-424b-9868-57a2d4851a1d" />
    <TestEntry testId="7defcc72-88b1-d81f-385d-b9d37de67f0b" executionId="ae2e402c-b466-43a1-8f26-6cebcbbb15da" testListId="8c84fa94-04c1-424b-9868-57a2d4851a1d" />
    <TestEntry testId="c95dd49b-5c53-7d1a-0c1e-9a793cc019f3" executionId="b3fd07e8-40f8-4226-a8e0-74eb7e498880" testListId="8c84fa94-04c1-424b-9868-57a2d4851a1d" />
    <TestEntry testId="ca6504f9-6243-836d-bbc2-23fe30f02491" executionId="c8cd1e0c-5de3-4b0e-8a9f-55c0dd8b9b5d" testListId="8c84fa94-04c1-424b-9868-57a2d4851a1d" />
    <TestEntry testId="7a58b775-bf37-0bb5-1fdb-11d4f511c0e8" executionId="e297af3a-7c4b-4a4c-9247-fd4d6393bb68" testListId="8c84fa94-04c1-424b-9868-57a2d4851a1d" />
    <TestEntry testId="0177a049-cc6d-409a-c88c-a6d76259d202" executionId="f84559ba-f57a-438e-be03-daa96469ecbc" testListId="8c84fa94-04c1-424b-9868-57a2d4851a1d" />
    <TestEntry testId="71836061-b337-31f1-fd70-6a0d31f99946" executionId="6b8bd3ca-2b55-4a5e-9363-4b5a54986236" testListId="8c84fa94-04c1-424b-9868-57a2d4851a1d" />
    <TestEntry testId="afdce994-1bad-48d2-1c66-5f246c7e589d" executionId="efb1d875-b6ef-4d1b-b736-10e72e0e1e74" testListId="8c84fa94-04c1-424b-9868-57a2d4851a1d" />
    <TestEntry testId="38f9425e-3073-f6b6-deac-b3708c1eed90" executionId="e243e99e-a214-4ee3-b9b8-9b58b05f4272" testListId="8c84fa94-04c1-424b-9868-57a2d4851a1d" />
    <TestEntry testId="bee68e5b-7ed3-9722-7eeb-586008617a67" executionId="24f21a80-11ec-4d30-a259-20ac50d9dd1f" testListId="8c84fa94-04c1-424b-9868-57a2d4851a1d" />
    <TestEntry testId="1b87f105-657d-deb2-0f82-7b96a213af50" executionId="1e6286b6-5e64-4ed3-91b1-c05b0f315d2b" testListId="8c84fa94-04c1-424b-9868-57a2d4851a1d" />
    <TestEntry testId="0206e6eb-9b76-59b0-5a69-5995ac26b2be" executionId="0481302d-39da-4002-9737-935692ecd830" testListId="8c84fa94-04c1-424b-9868-57a2d4851a1d" />
    <TestEntry testId="0a01f1d0-1855-e6c9-6d5c-533aa0a2c645" executionId="01e5513a-048c-4ae5-9729-091032067ecc" testListId="8c84fa94-04c1-424b-9868-57a2d4851a1d" />
    <TestEntry testId="c4e60db8-aa0d-0481-e454-dcec04bc28ec" executionId="95684f2b-185d-4a86-a166-c23c4a910105" testListId="8c84fa94-04c1-424b-9868-57a2d4851a1d" />
    <TestEntry testId="bb6565d3-3e29-c4a0-7a33-1cdf141bd475" executionId="3999ae90-163e-4da2-91d8-a2a91d298681" testListId="8c84fa94-04c1-424b-9868-57a2d4851a1d" />
    <TestEntry testId="5263105c-2a6f-96aa-c941-7662dc0eaabe" executionId="aa61f60a-ab58-4213-a09f-82751a7f0be1" testListId="8c84fa94-04c1-424b-9868-57a2d4851a1d" />
    <TestEntry testId="ab3db8a6-3c1a-e6e0-4cf2-99e706507ee1" executionId="b395de90-7e1a-4117-a4bb-6c9713e8e2bc" testListId="8c84fa94-04c1-424b-9868-57a2d4851a1d" />
    <TestEntry testId="e3af9e51-4966-f042-7fd9-05b5684d642b" executionId="4ad57463-a782-4470-b8f7-49c29fef623d" testListId="8c84fa94-04c1-424b-9868-57a2d4851a1d" />
    <TestEntry testId="e8a22e2c-0ea0-3b52-6ae7-66002807153c" executionId="4b96f5cb-2330-4064-999d-902eb3359cfd" testListId="8c84fa94-04c1-424b-9868-57a2d4851a1d" />
    <TestEntry testId="f22ab46c-f3ee-aa55-b8d7-d783e7b4c436" executionId="62bbeb67-f281-496f-87c9-416e457458a8" testListId="8c84fa94-04c1-424b-9868-57a2d4851a1d" />
    <TestEntry testId="ae5b0ad7-6fd2-67e9-8fdb-2e05d69ddcc5" executionId="85943c5a-5bf8-4096-9426-b7f5d55e1f0a" testListId="8c84fa94-04c1-424b-9868-57a2d4851a1d" />
    <TestEntry testId="d89eaab2-e809-2fa4-718f-0746f15a05d3" executionId="79111dcc-376d-4c9b-9d56-a6ba0257b52f" testListId="8c84fa94-04c1-424b-9868-57a2d4851a1d" />
    <TestEntry testId="1e4ad11b-06c5-6fe2-4f7e-a24df5b5f759" executionId="b7498d1a-e087-460e-8c13-789e0eec286b" testListId="8c84fa94-04c1-424b-9868-57a2d4851a1d" />
    <TestEntry testId="617f3262-c2c6-4cb7-8b84-86d816055281" executionId="15cb5711-a577-4ca5-b6b4-fbe307134699" testListId="8c84fa94-04c1-424b-9868-57a2d4851a1d" />
    <TestEntry testId="0fcd07fe-efad-1db2-d7b2-a54ecac08f25" executionId="321a0411-0d6e-44a2-992d-78ca1ef8bcf5" testListId="8c84fa94-04c1-424b-9868-57a2d4851a1d" />
    <TestEntry testId="b9c82799-b93f-bfea-3f4d-73dc8555c1b9" executionId="8453c91c-8c68-4e14-8ddb-177758e8dd51" testListId="8c84fa94-04c1-424b-9868-57a2d4851a1d" />
  </TestEntries>
  <TestLists>
    <TestList name="Results Not in a List" id="8c84fa94-04c1-424b-9868-57a2d4851a1d" />
    <TestList name="All Loaded Results" id="19431567-8539-422a-85d7-44ee4e166bda" />
  </TestLists>
  <ResultSummary outcome="Completed">
    <Counters total="28" executed="28" passed="28" failed="0" error="0" timeout="0" aborted="0" inconclusive="0" passedButRunAborted="0" notRunnable="0" notExecuted="0" disconnected="0" warning="0" completed="0" inProgress="0" pending="0" />
    <Output>
      <StdOut>[xUnit.net 00:00:00.00] xUnit.net VSTest Adapter v2.8.2+699d445a1a (64-bit .NET 10.0.8)
[xUnit.net 00:00:00.07]   Discovering: ArchLucid.Analyzers.Tests
[xUnit.net 00:00:00.11]   Discovered:  ArchLucid.Analyzers.Tests
[xUnit.net 00:00:00.12]   Starting:    ArchLucid.Analyzers.Tests
[xUnit.net 00:00:03.71]   Finished:    ArchLucid.Analyzers.Tests
</StdOut>
    </Output>
    <CollectorDataEntries>
      <Collector agentName="runnervm3jyl0" uri="datacollector://microsoft/CoverletCodeCoverage/1.0" collectorDisplayName="XPlat code coverage">
        <UriAttachments>
          <UriAttachment>
            <A href="runnervm3jyl0/coverage.cobertura.xml"></A>
          </UriAttachment>
        </UriAttachments>
      </Collector>
    </CollectorDataEntries>
  </ResultSummary>
</TestRun>